/home/cspl/STM32CubeIDE/workspace_tinyml/FatFs_uSD_TrustZone/NonSecure/FATFS/App/app_fatfs.c:73:9:MX_FATFS_Init	8	static
/home/cspl/STM32CubeIDE/workspace_tinyml/FatFs_uSD_TrustZone/NonSecure/FATFS/App/app_fatfs.c:95:9:MX_FATFS_Process	24	static
/home/cspl/STM32CubeIDE/workspace_tinyml/FatFs_uSD_TrustZone/NonSecure/FATFS/App/app_fatfs.c:154:7:get_fattime	4	static
/home/cspl/STM32CubeIDE/workspace_tinyml/FatFs_uSD_TrustZone/NonSecure/FATFS/App/app_fatfs.c:167:9:FS_FileOperations	336	static
/home/cspl/STM32CubeIDE/workspace_tinyml/FatFs_uSD_TrustZone/NonSecure/FATFS/App/app_fatfs.c:214:9:FS_FileWrite	24	static
/home/cspl/STM32CubeIDE/workspace_tinyml/FatFs_uSD_TrustZone/NonSecure/FATFS/App/app_fatfs.c:262:9:FS_FileRead	24	static
