Archive member included to satisfy reference by file (symbol)

/home/cspl/st/stm32cubeide_1.12.0/plugins/com.st.stm32cube.ide.mcu.externaltools.gnu-tools-for-stm32.10.3-2021.10.linux64_1.0.200.202301161003/tools/bin/../lib/gcc/arm-none-eabi/10.3.1/../../../../arm-none-eabi/lib/thumb/v8-m.main+fp/hard/libc_nano.a(lib_a-errno.o)
                              ./Example/User/syscalls.o (__errno)
/home/cspl/st/stm32cubeide_1.12.0/plugins/com.st.stm32cube.ide.mcu.externaltools.gnu-tools-for-stm32.10.3-2021.10.linux64_1.0.200.202301161003/tools/bin/../lib/gcc/arm-none-eabi/10.3.1/../../../../arm-none-eabi/lib/thumb/v8-m.main+fp/hard/libc_nano.a(lib_a-exit.o)
                              /home/cspl/st/stm32cubeide_1.12.0/plugins/com.st.stm32cube.ide.mcu.externaltools.gnu-tools-for-stm32.10.3-2021.10.linux64_1.0.200.202301161003/tools/bin/../lib/gcc/arm-none-eabi/10.3.1/../../../../arm-none-eabi/lib/thumb/v8-m.main+fp/hard/crt0.o (exit)
/home/cspl/st/stm32cubeide_1.12.0/plugins/com.st.stm32cube.ide.mcu.externaltools.gnu-tools-for-stm32.10.3-2021.10.linux64_1.0.200.202301161003/tools/bin/../lib/gcc/arm-none-eabi/10.3.1/../../../../arm-none-eabi/lib/thumb/v8-m.main+fp/hard/libc_nano.a(lib_a-impure.o)
                              /home/cspl/st/stm32cubeide_1.12.0/plugins/com.st.stm32cube.ide.mcu.externaltools.gnu-tools-for-stm32.10.3-2021.10.linux64_1.0.200.202301161003/tools/bin/../lib/gcc/arm-none-eabi/10.3.1/../../../../arm-none-eabi/lib/thumb/v8-m.main+fp/hard/libc_nano.a(lib_a-exit.o) (_global_impure_ptr)
/home/cspl/st/stm32cubeide_1.12.0/plugins/com.st.stm32cube.ide.mcu.externaltools.gnu-tools-for-stm32.10.3-2021.10.linux64_1.0.200.202301161003/tools/bin/../lib/gcc/arm-none-eabi/10.3.1/../../../../arm-none-eabi/lib/thumb/v8-m.main+fp/hard/libc_nano.a(lib_a-init.o)
                              /home/cspl/st/stm32cubeide_1.12.0/plugins/com.st.stm32cube.ide.mcu.externaltools.gnu-tools-for-stm32.10.3-2021.10.linux64_1.0.200.202301161003/tools/bin/../lib/gcc/arm-none-eabi/10.3.1/../../../../arm-none-eabi/lib/thumb/v8-m.main+fp/hard/crt0.o (__libc_init_array)
/home/cspl/st/stm32cubeide_1.12.0/plugins/com.st.stm32cube.ide.mcu.externaltools.gnu-tools-for-stm32.10.3-2021.10.linux64_1.0.200.202301161003/tools/bin/../lib/gcc/arm-none-eabi/10.3.1/../../../../arm-none-eabi/lib/thumb/v8-m.main+fp/hard/libc_nano.a(lib_a-malloc.o)
                              ./Example/User/main.o (malloc)
/home/cspl/st/stm32cubeide_1.12.0/plugins/com.st.stm32cube.ide.mcu.externaltools.gnu-tools-for-stm32.10.3-2021.10.linux64_1.0.200.202301161003/tools/bin/../lib/gcc/arm-none-eabi/10.3.1/../../../../arm-none-eabi/lib/thumb/v8-m.main+fp/hard/libc_nano.a(lib_a-memcpy-stub.o)
                              ./Example/FATFS/App/app_fatfs.o (memcpy)
/home/cspl/st/stm32cubeide_1.12.0/plugins/com.st.stm32cube.ide.mcu.externaltools.gnu-tools-for-stm32.10.3-2021.10.linux64_1.0.200.202301161003/tools/bin/../lib/gcc/arm-none-eabi/10.3.1/../../../../arm-none-eabi/lib/thumb/v8-m.main+fp/hard/libc_nano.a(lib_a-memset.o)
                              /home/cspl/st/stm32cubeide_1.12.0/plugins/com.st.stm32cube.ide.mcu.externaltools.gnu-tools-for-stm32.10.3-2021.10.linux64_1.0.200.202301161003/tools/bin/../lib/gcc/arm-none-eabi/10.3.1/../../../../arm-none-eabi/lib/thumb/v8-m.main+fp/hard/crt0.o (memset)
/home/cspl/st/stm32cubeide_1.12.0/plugins/com.st.stm32cube.ide.mcu.externaltools.gnu-tools-for-stm32.10.3-2021.10.linux64_1.0.200.202301161003/tools/bin/../lib/gcc/arm-none-eabi/10.3.1/../../../../arm-none-eabi/lib/thumb/v8-m.main+fp/hard/libc_nano.a(lib_a-nano-freer.o)
                              /home/cspl/st/stm32cubeide_1.12.0/plugins/com.st.stm32cube.ide.mcu.externaltools.gnu-tools-for-stm32.10.3-2021.10.linux64_1.0.200.202301161003/tools/bin/../lib/gcc/arm-none-eabi/10.3.1/../../../../arm-none-eabi/lib/thumb/v8-m.main+fp/hard/libc_nano.a(lib_a-malloc.o) (_free_r)
/home/cspl/st/stm32cubeide_1.12.0/plugins/com.st.stm32cube.ide.mcu.externaltools.gnu-tools-for-stm32.10.3-2021.10.linux64_1.0.200.202301161003/tools/bin/../lib/gcc/arm-none-eabi/10.3.1/../../../../arm-none-eabi/lib/thumb/v8-m.main+fp/hard/libc_nano.a(lib_a-nano-mallocr.o)
                              /home/cspl/st/stm32cubeide_1.12.0/plugins/com.st.stm32cube.ide.mcu.externaltools.gnu-tools-for-stm32.10.3-2021.10.linux64_1.0.200.202301161003/tools/bin/../lib/gcc/arm-none-eabi/10.3.1/../../../../arm-none-eabi/lib/thumb/v8-m.main+fp/hard/libc_nano.a(lib_a-malloc.o) (_malloc_r)
/home/cspl/st/stm32cubeide_1.12.0/plugins/com.st.stm32cube.ide.mcu.externaltools.gnu-tools-for-stm32.10.3-2021.10.linux64_1.0.200.202301161003/tools/bin/../lib/gcc/arm-none-eabi/10.3.1/../../../../arm-none-eabi/lib/thumb/v8-m.main+fp/hard/libc_nano.a(lib_a-sbrkr.o)
[...]
Memory Configuration

Name             Origin             Length             Attributes
RAM              0x0000000030000000 0x0000000000018000 xrw
ROM              0x000000000c000000 0x000000000003e000 xr
ROM_NSC          0x000000000c03e000 0x0000000000002000 xr
*default*        0x0000000000000000 0xffffffffffffffff

Linker script and memory map

LOAD /home/cspl/st/stm32cubeide_1.12.0/plugins/com.st.stm32cube.ide.mcu.externaltools.gnu-tools-for-stm32.10.3-2021.10.linux64_1.0.200.202301161003/tools/bin/../lib/gcc/arm-none-eabi/10.3.1/thumb/v8-m.main+fp/hard/crti.o
LOAD /home/cspl/st/stm32cubeide_1.12.0/plugins/com.st.stm32cube.ide.mcu.externaltools.gnu-tools-for-stm32.10.3-2021.10.linux64_1.0.200.202301161003/tools/bin/../lib/gcc/arm-none-eabi/10.3.1/thumb/v8-m.main+fp/hard/crtbegin.o
LOAD /home/cspl/st/stm32cubeide_1.12.0/plugins/com.st.stm32cube.ide.mcu.externaltools.gnu-tools-for-stm32.10.3-2021.10.linux64_1.0.200.202301161003/tools/bin/../lib/gcc/arm-none-eabi/10.3.1/../../../../arm-none-eabi/lib/thumb/v8-m.main+fp/hard/crt0.o
LOAD ./Drivers/BSP/Components/mfxstm32l152.o
LOAD ./Drivers/BSP/STM32L562E-DK/stm32l562e_discovery.o
LOAD ./Drivers/BSP/STM32L562E-DK/stm32l562e_discovery_bus.o
LOAD ./Drivers/BSP/STM32L562E-DK/stm32l562e_discovery_sd.o
LOAD ./Drivers/CMSIS/system_stm32l5xx_s.o
LOAD ./Drivers/STM32L5xx_HAL_Driver/stm32l5xx_hal.o
LOAD ./Drivers/STM32L5xx_HAL_Driver/stm32l5xx_hal_cortex.o
LOAD ./Drivers/STM32L5xx_HAL_Driver/stm32l5xx_hal_dma.o
LOAD ./Drivers/STM32L5xx_HAL_Driver/stm32l5xx_hal_dma_ex.o
LOAD ./Drivers/STM32L5xx_HAL_Driver/stm32l5xx_hal_exti.o
LOAD ./Drivers/STM32L5xx_HAL_Driver/stm32l5xx_hal_gpio.o
LOAD ./Drivers/STM32L5xx_HAL_Driver/stm32l5xx_hal_gtzc.o
LOAD ./Drivers/STM32L5xx_HAL_Driver/stm32l5xx_hal_icache.o
LOAD ./Drivers/STM32L5xx_HAL_Driver/stm32l5xx_hal_pwr.o
LOAD ./Drivers/STM32L5xx_HAL_Driver/stm32l5xx_hal_pwr_ex.o
LOAD ./Drivers/STM32L5xx_HAL_Driver/stm32l5xx_hal_rcc.o
LOAD ./Drivers/STM32L5xx_HAL_Driver/stm32l5xx_hal_rcc_ex.o
LOAD ./Drivers/STM32L5xx_HAL_Driver/stm32l5xx_hal_sd.o
LOAD ./Drivers/STM32L5xx_HAL_Driver/stm32l5xx_hal_sd_ex.o
LOAD ./Drivers/STM32L5xx_HAL_Driver/stm32l5xx_hal_sram.o
LOAD ./Drivers/STM32L5xx_HAL_Driver/stm32l5xx_hal_tim.o
LOAD ./Drivers/STM32L5xx_HAL_Driver/stm32l5xx_hal_tim_ex.o
LOAD ./Drivers/STM32L5xx_HAL_Driver/stm32l5xx_hal_uart.o
LOAD ./Drivers/STM32L5xx_HAL_Driver/stm32l5xx_hal_uart_ex.o
LOAD ./Drivers/STM32L5xx_HAL_Driver/stm32l5xx_ll_fmc.o
LOAD ./Drivers/STM32L5xx_HAL_Driver/stm32l5xx_ll_sdmmc.o
LOAD ./Example/FATFS/App/app_fatfs.o
LOAD ./Example/FATFS/Target/sd_diskio.o
LOAD ./Example/Startup/startup_stm32l562qeixq.o
LOAD ./Example/User/main.o
LOAD ./Example/User/secure_nsc.o
LOAD ./Example/User/stm32l5xx_hal_msp.o
LOAD ./Example/User/stm32l5xx_it.o
LOAD ./Example/User/syscalls.o
LOAD ./Example/User/sysmem.o
LOAD ./Middlewares/FatFs/Core/diskio.o
LOAD ./Middlewares/FatFs/Core/ff.o
LOAD ./Middlewares/FatFs/Core/ff_gen_drv.o
LOAD ./Middlewares/FatFs/Options/syscall.o
LOAD ./Middlewares/FatFs/Options/unicode.o
START GROUP
LOAD /home/cspl/st/stm32cubeide_1.12.0/plugins/com.st.stm32cube.ide.mcu.externaltools.gnu-tools-for-stm32.10.3-2021.10.linux64_1.0.200.202301161003/tools/bin/../lib/gcc/arm-none-eabi/10.3.1/../../../../arm-none-eabi/lib/thumb/v8-m.main+fp/hard/libc_nano.a
LOAD /home/cspl/st/stm32cubeide_1.12.0/plugins/com.st.stm32cube.ide.mcu.externaltools.gnu-tools-for-stm32.10.3-2021.10.linux64_1.0.200.202301161003/tools/bin/../lib/gcc/arm-none-eabi/10.3.1/../../../../arm-none-eabi/lib/thumb/v8-m.main+fp/hard/libm.a
END GROUP
START GROUP
LOAD /home/cspl/st/stm32cubeide_1.12.0/plugins/com.st.stm32cube.ide.mcu.externaltools.gnu-tools-for-stm32.10.3-2021.10.linux64_1.0.200.202301161003/tools/bin/../lib/gcc/arm-none-eabi/10.3.1/thumb/v8-m.main+fp/hard/libgcc.a
LOAD /home/cspl/st/stm32cubeide_1.12.0/plugins/com.st.stm32cube.ide.mcu.externaltools.gnu-tools-for-stm32.10.3-2021.10.linux64_1.0.200.202301161003/tools/bin/../lib/gcc/arm-none-eabi/10.3.1/../../../../arm-none-eabi/lib/thumb/v8-m.main+fp/hard/libc_nano.a
END GROUP
START GROUP
LOAD /home/cspl/st/stm32cubeide_1.12.0/plugins/com.st.stm32cube.ide.mcu.externaltools.gnu-tools-for-stm32.10.3-2021.10.linux64_1.0.200.202301161003/tools/bin/../lib/gcc/arm-none-eabi/10.3.1/thumb/v8-m.main+fp/hard/libgcc.a
LOAD /home/cspl/st/stm32cubeide_1.12.0/plugins/com.st.stm32cube.ide.mcu.externaltools.gnu-tools-for-stm32.10.3-2021.10.linux64_1.0.200.202301161003/tools/bin/../lib/gcc/arm-none-eabi/10.3.1/../../../../arm-none-eabi/lib/thumb/v8-m.main+fp/hard/libc_nano.a
LOAD /home/cspl/st/stm32cubeide_1.12.0/plugins/com.st.stm32cube.ide.mcu.externaltools.gnu-tools-for-stm32.10.3-2021.10.linux64_1.0.200.202301161003/tools/bin/../lib/gcc/arm-none-eabi/10.3.1/../../../../arm-none-eabi/lib/thumb/v8-m.main+fp/hard/libnosys.a
END GROUP
START GROUP
LOAD /home/cspl/st/stm32cubeide_1.12.0/plugins/com.st.stm32cube.ide.mcu.externaltools.gnu-tools-for-stm32.10.3-2021.10.linux64_1.0.200.202301161003/tools/bin/../lib/gcc/arm-none-eabi/10.3.1/thumb/v8-m.main+fp/hard/libgcc.a
LOAD /home/cspl/st/stm32cubeide_1.12.0/plugins/com.st.stm32cube.ide.mcu.externaltools.gnu-tools-for-stm32.10.3-2021.10.linux64_1.0.200.202301161003/tools/bin/../lib/gcc/arm-none-eabi/10.3.1/../../../../arm-none-eabi/lib/thumb/v8-m.main+fp/hard/libc_nano.a
LOAD /home/cspl/st/stm32cubeide_1.12.0/plugins/com.st.stm32cube.ide.mcu.externaltools.gnu-tools-for-stm32.10.3-2021.10.linux64_1.0.200.202301161003/tools/bin/../lib/gcc/arm-none-eabi/10.3.1/../../../../arm-none-eabi/lib/thumb/v8-m.main+fp/hard/libnosys.a
END GROUP
LOAD /home/cspl/st/stm32cubeide_1.12.0/plugins/com.st.stm32cube.ide.mcu.externaltools.gnu-tools-for-stm32.10.3-2021.10.linux64_1.0.200.202301161003/tools/bin/../lib/gcc/arm-none-eabi/10.3.1/thumb/v8-m.main+fp/hard/crtend.o
LOAD /home/cspl/st/stm32cubeide_1.12.0/plugins/com.st.stm32cube.ide.mcu.externaltools.gnu-tools-for-stm32.10.3-2021.10.linux64_1.0.200.202301161003/tools/bin/../lib/gcc/arm-none-eabi/10.3.1/thumb/v8-m.main+fp/hard/crtn.o
                0x0000000030018000                _estack = (ORIGIN (RAM) + LENGTH (RAM))
                0x0000000000001000                _Min_Heap_Size = 0x1000
                0x0000000000002000                _Min_Stack_Size = 0x2000

.isr_vector     0x000000000c000000      0x1f8
                0x000000000c000000                . = ALIGN (0x8)
 *(.isr_vector)
 .isr_vector    0x000000000c000000      0x1f4 ./Example/Startup/startup_stm32l562qeixq.o
                0x000000000c000000                g_pfnVectors
                0x000000000c0001f8                . = ALIGN (0x8)
 *fill*         0x000000000c0001f4        0x4 

.text           0x000000000c0001f8     0xb800
                0x000000000c0001f8                . = ALIGN (0x8)
 *(.text)
 .text          0x000000000c0001f8       0x40 /home/cspl/st/stm32cubeide_1.12.0/plugins/com.st.stm32cube.ide.mcu.externaltools.gnu-tools-for-stm32.10.3-2021.10.linux64_1.0.200.202301161003/tools/bin/../lib/gcc/arm-none-eabi/10.3.1/thumb/v8-m.main+fp/hard/crtbegin.o
 .text          0x000000000c000238       0x5c /home/cspl/st/stm32cubeide_1.12.0/plugins/com.st.stm32cube.ide.mcu.externaltools.gnu-tools-for-stm32.10.3-2021.10.linux64_1.0.200.202301161003/tools/bin/../lib/gcc/arm-none-eabi/10.3.1/thumb/v8-m.main+fp/hard/libgcc.a(cmse_nonsecure_call.o)
                0x000000000c000238                __gnu_cmse_nonsecure_call
 *(.text*)
 .text.BSP_SD_Init
                0x000000000c000294       0xd0 ./Drivers/BSP/STM32L562E-DK/stm32l562e_discovery_sd.o
                0x000000000c000294                BSP_SD_Init
 .text.MX_SDMMC1_SD_Init
                0x000000000c000364       0x54 ./Drivers/BSP/STM32L562E-DK/stm32l562e_discovery_sd.o
                0x000000000c000364                MX_SDMMC1_SD_Init
 .text.BSP_SD_IsDetected
                0x000000000c0003b8       0x54 ./Drivers/BSP/STM32L562E-DK/stm32l562e_discovery_sd.o
                0x000000000c0003b8                BSP_SD_IsDetected
 .text.BSP_SD_ReadBlocks
                0x000000000c00040c       0x64 ./Drivers/BSP/STM32L562E-DK/stm32l562e_discovery_sd.o
                0x000000000c00040c                BSP_SD_ReadBlocks
 .text.BSP_SD_WriteBlocks
                0x000000000c000470       0x64 ./Drivers/BSP/STM32L562E-DK/stm32l562e_discovery_sd.o
                0x000000000c000470                BSP_SD_WriteBlocks
 .text.BSP_SD_GetCardState
                0x000000000c0004d4       0x48 ./Drivers/BSP/STM32L562E-DK/stm32l562e_discovery_sd.o
                0x000000000c0004d4                BSP_SD_GetCardState
 .text.BSP_SD_GetCardInfo
                0x000000000c00051c       0x50 ./Drivers/BSP/STM32L562E-DK/stm32l562e_discovery_sd.o
                0x000000000c00051c                BSP_SD_GetCardInfo
 .text.SD_MspInit
                0x000000000c00056c      0x144 ./Drivers/BSP/STM32L562E-DK/stm32l562e_discovery_sd.o
 .text.TZ_SAU_Setup
                0x000000000c0006b0       0xfc ./Drivers/CMSIS/system_stm32l5xx_s.o
 .text.SystemInit
                0x000000000c0007ac       0x34 ./Drivers/CMSIS/system_stm32l5xx_s.o
                0x000000000c0007ac                SystemInit
 .text.SystemCoreClockUpdate
                0x000000000c0007e0      0x158 ./Drivers/CMSIS/system_stm32l5xx_s.o
                0x000000000c0007e0                SystemCoreClockUpdate
 .text.SECURE_SystemCoreClockUpdate
                0x000000000c000938       0x80 ./Drivers/CMSIS/system_stm32l5xx_s.o
                0x000000000c000938                __acle_se_SECURE_SystemCoreClockUpdate
 .text.HAL_Init
                0x000000000c0009b8       0x34 ./Drivers/STM32L5xx_HAL_Driver/stm32l5xx_hal.o
                0x000000000c0009b8                HAL_Init
 .text.HAL_InitTick
                0x000000000c0009ec       0x78 ./Drivers/STM32L5xx_HAL_Driver/stm32l5xx_hal.o
                0x000000000c0009ec                HAL_InitTick
 .text.HAL_IncTick
                0x000000000c000a64       0x28 ./Drivers/STM32L5xx_HAL_Driver/stm32l5xx_hal.o
                0x000000000c000a64                HAL_IncTick
 .text.HAL_GetTick
                0x000000000c000a8c       0x18 ./Drivers/STM32L5xx_HAL_Driver/stm32l5xx_hal.o
                0x000000000c000a8c                HAL_GetTick
 .text.HAL_Delay
                0x000000000c000aa4       0x48 ./Drivers/STM32L5xx_HAL_Driver/stm32l5xx_hal.o
                0x000000000c000aa4                HAL_Delay
 .text.__NVIC_SetPriorityGrouping
                0x000000000c000aec       0x48 ./Drivers/STM32L5xx_HAL_Driver/stm32l5xx_hal_cortex.o
 .text.__NVIC_GetPriorityGrouping
                0x000000000c000b34       0x1c ./Drivers/STM32L5xx_HAL_Driver/stm32l5xx_hal_cortex.o
 .text.__NVIC_EnableIRQ
                0x000000000c000b50       0x3c ./Drivers/STM32L5xx_HAL_Driver/stm32l5xx_hal_cortex.o
 .text.__NVIC_ClearPendingIRQ
                0x000000000c000b8c       0x3c ./Drivers/STM32L5xx_HAL_Driver/stm32l5xx_hal_cortex.o
 .text.__NVIC_SetPriority
                0x000000000c000bc8       0x54 ./Drivers/STM32L5xx_HAL_Driver/stm32l5xx_hal_cortex.o
 .text.NVIC_EncodePriority
                0x000000000c000c1c       0x66 ./Drivers/STM32L5xx_HAL_Driver/stm32l5xx_hal_cortex.o
 *fill*         0x000000000c000c82        0x2 
 .text.SysTick_Config
                0x000000000c000c84       0x44 ./Drivers/STM32L5xx_HAL_Driver/stm32l5xx_hal_cortex.o
 .text.HAL_NVIC_SetPriorityGrouping
                0x000000000c000cc8       0x16 ./Drivers/STM32L5xx_HAL_Driver/stm32l5xx_hal_cortex.o
                0x000000000c000cc8                HAL_NVIC_SetPriorityGrouping
 .text.HAL_NVIC_SetPriority
                0x000000000c000cde       0x34 ./Drivers/STM32L5xx_HAL_Driver/stm32l5xx_hal_cortex.o
                0x000000000c000cde                HAL_NVIC_SetPriority
 .text.HAL_NVIC_EnableIRQ
                0x000000000c000d12       0x1c ./Drivers/STM32L5xx_HAL_Driver/stm32l5xx_hal_cortex.o
                0x000000000c000d12                HAL_NVIC_EnableIRQ
 .text.HAL_SYSTICK_Config
                0x000000000c000d2e       0x18 ./Drivers/STM32L5xx_HAL_Driver/stm32l5xx_hal_cortex.o
                0x000000000c000d2e                HAL_SYSTICK_Config
 .text.HAL_NVIC_ClearPendingIRQ
                0x000000000c000d46       0x1c ./Drivers/STM32L5xx_HAL_Driver/stm32l5xx_hal_cortex.o
                0x000000000c000d46                HAL_NVIC_ClearPendingIRQ
 *fill*         0x000000000c000d62        0x2 
 .text.HAL_GPIO_Init
                0x000000000c000d64      0x300 ./Drivers/STM32L5xx_HAL_Driver/stm32l5xx_hal_gpio.o
                0x000000000c000d64                HAL_GPIO_Init
 .text.HAL_GPIO_ReadPin
                0x000000000c001064       0x30 ./Drivers/STM32L5xx_HAL_Driver/stm32l5xx_hal_gpio.o
                0x000000000c001064                HAL_GPIO_ReadPin
 .text.HAL_GPIO_ConfigPinAttributes
                0x000000000c001094       0x70 ./Drivers/STM32L5xx_HAL_Driver/stm32l5xx_hal_gpio.o
                0x000000000c001094                HAL_GPIO_ConfigPinAttributes
 .text.HAL_GTZC_MPCBB_ConfigMem
                0x000000000c001104      0x108 ./Drivers/STM32L5xx_HAL_Driver/stm32l5xx_hal_gtzc.o
                0x000000000c001104                HAL_GTZC_MPCBB_ConfigMem
 .text.HAL_GTZC_TZIC_EnableIT
                0x000000000c00120c       0x94 ./Drivers/STM32L5xx_HAL_Driver/stm32l5xx_hal_gtzc.o
                0x000000000c00120c                HAL_GTZC_TZIC_EnableIT
 .text.HAL_GTZC_TZIC_ClearFlag
                0x000000000c0012a0       0x94 ./Drivers/STM32L5xx_HAL_Driver/stm32l5xx_hal_gtzc.o
                0x000000000c0012a0                HAL_GTZC_TZIC_ClearFlag
 .text.HAL_GTZC_IRQHandler
                0x000000000c001334      0x108 ./Drivers/STM32L5xx_HAL_Driver/stm32l5xx_hal_gtzc.o
                0x000000000c001334                HAL_GTZC_IRQHandler
 .text.HAL_GTZC_TZIC_Callback
                0x000000000c00143c       0x14 ./Drivers/STM32L5xx_HAL_Driver/stm32l5xx_hal_gtzc.o
                0x000000000c00143c                HAL_GTZC_TZIC_Callback
 .text.HAL_ICACHE_Enable
                0x000000000c001450       0x20 ./Drivers/STM32L5xx_HAL_Driver/stm32l5xx_hal_icache.o
                0x000000000c001450                HAL_ICACHE_Enable
 .text.HAL_PWREx_GetVoltageRange
                0x000000000c001470       0x1c ./Drivers/STM32L5xx_HAL_Driver/stm32l5xx_hal_pwr_ex.o
                0x000000000c001470                HAL_PWREx_GetVoltageRange
 .text.HAL_PWREx_ControlVoltageScaling
                0x000000000c00148c       0xb8 ./Drivers/STM32L5xx_HAL_Driver/stm32l5xx_hal_pwr_ex.o
                0x000000000c00148c                HAL_PWREx_ControlVoltageScaling
 .text.HAL_PWREx_DisableUCPDDeadBattery
                0x000000000c001544       0x20 ./Drivers/STM32L5xx_HAL_Driver/stm32l5xx_hal_pwr_ex.o
                0x000000000c001544                HAL_PWREx_DisableUCPDDeadBattery
 .text.HAL_PWREx_SMPS_GetEffectiveMode
                0x000000000c001564       0x48 ./Drivers/STM32L5xx_HAL_Driver/stm32l5xx_hal_pwr_ex.o
                0x000000000c001564                HAL_PWREx_SMPS_GetEffectiveMode
 .text.HAL_RCC_OscConfig
                0x000000000c0015ac      0x9ac ./Drivers/STM32L5xx_HAL_Driver/stm32l5xx_hal_rcc.o
                0x000000000c0015ac                HAL_RCC_OscConfig
 .text.HAL_RCC_ClockConfig
                0x000000000c001f58      0x270 ./Drivers/STM32L5xx_HAL_Driver/stm32l5xx_hal_rcc.o
                0x000000000c001f58                HAL_RCC_ClockConfig
 .text.HAL_RCC_GetSysClockFreq
                0x000000000c0021c8      0x138 ./Drivers/STM32L5xx_HAL_Driver/stm32l5xx_hal_rcc.o
                0x000000000c0021c8                HAL_RCC_GetSysClockFreq
 .text.HAL_RCC_GetHCLKFreq
                0x000000000c002300       0x28 ./Drivers/STM32L5xx_HAL_Driver/stm32l5xx_hal_rcc.o
                0x000000000c002300                HAL_RCC_GetHCLKFreq
 .text.HAL_RCC_GetPCLK1Freq
                0x000000000c002328       0x28 ./Drivers/STM32L5xx_HAL_Driver/stm32l5xx_hal_rcc.o
                0x000000000c002328                HAL_RCC_GetPCLK1Freq
 .text.HAL_RCC_GetPCLK2Freq
                0x000000000c002350       0x28 ./Drivers/STM32L5xx_HAL_Driver/stm32l5xx_hal_rcc.o
                0x000000000c002350                HAL_RCC_GetPCLK2Freq
 .text.HAL_RCC_GetOscConfig
                0x000000000c002378      0x1dc ./Drivers/STM32L5xx_HAL_Driver/stm32l5xx_hal_rcc.o
                0x000000000c002378                HAL_RCC_GetOscConfig
 .text.RCC_SetFlashLatencyFromMSIRange
                0x000000000c002554       0xc8 ./Drivers/STM32L5xx_HAL_Driver/stm32l5xx_hal_rcc.o
 .text.RCC_GetSysClockFreqFromPLLSource
                0x000000000c00261c       0xd8 ./Drivers/STM32L5xx_HAL_Driver/stm32l5xx_hal_rcc.o
 .text.HAL_RCCEx_PeriphCLKConfig
                0x000000000c0026f4      0x708 ./Drivers/STM32L5xx_HAL_Driver/stm32l5xx_hal_rcc_ex.o
                0x000000000c0026f4                HAL_RCCEx_PeriphCLKConfig
 .text.HAL_RCCEx_GetPeriphCLKFreq
                0x000000000c002dfc      0xf3c ./Drivers/STM32L5xx_HAL_Driver/stm32l5xx_hal_rcc_ex.o
                0x000000000c002dfc                HAL_RCCEx_GetPeriphCLKFreq
 .text.RCCEx_PLLSAI1_Config
                0x000000000c003d38      0x1cc ./Drivers/STM32L5xx_HAL_Driver/stm32l5xx_hal_rcc_ex.o
 .text.RCCEx_PLLSAI2_Config
                0x000000000c003f04      0x158 ./Drivers/STM32L5xx_HAL_Driver/stm32l5xx_hal_rcc_ex.o
 .text.RCCEx_PLLSAI1_GetVCOFreq
                0x000000000c00405c       0xb0 ./Drivers/STM32L5xx_HAL_Driver/stm32l5xx_hal_rcc_ex.o
 .text.RCCEx_PLLSAI2_GetVCOFreq
                0x000000000c00410c       0xb0 ./Drivers/STM32L5xx_HAL_Driver/stm32l5xx_hal_rcc_ex.o
 .text.RCCEx_GetSAIxPeriphCLKFreq
                0x000000000c0041bc      0x200 ./Drivers/STM32L5xx_HAL_Driver/stm32l5xx_hal_rcc_ex.o
 .text.HAL_SD_Init
                0x000000000c0043bc      0x106 ./Drivers/STM32L5xx_HAL_Driver/stm32l5xx_hal_sd.o
                0x000000000c0043bc                HAL_SD_Init
 *fill*         0x000000000c0044c2        0x2 
 .text.HAL_SD_InitCard
                0x000000000c0044c4      0x128 ./Drivers/STM32L5xx_HAL_Driver/stm32l5xx_hal_sd.o
                0x000000000c0044c4                HAL_SD_InitCard
 .text.HAL_SD_MspInit
                0x000000000c0045ec       0x14 ./Drivers/STM32L5xx_HAL_Driver/stm32l5xx_hal_sd.o
                0x000000000c0045ec                HAL_SD_MspInit
 .text.HAL_SD_ReadBlocks
                0x000000000c004600      0x314 ./Drivers/STM32L5xx_HAL_Driver/stm32l5xx_hal_sd.o
                0x000000000c004600                HAL_SD_ReadBlocks
 .text.HAL_SD_WriteBlocks
                0x000000000c004914      0x31c ./Drivers/STM32L5xx_HAL_Driver/stm32l5xx_hal_sd.o
                0x000000000c004914                HAL_SD_WriteBlocks
 .text.HAL_SD_GetCardCSD
                0x000000000c004c30      0x348 ./Drivers/STM32L5xx_HAL_Driver/stm32l5xx_hal_sd.o
                0x000000000c004c30                HAL_SD_GetCardCSD
 .text.HAL_SD_GetCardStatus
                0x000000000c004f78      0x17c ./Drivers/STM32L5xx_HAL_Driver/stm32l5xx_hal_sd.o
                0x000000000c004f78                HAL_SD_GetCardStatus
 .text.HAL_SD_GetCardInfo
                0x000000000c0050f4       0x58 ./Drivers/STM32L5xx_HAL_Driver/stm32l5xx_hal_sd.o
                0x000000000c0050f4                HAL_SD_GetCardInfo
 .text.HAL_SD_ConfigWideBusOperation
                0x000000000c00514c      0x220 ./Drivers/STM32L5xx_HAL_Driver/stm32l5xx_hal_sd.o
                0x000000000c00514c                HAL_SD_ConfigWideBusOperation
 .text.HAL_SD_GetCardState
                0x000000000c00536c       0x40 ./Drivers/STM32L5xx_HAL_Driver/stm32l5xx_hal_sd.o
                0x000000000c00536c                HAL_SD_GetCardState
 .text.SD_InitCard
                0x000000000c0053ac      0x19c ./Drivers/STM32L5xx_HAL_Driver/stm32l5xx_hal_sd.o
 .text.SD_PowerON
                0x000000000c005548      0x11c ./Drivers/STM32L5xx_HAL_Driver/stm32l5xx_hal_sd.o
 .text.SD_SendSDStatus
                0x000000000c005664      0x1a0 ./Drivers/STM32L5xx_HAL_Driver/stm32l5xx_hal_sd.o
 .text.SD_SendStatus
                0x000000000c005804       0x50 ./Drivers/STM32L5xx_HAL_Driver/stm32l5xx_hal_sd.o
 .text.SD_WideBus_Enable
                0x000000000c005854       0x96 ./Drivers/STM32L5xx_HAL_Driver/stm32l5xx_hal_sd.o
 .text.SD_WideBus_Disable
                0x000000000c0058ea       0x96 ./Drivers/STM32L5xx_HAL_Driver/stm32l5xx_hal_sd.o
 .text.SD_FindSCR
                0x000000000c005980      0x1a0 ./Drivers/STM32L5xx_HAL_Driver/stm32l5xx_hal_sd.o
 .text.HAL_TIM_Base_Init
                0x000000000c005b20       0xae ./Drivers/STM32L5xx_HAL_Driver/stm32l5xx_hal_tim.o
                0x000000000c005b20                HAL_TIM_Base_Init
 *fill*         0x000000000c005bce        0x2 
 .text.HAL_TIM_Base_Start_IT
                0x000000000c005bd0       0xe0 ./Drivers/STM32L5xx_HAL_Driver/stm32l5xx_hal_tim.o
                0x000000000c005bd0                HAL_TIM_Base_Start_IT
 .text.HAL_TIM_IRQHandler
                0x000000000c005cb0      0x23e ./Drivers/STM32L5xx_HAL_Driver/stm32l5xx_hal_tim.o
                0x000000000c005cb0                HAL_TIM_IRQHandler
 .text.HAL_TIM_OC_DelayElapsedCallback
                0x000000000c005eee       0x14 ./Drivers/STM32L5xx_HAL_Driver/stm32l5xx_hal_tim.o
                0x000000000c005eee                HAL_TIM_OC_DelayElapsedCallback
 .text.HAL_TIM_IC_CaptureCallback
                0x000000000c005f02       0x14 ./Drivers/STM32L5xx_HAL_Driver/stm32l5xx_hal_tim.o
                0x000000000c005f02                HAL_TIM_IC_CaptureCallback
 .text.HAL_TIM_PWM_PulseFinishedCallback
                0x000000000c005f16       0x14 ./Drivers/STM32L5xx_HAL_Driver/stm32l5xx_hal_tim.o
                0x000000000c005f16                HAL_TIM_PWM_PulseFinishedCallback
 .text.HAL_TIM_TriggerCallback
                0x000000000c005f2a       0x14 ./Drivers/STM32L5xx_HAL_Driver/stm32l5xx_hal_tim.o
                0x000000000c005f2a                HAL_TIM_TriggerCallback
 *fill*         0x000000000c005f3e        0x2 
 .text.TIM_Base_SetConfig
                0x000000000c005f40      0x134 ./Drivers/STM32L5xx_HAL_Driver/stm32l5xx_hal_tim.o
                0x000000000c005f40                TIM_Base_SetConfig
 .text.HAL_TIMEx_CommutCallback
                0x000000000c006074       0x14 ./Drivers/STM32L5xx_HAL_Driver/stm32l5xx_hal_tim_ex.o
                0x000000000c006074                HAL_TIMEx_CommutCallback
 .text.HAL_TIMEx_BreakCallback
                0x000000000c006088       0x14 ./Drivers/STM32L5xx_HAL_Driver/stm32l5xx_hal_tim_ex.o
                0x000000000c006088                HAL_TIMEx_BreakCallback
 .text.HAL_TIMEx_Break2Callback
                0x000000000c00609c       0x14 ./Drivers/STM32L5xx_HAL_Driver/stm32l5xx_hal_tim_ex.o
                0x000000000c00609c                HAL_TIMEx_Break2Callback
 .text.SDMMC_Init
                0x000000000c0060b0       0x54 ./Drivers/STM32L5xx_HAL_Driver/stm32l5xx_ll_sdmmc.o
                0x000000000c0060b0                SDMMC_Init
 .text.SDMMC_ReadFIFO
                0x000000000c006104       0x1a ./Drivers/STM32L5xx_HAL_Driver/stm32l5xx_ll_sdmmc.o
                0x000000000c006104                SDMMC_ReadFIFO
 .text.SDMMC_WriteFIFO
                0x000000000c00611e       0x22 ./Drivers/STM32L5xx_HAL_Driver/stm32l5xx_ll_sdmmc.o
                0x000000000c00611e                SDMMC_WriteFIFO
 .text.SDMMC_PowerState_ON
                0x000000000c006140       0x22 ./Drivers/STM32L5xx_HAL_Driver/stm32l5xx_ll_sdmmc.o
                0x000000000c006140                SDMMC_PowerState_ON
 .text.SDMMC_GetPowerState
                0x000000000c006162       0x1c ./Drivers/STM32L5xx_HAL_Driver/stm32l5xx_ll_sdmmc.o
                0x000000000c006162                SDMMC_GetPowerState
 *fill*         0x000000000c00617e        0x2 
 .text.SDMMC_SendCommand
                0x000000000c006180       0x54 ./Drivers/STM32L5xx_HAL_Driver/stm32l5xx_ll_sdmmc.o
                0x000000000c006180                SDMMC_SendCommand
 .text.SDMMC_GetCommandResponse
                0x000000000c0061d4       0x1a ./Drivers/STM32L5xx_HAL_Driver/stm32l5xx_ll_sdmmc.o
                0x000000000c0061d4                SDMMC_GetCommandResponse
 .text.SDMMC_GetResponse
                0x000000000c0061ee       0x26 ./Drivers/STM32L5xx_HAL_Driver/stm32l5xx_ll_sdmmc.o
                0x000000000c0061ee                SDMMC_GetResponse
 .text.SDMMC_ConfigData
                0x000000000c006214       0x58 ./Drivers/STM32L5xx_HAL_Driver/stm32l5xx_ll_sdmmc.o
                0x000000000c006214                SDMMC_ConfigData
 .text.SDMMC_CmdBlockLength
                0x000000000c00626c       0x46 ./Drivers/STM32L5xx_HAL_Driver/stm32l5xx_ll_sdmmc.o
                0x000000000c00626c                SDMMC_CmdBlockLength
 .text.SDMMC_CmdReadSingleBlock
                0x000000000c0062b2       0x46 ./Drivers/STM32L5xx_HAL_Driver/stm32l5xx_ll_sdmmc.o
                0x000000000c0062b2                SDMMC_CmdReadSingleBlock
 .text.SDMMC_CmdReadMultiBlock
                0x000000000c0062f8       0x46 ./Drivers/STM32L5xx_HAL_Driver/stm32l5xx_ll_sdmmc.o
                0x000000000c0062f8                SDMMC_CmdReadMultiBlock
 .text.SDMMC_CmdWriteSingleBlock
                0x000000000c00633e       0x46 ./Drivers/STM32L5xx_HAL_Driver/stm32l5xx_ll_sdmmc.o
                0x000000000c00633e                SDMMC_CmdWriteSingleBlock
 .text.SDMMC_CmdWriteMultiBlock
                0x000000000c006384       0x46 ./Drivers/STM32L5xx_HAL_Driver/stm32l5xx_ll_sdmmc.o
                0x000000000c006384                SDMMC_CmdWriteMultiBlock
 *fill*         0x000000000c0063ca        0x2 
 .text.SDMMC_CmdStopTransfer
                0x000000000c0063cc       0x78 ./Drivers/STM32L5xx_HAL_Driver/stm32l5xx_ll_sdmmc.o
                0x000000000c0063cc                SDMMC_CmdStopTransfer
 .text.SDMMC_CmdSelDesel
                0x000000000c006444       0x46 ./Drivers/STM32L5xx_HAL_Driver/stm32l5xx_ll_sdmmc.o
                0x000000000c006444                SDMMC_CmdSelDesel
 .text.SDMMC_CmdGoIdleState
                0x000000000c00648a       0x3c ./Drivers/STM32L5xx_HAL_Driver/stm32l5xx_ll_sdmmc.o
                0x000000000c00648a                SDMMC_CmdGoIdleState
 .text.SDMMC_CmdOperCond
                0x000000000c0064c6       0x40 ./Drivers/STM32L5xx_HAL_Driver/stm32l5xx_ll_sdmmc.o
                0x000000000c0064c6                SDMMC_CmdOperCond
 .text.SDMMC_CmdAppCommand
                0x000000000c006506       0x46 ./Drivers/STM32L5xx_HAL_Driver/stm32l5xx_ll_sdmmc.o
                0x000000000c006506                SDMMC_CmdAppCommand
 .text.SDMMC_CmdAppOperCommand
                0x000000000c00654c       0x40 ./Drivers/STM32L5xx_HAL_Driver/stm32l5xx_ll_sdmmc.o
                0x000000000c00654c                SDMMC_CmdAppOperCommand
 .text.SDMMC_CmdBusWidth
                0x000000000c00658c       0x46 ./Drivers/STM32L5xx_HAL_Driver/stm32l5xx_ll_sdmmc.o
                0x000000000c00658c                SDMMC_CmdBusWidth
 .text.SDMMC_CmdSendSCR
                0x000000000c0065d2       0x44 ./Drivers/STM32L5xx_HAL_Driver/stm32l5xx_ll_sdmmc.o
                0x000000000c0065d2                SDMMC_CmdSendSCR
 .text.SDMMC_CmdSendCID
                0x000000000c006616       0x3e ./Drivers/STM32L5xx_HAL_Driver/stm32l5xx_ll_sdmmc.o
                0x000000000c006616                SDMMC_CmdSendCID
 .text.SDMMC_CmdSendCSD
                0x000000000c006654       0x40 ./Drivers/STM32L5xx_HAL_Driver/stm32l5xx_ll_sdmmc.o
                0x000000000c006654                SDMMC_CmdSendCSD
 .text.SDMMC_CmdSetRelAdd
                0x000000000c006694       0x44 ./Drivers/STM32L5xx_HAL_Driver/stm32l5xx_ll_sdmmc.o
                0x000000000c006694                SDMMC_CmdSetRelAdd
 .text.SDMMC_CmdSendStatus
                0x000000000c0066d8       0x46 ./Drivers/STM32L5xx_HAL_Driver/stm32l5xx_ll_sdmmc.o
                0x000000000c0066d8                SDMMC_CmdSendStatus
 .text.SDMMC_CmdStatusRegister
                0x000000000c00671e       0x44 ./Drivers/STM32L5xx_HAL_Driver/stm32l5xx_ll_sdmmc.o
                0x000000000c00671e                SDMMC_CmdStatusRegister
 *fill*         0x000000000c006762        0x2 
 .text.SDMMC_GetCmdResp1
                0x000000000c006764      0x1e4 ./Drivers/STM32L5xx_HAL_Driver/stm32l5xx_ll_sdmmc.o
                0x000000000c006764                SDMMC_GetCmdResp1
 .text.SDMMC_GetCmdResp2
                0x000000000c006948       0x94 ./Drivers/STM32L5xx_HAL_Driver/stm32l5xx_ll_sdmmc.o
                0x000000000c006948                SDMMC_GetCmdResp2
 .text.SDMMC_GetCmdResp3
                0x000000000c0069dc       0x80 ./Drivers/STM32L5xx_HAL_Driver/stm32l5xx_ll_sdmmc.o
                0x000000000c0069dc                SDMMC_GetCmdResp3
 .text.SDMMC_GetCmdResp6
                0x000000000c006a5c       0xf0 ./Drivers/STM32L5xx_HAL_Driver/stm32l5xx_ll_sdmmc.o
                0x000000000c006a5c                SDMMC_GetCmdResp6
 .text.SDMMC_GetCmdResp7
                0x000000000c006b4c       0x9c ./Drivers/STM32L5xx_HAL_Driver/stm32l5xx_ll_sdmmc.o
                0x000000000c006b4c                SDMMC_GetCmdResp7
 .text.SDMMC_GetCmdError
                0x000000000c006be8       0x5c ./Drivers/STM32L5xx_HAL_Driver/stm32l5xx_ll_sdmmc.o
 .text.MX_FATFS_Init
                0x000000000c006c44       0x30 ./Example/FATFS/App/app_fatfs.o
                0x000000000c006c44                MX_FATFS_Init
 .text.MX_FATFS_Process
                0x000000000c006c74       0x94 ./Example/FATFS/App/app_fatfs.o
                0x000000000c006c74                MX_FATFS_Process
 .text.get_fattime
                0x000000000c006d08       0x10 ./Example/FATFS/App/app_fatfs.o
                0x000000000c006d08                get_fattime
 .text.FS_FileOperations
                0x000000000c006d18       0xd0 ./Example/FATFS/App/app_fatfs.o
                0x000000000c006d18                FS_FileOperations
 .text.FS_FileWrite
                0x000000000c006de8       0x68 ./Example/FATFS/App/app_fatfs.o
                0x000000000c006de8                FS_FileWrite
 .text.FS_FileRead
                0x000000000c006e50       0x6c ./Example/FATFS/App/app_fatfs.o
                0x000000000c006e50                FS_FileRead
 .text.SD_CheckStatus
                0x000000000c006ebc       0x40 ./Example/FATFS/Target/sd_diskio.o
 .text.SD_initialize
                0x000000000c006efc       0x34 ./Example/FATFS/Target/sd_diskio.o
                0x000000000c006efc                SD_initialize
 .text.SD_status
                0x000000000c006f30       0x1c ./Example/FATFS/Target/sd_diskio.o
                0x000000000c006f30                SD_status
 .text.SD_read  0x000000000c006f4c       0x42 ./Example/FATFS/Target/sd_diskio.o
                0x000000000c006f4c                SD_read
 .text.SD_write
                0x000000000c006f8e       0x42 ./Example/FATFS/Target/sd_diskio.o
                0x000000000c006f8e                SD_write
 .text.SD_ioctl
                0x000000000c006fd0       0xb4 ./Example/FATFS/Target/sd_diskio.o
                0x000000000c006fd0                SD_ioctl
 .text.Reset_Handler
                0x000000000c007084       0x50 ./Example/Startup/startup_stm32l562qeixq.o
                0x000000000c007084                Reset_Handler
 .text.Default_Handler
                0x000000000c0070d4        0x2 ./Example/Startup/startup_stm32l562qeixq.o
                0x000000000c0070d4                EXTI2_IRQHandler
                0x000000000c0070d4                TIM8_TRG_COM_IRQHandler
                0x000000000c0070d4                TIM8_CC_IRQHandler
                0x000000000c0070d4                EXTI5_IRQHandler
                0x000000000c0070d4                FLASH_S_IRQHandler
                0x000000000c0070d4                EXTI13_IRQHandler
                0x000000000c0070d4                TIM1_CC_IRQHandler
                0x000000000c0070d4                TSC_IRQHandler
                0x000000000c0070d4                TAMP_IRQHandler
                0x000000000c0070d4                TIM6_IRQHandler
                0x000000000c0070d4                EXTI12_IRQHandler
                0x000000000c0070d4                DMA2_Channel8_IRQHandler
                0x000000000c0070d4                EXTI3_IRQHandler
                0x000000000c0070d4                EXTI8_IRQHandler
                0x000000000c0070d4                LPTIM2_IRQHandler
                0x000000000c0070d4                DFSDM1_FLT1_IRQHandler
                0x000000000c0070d4                USB_FS_IRQHandler
                0x000000000c0070d4                I2C3_ER_IRQHandler
                0x000000000c0070d4                DFSDM1_FLT2_IRQHandler
                0x000000000c0070d4                DMAMUX1_IRQHandler
                0x000000000c0070d4                LPTIM3_IRQHandler
                0x000000000c0070d4                EXTI0_IRQHandler
                0x000000000c0070d4                I2C2_EV_IRQHandler
                0x000000000c0070d4                FPU_IRQHandler
                0x000000000c0070d4                FDCAN1_IT1_IRQHandler
                0x000000000c0070d4                ADC1_2_IRQHandler
                0x000000000c0070d4                SPI1_IRQHandler
                0x000000000c0070d4                OCTOSPI1_IRQHandler
                0x000000000c0070d4                TIM8_UP_IRQHandler
                0x000000000c0070d4                RCC_S_IRQHandler
                0x000000000c0070d4                DMA2_Channel2_IRQHandler
                0x000000000c0070d4                DMA1_Channel4_IRQHandler
                0x000000000c0070d4                SAI2_IRQHandler
                0x000000000c0070d4                DFSDM1_FLT3_IRQHandler
                0x000000000c0070d4                PKA_IRQHandler
                0x000000000c0070d4                EXTI15_IRQHandler
                0x000000000c0070d4                USART3_IRQHandler
                0x000000000c0070d4                RTC_IRQHandler
                0x000000000c0070d4                EXTI9_IRQHandler
                0x000000000c0070d4                DMA1_Channel7_IRQHandler
                0x000000000c0070d4                UART5_IRQHandler
                0x000000000c0070d4                TIM4_IRQHandler
                0x000000000c0070d4                DMA2_Channel1_IRQHandler
                0x000000000c0070d4                I2C1_EV_IRQHandler
                0x000000000c0070d4                DMA1_Channel6_IRQHandler
                0x000000000c0070d4                TIM16_IRQHandler
                0x000000000c0070d4                UART4_IRQHandler
                0x000000000c0070d4                DMA2_Channel4_IRQHandler
                0x000000000c0070d4                TIM3_IRQHandler
                0x000000000c0070d4                RCC_IRQHandler
                0x000000000c0070d4                TIM1_TRG_COM_IRQHandler
                0x000000000c0070d4                DMA1_Channel1_IRQHandler
                0x000000000c0070d4                Default_Handler
                0x000000000c0070d4                DMA2_Channel7_IRQHandler
                0x000000000c0070d4                OTFDEC1_IRQHandler
                0x000000000c0070d4                DMA1_Channel8_IRQHandler
                0x000000000c0070d4                TIM7_IRQHandler
                0x000000000c0070d4                SDMMC1_IRQHandler
                0x000000000c0070d4                TIM5_IRQHandler
                0x000000000c0070d4                UCPD1_IRQHandler
                0x000000000c0070d4                TIM15_IRQHandler
                0x000000000c0070d4                I2C3_EV_IRQHandler
                0x000000000c0070d4                PVD_PVM_IRQHandler
                0x000000000c0070d4                SPI2_IRQHandler
                0x000000000c0070d4                EXTI14_IRQHandler
                0x000000000c0070d4                EXTI11_IRQHandler
                0x000000000c0070d4                DMA2_Channel5_IRQHandler
                0x000000000c0070d4                CRS_IRQHandler
                0x000000000c0070d4                DMA1_Channel5_IRQHandler
                0x000000000c0070d4                EXTI4_IRQHandler
                0x000000000c0070d4                RTC_S_IRQHandler
                0x000000000c0070d4                RNG_IRQHandler
                0x000000000c0070d4                DMAMUX1_S_IRQHandler
                0x000000000c0070d4                DMA1_Channel3_IRQHandler
                0x000000000c0070d4                COMP_IRQHandler
                0x000000000c0070d4                TIM1_UP_IRQHandler
                0x000000000c0070d4                WWDG_IRQHandler
                0x000000000c0070d4                I2C4_EV_IRQHandler
                0x000000000c0070d4                LPUART1_IRQHandler
                0x000000000c0070d4                DMA2_Channel6_IRQHandler
                0x000000000c0070d4                FDCAN1_IT0_IRQHandler
                0x000000000c0070d4                TIM2_IRQHandler
                0x000000000c0070d4                TAMP_S_IRQHandler
                0x000000000c0070d4                EXTI7_IRQHandler
                0x000000000c0070d4                TIM1_BRK_IRQHandler
                0x000000000c0070d4                DAC_IRQHandler
                0x000000000c0070d4                EXTI1_IRQHandler
                0x000000000c0070d4                AES_IRQHandler
                0x000000000c0070d4                USART2_IRQHandler
                0x000000000c0070d4                DFSDM1_FLT0_IRQHandler
                0x000000000c0070d4                I2C2_ER_IRQHandler
                0x000000000c0070d4                DMA1_Channel2_IRQHandler
                0x000000000c0070d4                TIM8_BRK_IRQHandler
                0x000000000c0070d4                FLASH_IRQHandler
                0x000000000c0070d4                USART1_IRQHandler
                0x000000000c0070d4                EXTI10_IRQHandler
                0x000000000c0070d4                SPI3_IRQHandler
                0x000000000c0070d4                I2C1_ER_IRQHandler
                0x000000000c0070d4                FMC_IRQHandler
                0x000000000c0070d4                EXTI6_IRQHandler
                0x000000000c0070d4                LPTIM1_IRQHandler
                0x000000000c0070d4                I2C4_ER_IRQHandler
                0x000000000c0070d4                ICACHE_IRQHandler
                0x000000000c0070d4                SAI1_IRQHandler
                0x000000000c0070d4                HASH_IRQHandler
                0x000000000c0070d4                DMA2_Channel3_IRQHandler
 *fill*         0x000000000c0070d6        0x2 
 .text.jump_secure
                0x000000000c0070d8       0x88 ./Example/User/main.o
                0x000000000c0070d8                __acle_se_jump_secure
 .text.main     0x000000000c007160      0x2a4 ./Example/User/main.o
                0x000000000c007160                main
 .text.Secure_task
                0x000000000c007404       0x3e ./Example/User/main.o
 *fill*         0x000000000c007442        0x2 
 .text.HAL_TIM_PeriodElapsedCallback
                0x000000000c007444       0x20 ./Example/User/main.o
                0x000000000c007444                HAL_TIM_PeriodElapsedCallback
 .text.MX_TIM17_Init
                0x000000000c007464       0x44 ./Example/User/main.o
 .text.MX_GTZC_S_Init
                0x000000000c0074a8       0xdc ./Example/User/main.o
 .text.Normal_entry
                0x000000000c007584       0xde ./Example/User/main.o
                0x000000000c007584                __acle_se_Normal_entry
 *fill*         0x000000000c007662        0x2 
 .text.NonSecure_main
                0x000000000c007664       0x88 ./Example/User/main.o
 .text.SystemIsolation_Config
                0x000000000c0076ec      0x170 ./Example/User/main.o
 .text.SystemClock_Config
                0x000000000c00785c       0xcc ./Example/User/main.o
 .text.SECURE_RegisterCallback
                0x000000000c007928       0xc4 ./Example/User/secure_nsc.o
                0x000000000c007928                __acle_se_SECURE_RegisterCallback
 .text.SECURE_SD_Init
                0x000000000c0079ec       0x80 ./Example/User/secure_nsc.o
                0x000000000c0079ec                __acle_se_SECURE_SD_Init
 .text.SECURE_SD_GetCardState
                0x000000000c007a6c       0x80 ./Example/User/secure_nsc.o
                0x000000000c007a6c                __acle_se_SECURE_SD_GetCardState
 .text.SECURE_SD_GetCardInfo
                0x000000000c007aec       0x84 ./Example/User/secure_nsc.o
                0x000000000c007aec                __acle_se_SECURE_SD_GetCardInfo
 .text.SECURE_SD_ReadBlocks
                0x000000000c007b70       0x8c ./Example/User/secure_nsc.o
                0x000000000c007b70                __acle_se_SECURE_SD_ReadBlocks
 .text.SECURE_SD_WriteBlocks
                0x000000000c007bfc       0x8c ./Example/User/secure_nsc.o
                0x000000000c007bfc                __acle_se_SECURE_SD_WriteBlocks
 .text.SECURE_SD_IsDetected
                0x000000000c007c88       0x80 ./Example/User/secure_nsc.o
                0x000000000c007c88                __acle_se_SECURE_SD_IsDetected
 .text.HAL_MspInit
                0x000000000c007d08       0x48 ./Example/User/stm32l5xx_hal_msp.o
                0x000000000c007d08                HAL_MspInit
 .text.HAL_TIM_Base_MspInit
                0x000000000c007d50       0x4c ./Example/User/stm32l5xx_hal_msp.o
                0x000000000c007d50                HAL_TIM_Base_MspInit
 .text.NMI_Handler
                0x000000000c007d9c        0xe ./Example/User/stm32l5xx_it.o
                0x000000000c007d9c                NMI_Handler
 .text.HardFault_Handler
                0x000000000c007daa        0x6 ./Example/User/stm32l5xx_it.o
                0x000000000c007daa                HardFault_Handler
 .text.MemManage_Handler
                0x000000000c007db0        0x6 ./Example/User/stm32l5xx_it.o
                0x000000000c007db0                MemManage_Handler
 .text.BusFault_Handler
                0x000000000c007db6        0x6 ./Example/User/stm32l5xx_it.o
                0x000000000c007db6                BusFault_Handler
 .text.UsageFault_Handler
                0x000000000c007dbc        0x6 ./Example/User/stm32l5xx_it.o
                0x000000000c007dbc                UsageFault_Handler
 *fill*         0x000000000c007dc2        0x2 
 .text.SecureFault_Handler
                0x000000000c007dc4       0x7c ./Example/User/stm32l5xx_it.o
                0x000000000c007dc4                SecureFault_Handler
 .text.SVC_Handler
                0x000000000c007e40        0xe ./Example/User/stm32l5xx_it.o
                0x000000000c007e40                SVC_Handler
 .text.DebugMon_Handler
                0x000000000c007e4e        0x6 ./Example/User/stm32l5xx_it.o
                0x000000000c007e4e                DebugMon_Handler
 .text.PendSV_Handler
                0x000000000c007e54        0x6 ./Example/User/stm32l5xx_it.o
                0x000000000c007e54                PendSV_Handler
 .text.SysTick_Handler
                0x000000000c007e5a        0xc ./Example/User/stm32l5xx_it.o
                0x000000000c007e5a                SysTick_Handler
 *fill*         0x000000000c007e66        0x2 
 .text.GTZC_IRQHandler
                0x000000000c007e68       0x80 ./Example/User/stm32l5xx_it.o
                0x000000000c007e68                GTZC_IRQHandler
 .text.TIM17_IRQHandler
                0x000000000c007ee8       0x14 ./Example/User/stm32l5xx_it.o
                0x000000000c007ee8                TIM17_IRQHandler
 .text._sbrk    0x000000000c007efc       0x6c ./Example/User/sysmem.o
                0x000000000c007efc                _sbrk
 .text.disk_status
                0x000000000c007f68       0x34 ./Middlewares/FatFs/Core/diskio.o
                0x000000000c007f68                disk_status
 .text.disk_initialize
                0x000000000c007f9c       0x4c ./Middlewares/FatFs/Core/diskio.o
                0x000000000c007f9c                disk_initialize
 .text.disk_read
                0x000000000c007fe8       0x40 ./Middlewares/FatFs/Core/diskio.o
                0x000000000c007fe8                disk_read
 .text.disk_write
                0x000000000c008028       0x40 ./Middlewares/FatFs/Core/diskio.o
                0x000000000c008028                disk_write
 .text.disk_ioctl
                0x000000000c008068       0x3c ./Middlewares/FatFs/Core/diskio.o
                0x000000000c008068                disk_ioctl
 .text.ld_word  0x000000000c0080a4       0x30 ./Middlewares/FatFs/Core/ff.o
 .text.ld_dword
                0x000000000c0080d4       0x46 ./Middlewares/FatFs/Core/ff.o
 .text.st_word  0x000000000c00811a       0x36 ./Middlewares/FatFs/Core/ff.o
 .text.st_dword
                0x000000000c008150       0x58 ./Middlewares/FatFs/Core/ff.o
 .text.mem_cpy  0x000000000c0081a8       0x42 ./Middlewares/FatFs/Core/ff.o
 .text.mem_set  0x000000000c0081ea       0x36 ./Middlewares/FatFs/Core/ff.o
 .text.mem_cmp  0x000000000c008220       0x4e ./Middlewares/FatFs/Core/ff.o
 .text.chk_chr  0x000000000c00826e       0x36 ./Middlewares/FatFs/Core/ff.o
 .text.chk_lock
                0x000000000c0082a4       0xb8 ./Middlewares/FatFs/Core/ff.o
 .text.enq_lock
                0x000000000c00835c       0x44 ./Middlewares/FatFs/Core/ff.o
 .text.inc_lock
                0x000000000c0083a0      0x11c ./Middlewares/FatFs/Core/ff.o
 .text.dec_lock
                0x000000000c0084bc       0x78 ./Middlewares/FatFs/Core/ff.o
 .text.clear_lock
                0x000000000c008534       0x48 ./Middlewares/FatFs/Core/ff.o
 .text.sync_window
                0x000000000c00857c       0x88 ./Middlewares/FatFs/Core/ff.o
 .text.move_window
                0x000000000c008604       0x5a ./Middlewares/FatFs/Core/ff.o
 *fill*         0x000000000c00865e        0x2 
 .text.sync_fs  0x000000000c008660       0xdc ./Middlewares/FatFs/Core/ff.o
 .text.clust2sect
                0x000000000c00873c       0x3e ./Middlewares/FatFs/Core/ff.o
 .text.get_fat  0x000000000c00877a      0x150 ./Middlewares/FatFs/Core/ff.o
 .text.put_fat  0x000000000c0088ca      0x1d8 ./Middlewares/FatFs/Core/ff.o
 .text.remove_chain
                0x000000000c008aa2       0xca ./Middlewares/FatFs/Core/ff.o
 .text.create_chain
                0x000000000c008b6c      0x130 ./Middlewares/FatFs/Core/ff.o
 .text.clmt_clust
                0x000000000c008c9c       0x68 ./Middlewares/FatFs/Core/ff.o
 .text.dir_sdi  0x000000000c008d04       0xf6 ./Middlewares/FatFs/Core/ff.o
 .text.dir_next
                0x000000000c008dfa      0x18a ./Middlewares/FatFs/Core/ff.o
 .text.dir_alloc
                0x000000000c008f84       0x8e ./Middlewares/FatFs/Core/ff.o
 .text.ld_clust
                0x000000000c009012       0x3e ./Middlewares/FatFs/Core/ff.o
 .text.st_clust
                0x000000000c009050       0x40 ./Middlewares/FatFs/Core/ff.o
 .text.cmp_lfn  0x000000000c009090       0xe0 ./Middlewares/FatFs/Core/ff.o
 .text.put_lfn  0x000000000c009170       0xd0 ./Middlewares/FatFs/Core/ff.o
 .text.gen_numname
                0x000000000c009240      0x11c ./Middlewares/FatFs/Core/ff.o
 .text.sum_sfn  0x000000000c00935c       0x42 ./Middlewares/FatFs/Core/ff.o
 .text.dir_find
                0x000000000c00939e      0x180 ./Middlewares/FatFs/Core/ff.o
 *fill*         0x000000000c00951e        0x2 
 .text.dir_register
                0x000000000c009520      0x1f0 ./Middlewares/FatFs/Core/ff.o
 .text.create_name
                0x000000000c009710      0x370 ./Middlewares/FatFs/Core/ff.o
 .text.follow_path
                0x000000000c009a80       0xe2 ./Middlewares/FatFs/Core/ff.o
 .text.get_ldnumber
                0x000000000c009b62       0x88 ./Middlewares/FatFs/Core/ff.o
 *fill*         0x000000000c009bea        0x2 
 .text.check_fs
                0x000000000c009bec       0xac ./Middlewares/FatFs/Core/ff.o
 .text.find_volume
                0x000000000c009c98      0x498 ./Middlewares/FatFs/Core/ff.o
 .text.validate
                0x000000000c00a130       0x6a ./Middlewares/FatFs/Core/ff.o
 *fill*         0x000000000c00a19a        0x2 
 .text.f_mount  0x000000000c00a19c       0x8c ./Middlewares/FatFs/Core/ff.o
                0x000000000c00a19c                f_mount
 .text.f_open   0x000000000c00a228      0x39c ./Middlewares/FatFs/Core/ff.o
                0x000000000c00a228                f_open
 .text.f_read   0x000000000c00a5c4      0x27e ./Middlewares/FatFs/Core/ff.o
                0x000000000c00a5c4                f_read
 .text.f_write  0x000000000c00a842      0x2ea ./Middlewares/FatFs/Core/ff.o
                0x000000000c00a842                f_write
 .text.f_sync   0x000000000c00ab2c       0xfc ./Middlewares/FatFs/Core/ff.o
                0x000000000c00ab2c                f_sync
 .text.f_close  0x000000000c00ac28       0x54 ./Middlewares/FatFs/Core/ff.o
                0x000000000c00ac28                f_close
 .text.f_mkfs   0x000000000c00ac7c      0x858 ./Middlewares/FatFs/Core/ff.o
                0x000000000c00ac7c                f_mkfs
 .text.FATFS_LinkDriverEx
                0x000000000c00b4d4       0x98 ./Middlewares/FatFs/Core/ff_gen_drv.o
                0x000000000c00b4d4                FATFS_LinkDriverEx
 .text.FATFS_LinkDriver
                0x000000000c00b56c       0x1e ./Middlewares/FatFs/Core/ff_gen_drv.o
                0x000000000c00b56c                FATFS_LinkDriver
 .text.ff_memalloc
                0x000000000c00b58a       0x18 ./Middlewares/FatFs/Options/syscall.o
                0x000000000c00b58a                ff_memalloc
 .text.ff_memfree
                0x000000000c00b5a2       0x16 ./Middlewares/FatFs/Options/syscall.o
                0x000000000c00b5a2                ff_memfree
 .text.ff_convert
                0x000000000c00b5b8       0x78 ./Middlewares/FatFs/Options/unicode.o
                0x000000000c00b5b8                ff_convert
 .text.ff_wtoupper
                0x000000000c00b630      0x114 ./Middlewares/FatFs/Options/unicode.o
                0x000000000c00b630                ff_wtoupper
 .text.__errno  0x000000000c00b744        0xc /home/cspl/st/stm32cubeide_1.12.0/plugins/com.st.stm32cube.ide.mcu.externaltools.gnu-tools-for-stm32.10.3-2021.10.linux64_1.0.200.202301161003/tools/bin/../lib/gcc/arm-none-eabi/10.3.1/../../../../arm-none-eabi/lib/thumb/v8-m.main+fp/hard/libc_nano.a(lib_a-errno.o)
                0x000000000c00b744                __errno
 .text.__libc_init_array
                0x000000000c00b750       0x48 /home/cspl/st/stm32cubeide_1.12.0/plugins/com.st.stm32cube.ide.mcu.externaltools.gnu-tools-for-stm32.10.3-2021.10.linux64_1.0.200.202301161003/tools/bin/../lib/gcc/arm-none-eabi/10.3.1/../../../../arm-none-eabi/lib/thumb/v8-m.main+fp/hard/libc_nano.a(lib_a-init.o)
                0x000000000c00b750                __libc_init_array
 .text.malloc   0x000000000c00b798       0x10 /home/cspl/st/stm32cubeide_1.12.0/plugins/com.st.stm32cube.ide.mcu.externaltools.gnu-tools-for-stm32.10.3-2021.10.linux64_1.0.200.202301161003/tools/bin/../lib/gcc/arm-none-eabi/10.3.1/../../../../arm-none-eabi/lib/thumb/v8-m.main+fp/hard/libc_nano.a(lib_a-malloc.o)
                0x000000000c00b798                malloc
 .text.free     0x000000000c00b7a8       0x10 /home/cspl/st/stm32cubeide_1.12.0/plugins/com.st.stm32cube.ide.mcu.externaltools.gnu-tools-for-stm32.10.3-2021.10.linux64_1.0.200.202301161003/tools/bin/../lib/gcc/arm-none-eabi/10.3.1/../../../../arm-none-eabi/lib/thumb/v8-m.main+fp/hard/libc_nano.a(lib_a-malloc.o)
                0x000000000c00b7a8                free
 .text.memcpy   0x000000000c00b7b8       0x1a /home/cspl/st/stm32cubeide_1.12.0/plugins/com.st.stm32cube.ide.mcu.externaltools.gnu-tools-for-stm32.10.3-2021.10.linux64_1.0.200.202301161003/tools/bin/../lib/gcc/arm-none-eabi/10.3.1/../../../../arm-none-eabi/lib/thumb/v8-m.main+fp/hard/libc_nano.a(lib_a-memcpy-stub.o)
                0x000000000c00b7b8                memcpy
 .text.memset   0x000000000c00b7d2       0x10 /home/cspl/st/stm32cubeide_1.12.0/plugins/com.st.stm32cube.ide.mcu.externaltools.gnu-tools-for-stm32.10.3-2021.10.linux64_1.0.200.202301161003/tools/bin/../lib/gcc/arm-none-eabi/10.3.1/../../../../arm-none-eabi/lib/thumb/v8-m.main+fp/hard/libc_nano.a(lib_a-memset.o)
                0x000000000c00b7d2                memset
 *fill*         0x000000000c00b7e2        0x2 
 .text._free_r  0x000000000c00b7e4       0x98 /home/cspl/st/stm32cubeide_1.12.0/plugins/com.st.stm32cube.ide.mcu.externaltools.gnu-tools-for-stm32.10.3-2021.10.linux64_1.0.200.202301161003/tools/bin/../lib/gcc/arm-none-eabi/10.3.1/../../../../arm-none-eabi/lib/thumb/v8-m.main+fp/hard/libc_nano.a(lib_a-nano-freer.o)
                0x000000000c00b7e4                _free_r
 .text.sbrk_aligned
                0x000000000c00b87c       0x40 /home/cspl/st/stm32cubeide_1.12.0/plugins/com.st.stm32cube.ide.mcu.externaltools.gnu-tools-for-stm32.10.3-2021.10.linux64_1.0.200.202301161003/tools/bin/../lib/gcc/arm-none-eabi/10.3.1/../../../../arm-none-eabi/lib/thumb/v8-m.main+fp/hard/libc_nano.a(lib_a-nano-mallocr.o)
 .text._malloc_r
                0x000000000c00b8bc       0xe8 /home/cspl/st/stm32cubeide_1.12.0/plugins/com.st.stm32cube.ide.mcu.externaltools.gnu-tools-for-stm32.10.3-2021.10.linux64_1.0.200.202301161003/tools/bin/../lib/gcc/arm-none-eabi/10.3.1/../../../../arm-none-eabi/lib/thumb/v8-m.main+fp/hard/libc_nano.a(lib_a-nano-mallocr.o)
                0x000000000c00b8bc                _malloc_r
 .text._sbrk_r  0x000000000c00b9a4       0x20 /home/cspl/st/stm32cubeide_1.12.0/plugins/com.st.stm32cube.ide.mcu.externaltools.gnu-tools-for-stm32.10.3-2021.10.linux64_1.0.200.202301161003/tools/bin/../lib/gcc/arm-none-eabi/10.3.1/../../../../arm-none-eabi/lib/thumb/v8-m.main+fp/hard/libc_nano.a(lib_a-sbrkr.o)
                0x000000000c00b9a4                _sbrk_r
 .text.__malloc_lock
                0x000000000c00b9c4        0xc /home/cspl/st/stm32cubeide_1.12.0/plugins/com.st.stm32cube.ide.mcu.externaltools.gnu-tools-for-stm32.10.3-2021.10.linux64_1.0.200.202301161003/tools/bin/../lib/gcc/arm-none-eabi/10.3.1/../../../../arm-none-eabi/lib/thumb/v8-m.main+fp/hard/libc_nano.a(lib_a-mlock.o)
                0x000000000c00b9c4                __malloc_lock
 .text.__malloc_unlock
                0x000000000c00b9d0        0xc /home/cspl/st/stm32cubeide_1.12.0/plugins/com.st.stm32cube.ide.mcu.externaltools.gnu-tools-for-stm32.10.3-2021.10.linux64_1.0.200.202301161003/tools/bin/../lib/gcc/arm-none-eabi/10.3.1/../../../../arm-none-eabi/lib/thumb/v8-m.main+fp/hard/libc_nano.a(lib_a-mlock.o)
                0x000000000c00b9d0                __malloc_unlock
 .text.__retarget_lock_acquire_recursive
                0x000000000c00b9dc        0x2 /home/cspl/st/stm32cubeide_1.12.0/plugins/com.st.stm32cube.ide.mcu.externaltools.gnu-tools-for-stm32.10.3-2021.10.linux64_1.0.200.202301161003/tools/bin/../lib/gcc/arm-none-eabi/10.3.1/../../../../arm-none-eabi/lib/thumb/v8-m.main+fp/hard/libc_nano.a(lib_a-lock.o)
                0x000000000c00b9dc                __retarget_lock_acquire_recursive
 .text.__retarget_lock_release_recursive
                0x000000000c00b9de        0x2 /home/cspl/st/stm32cubeide_1.12.0/plugins/com.st.stm32cube.ide.mcu.externaltools.gnu-tools-for-stm32.10.3-2021.10.linux64_1.0.200.202301161003/tools/bin/../lib/gcc/arm-none-eabi/10.3.1/../../../../arm-none-eabi/lib/thumb/v8-m.main+fp/hard/libc_nano.a(lib_a-lock.o)
                0x000000000c00b9de                __retarget_lock_release_recursive
 *(.glue_7)
 .glue_7        0x000000000c00b9e0        0x0 linker stubs
 *(.glue_7t)
 .glue_7t       0x000000000c00b9e0        0x0 linker stubs
 *(.eh_frame)
 .eh_frame      0x000000000c00b9e0        0x0 /home/cspl/st/stm32cubeide_1.12.0/plugins/com.st.stm32cube.ide.mcu.externaltools.gnu-tools-for-stm32.10.3-2021.10.linux64_1.0.200.202301161003/tools/bin/../lib/gcc/arm-none-eabi/10.3.1/thumb/v8-m.main+fp/hard/crtbegin.o
 *(.init)
 .init          0x000000000c00b9e0        0x4 /home/cspl/st/stm32cubeide_1.12.0/plugins/com.st.stm32cube.ide.mcu.externaltools.gnu-tools-for-stm32.10.3-2021.10.linux64_1.0.200.202301161003/tools/bin/../lib/gcc/arm-none-eabi/10.3.1/thumb/v8-m.main+fp/hard/crti.o
                0x000000000c00b9e0                _init
 .init          0x000000000c00b9e4        0x8 /home/cspl/st/stm32cubeide_1.12.0/plugins/com.st.stm32cube.ide.mcu.externaltools.gnu-tools-for-stm32.10.3-2021.10.linux64_1.0.200.202301161003/tools/bin/../lib/gcc/arm-none-eabi/10.3.1/thumb/v8-m.main+fp/hard/crtn.o
 *(.fini)
 .fini          0x000000000c00b9ec        0x4 /home/cspl/st/stm32cubeide_1.12.0/plugins/com.st.stm32cube.ide.mcu.externaltools.gnu-tools-for-stm32.10.3-2021.10.linux64_1.0.200.202301161003/tools/bin/../lib/gcc/arm-none-eabi/10.3.1/thumb/v8-m.main+fp/hard/crti.o
                0x000000000c00b9ec                _fini
 .fini          0x000000000c00b9f0        0x8 /home/cspl/st/stm32cubeide_1.12.0/plugins/com.st.stm32cube.ide.mcu.externaltools.gnu-tools-for-stm32.10.3-2021.10.linux64_1.0.200.202301161003/tools/bin/../lib/gcc/arm-none-eabi/10.3.1/thumb/v8-m.main+fp/hard/crtn.o
                0x000000000c00b9f8                . = ALIGN (0x8)
                0x000000000c00b9f8                _etext = .

.vfp11_veneer   0x000000000c00b9f8        0x0
 .vfp11_veneer  0x000000000c00b9f8        0x0 linker stubs

.v4_bx          0x000000000c00b9f8        0x0
 .v4_bx         0x000000000c00b9f8        0x0 linker stubs

.iplt           0x000000000c00b9f8        0x0
 .iplt          0x000000000c00b9f8        0x0 /home/cspl/st/stm32cubeide_1.12.0/plugins/com.st.stm32cube.ide.mcu.externaltools.gnu-tools-for-stm32.10.3-2021.10.linux64_1.0.200.202301161003/tools/bin/../lib/gcc/arm-none-eabi/10.3.1/thumb/v8-m.main+fp/hard/crtbegin.o

.rodata         0x000000000c00b9f8      0x590
                0x000000000c00b9f8                . = ALIGN (0x8)
 *(.rodata)
 .rodata        0x000000000c00b9f8       0x79 ./Example/FATFS/App/app_fatfs.o
 *fill*         0x000000000c00ba71        0x3 
 .rodata        0x000000000c00ba74       0x48 ./Middlewares/FatFs/Core/ff.o
 *(.rodata*)
 .rodata.AHBPrescTable
                0x000000000c00babc       0x10 ./Drivers/CMSIS/system_stm32l5xx_s.o
                0x000000000c00babc                AHBPrescTable
 .rodata.APBPrescTable
                0x000000000c00bacc        0x8 ./Drivers/CMSIS/system_stm32l5xx_s.o
                0x000000000c00bacc                APBPrescTable
 .rodata.MSIRangeTable
                0x000000000c00bad4       0x40 ./Drivers/CMSIS/system_stm32l5xx_s.o
                0x000000000c00bad4                MSIRangeTable
 .rodata.SD_Driver
                0x000000000c00bb14       0x14 ./Example/FATFS/Target/sd_diskio.o
                0x000000000c00bb14                SD_Driver
 .rodata.ExCvt  0x000000000c00bb28       0x80 ./Middlewares/FatFs/Core/ff.o
 .rodata.LfnOfs
                0x000000000c00bba8        0xd ./Middlewares/FatFs/Core/ff.o
 *fill*         0x000000000c00bbb5        0x3 
 .rodata.cst32.1
                0x000000000c00bbb8        0xe ./Middlewares/FatFs/Core/ff.o
 *fill*         0x000000000c00bbc6        0x2 
 .rodata.cst.0  0x000000000c00bbc8        0xe ./Middlewares/FatFs/Core/ff.o
 *fill*         0x000000000c00bbd6        0x2 
 .rodata.Tbl    0x000000000c00bbd8      0x100 ./Middlewares/FatFs/Options/unicode.o
 .rodata.cvt1.1
                0x000000000c00bcd8      0x1f2 ./Middlewares/FatFs/Options/unicode.o
 *fill*         0x000000000c00beca        0x2 
 .rodata.cvt2.0
                0x000000000c00becc       0xbc ./Middlewares/FatFs/Options/unicode.o
                0x000000000c00bf88                . = ALIGN (0x8)

.rel.dyn        0x000000000c00bf88        0x0
 .rel.iplt      0x000000000c00bf88        0x0 /home/cspl/st/stm32cubeide_1.12.0/plugins/com.st.stm32cube.ide.mcu.externaltools.gnu-tools-for-stm32.10.3-2021.10.linux64_1.0.200.202301161003/tools/bin/../lib/gcc/arm-none-eabi/10.3.1/thumb/v8-m.main+fp/hard/crtbegin.o

.ARM.extab      0x000000000c00bf88        0x0
                0x000000000c00bf88                . = ALIGN (0x8)
 *(.ARM.extab* .gnu.linkonce.armextab.*)
                0x000000000c00bf88                . = ALIGN (0x8)

.ARM            0x000000000c00bf88        0x0
                0x000000000c00bf88                . = ALIGN (0x8)
                0x000000000c00bf88                __exidx_start = .
 *(.ARM.exidx*)
                0x000000000c00bf88                __exidx_end = .
                0x000000000c00bf88                . = ALIGN (0x8)

.preinit_array  0x000000000c00bf88        0x0
                0x000000000c00bf88                . = ALIGN (0x8)
                0x000000000c00bf88                PROVIDE (__preinit_array_start = .)
 *(.preinit_array*)
                0x000000000c00bf88                PROVIDE (__preinit_array_end = .)
                0x000000000c00bf88                . = ALIGN (0x8)

.init_array     0x000000000c00bf88        0x8
                0x000000000c00bf88                . = ALIGN (0x8)
                0x000000000c00bf88                PROVIDE (__init_array_start = .)
 *(SORT_BY_NAME(.init_array.*))
 *(.init_array*)
 .init_array    0x000000000c00bf88        0x4 /home/cspl/st/stm32cubeide_1.12.0/plugins/com.st.stm32cube.ide.mcu.externaltools.gnu-tools-for-stm32.10.3-2021.10.linux64_1.0.200.202301161003/tools/bin/../lib/gcc/arm-none-eabi/10.3.1/thumb/v8-m.main+fp/hard/crtbegin.o
                0x000000000c00bf8c                PROVIDE (__init_array_end = .)
                0x000000000c00bf90                . = ALIGN (0x8)
 *fill*         0x000000000c00bf8c        0x4 

.fini_array     0x000000000c00bf90        0x8
                0x000000000c00bf90                . = ALIGN (0x8)
                [!provide]                        PROVIDE (__fini_array_start = .)
 *(SORT_BY_NAME(.fini_array.*))
 *(.fini_array*)
 .fini_array    0x000000000c00bf90        0x4 /home/cspl/st/stm32cubeide_1.12.0/plugins/com.st.stm32cube.ide.mcu.externaltools.gnu-tools-for-stm32.10.3-2021.10.linux64_1.0.200.202301161003/tools/bin/../lib/gcc/arm-none-eabi/10.3.1/thumb/v8-m.main+fp/hard/crtbegin.o
                [!provide]                        PROVIDE (__fini_array_end = .)
                0x000000000c00bf98                . = ALIGN (0x8)
 *fill*         0x000000000c00bf94        0x4 
                0x000000000c00bf98                _sidata = LOADADDR (.data)

.data           0x0000000030000000       0x78 load address 0x000000000c00bf98
                0x0000000030000000                . = ALIGN (0x8)
                0x0000000030000000                _sdata = .
 *(.data)
 *(.data*)
 .data.Sd_PinDetect
                0x0000000030000000        0x4 ./Drivers/BSP/STM32L562E-DK/stm32l562e_discovery_sd.o
                0x0000000030000000                Sd_PinDetect
 .data.Sd_PortDetect
                0x0000000030000004        0x4 ./Drivers/BSP/STM32L562E-DK/stm32l562e_discovery_sd.o
                0x0000000030000004                Sd_PortDetect
 .data.SystemCoreClock
                0x0000000030000008        0x4 ./Drivers/CMSIS/system_stm32l5xx_s.o
                0x0000000030000008                SystemCoreClock
 .data.uwTickPrio
                0x000000003000000c        0x4 ./Drivers/STM32L5xx_HAL_Driver/stm32l5xx_hal.o
                0x000000003000000c                uwTickPrio
 .data.uwTickFreq
                0x0000000030000010        0x1 ./Drivers/STM32L5xx_HAL_Driver/stm32l5xx_hal.o
                0x0000000030000010                uwTickFreq
 .data.Stat     0x0000000030000011        0x1 ./Example/FATFS/Target/sd_diskio.o
 .data.size     0x0000000030000012        0x1 ./Example/User/main.o
                0x0000000030000012                size
 *fill*         0x0000000030000013        0x1 
 .data._impure_ptr
                0x0000000030000014        0x4 /home/cspl/st/stm32cubeide_1.12.0/plugins/com.st.stm32cube.ide.mcu.externaltools.gnu-tools-for-stm32.10.3-2021.10.linux64_1.0.200.202301161003/tools/bin/../lib/gcc/arm-none-eabi/10.3.1/../../../../arm-none-eabi/lib/thumb/v8-m.main+fp/hard/libc_nano.a(lib_a-impure.o)
                0x0000000030000014                _impure_ptr
 .data.impure_data
                0x0000000030000018       0x60 /home/cspl/st/stm32cubeide_1.12.0/plugins/com.st.stm32cube.ide.mcu.externaltools.gnu-tools-for-stm32.10.3-2021.10.linux64_1.0.200.202301161003/tools/bin/../lib/gcc/arm-none-eabi/10.3.1/../../../../arm-none-eabi/lib/thumb/v8-m.main+fp/hard/libc_nano.a(lib_a-impure.o)
                0x0000000030000078                . = ALIGN (0x8)
                0x0000000030000078                _edata = .

.igot.plt       0x0000000030000078        0x0 load address 0x000000000c00c010
 .igot.plt      0x0000000030000078        0x0 /home/cspl/st/stm32cubeide_1.12.0/plugins/com.st.stm32cube.ide.mcu.externaltools.gnu-tools-for-stm32.10.3-2021.10.linux64_1.0.200.202301161003/tools/bin/../lib/gcc/arm-none-eabi/10.3.1/thumb/v8-m.main+fp/hard/crtbegin.o

.gnu.sgstubs    0x000000000c03e000       0x60
                0x000000000c03e000                . = ALIGN (0x8)
 *(.gnu.sgstubs*)
                0x000000000c03e000                . = ALIGN (0x8)
 .gnu.sgstubs.__stub
                0x000000000c03e000       0x50 linker stubs
                0x000000000c03e000                SECURE_SystemCoreClockUpdate
                0x000000000c03e008                SECURE_SD_WriteBlocks
                0x000000000c03e010                SECURE_SD_GetCardState
                0x000000000c03e018                SECURE_SD_ReadBlocks
                0x000000000c03e020                SECURE_SD_GetCardInfo
                0x000000000c03e028                SECURE_RegisterCallback
                0x000000000c03e030                SECURE_SD_Init
                0x000000000c03e038                jump_secure
                0x000000000c03e040                Normal_entry
                0x000000000c03e048                SECURE_SD_IsDetected
                0x000000000c03e050                . = ALIGN (0x8)

.bss            0x0000000030000078      0x7b0
                0x0000000030000078                _sbss = .
                0x0000000030000078                __bss_start__ = _sbss
 *(.bss)
 .bss           0x0000000030000078       0x1c /home/cspl/st/stm32cubeide_1.12.0/plugins/com.st.stm32cube.ide.mcu.externaltools.gnu-tools-for-stm32.10.3-2021.10.linux64_1.0.200.202301161003/tools/bin/../lib/gcc/arm-none-eabi/10.3.1/thumb/v8-m.main+fp/hard/crtbegin.o
 *(.bss*)
 .bss.hsd_sdmmc
                0x0000000030000094       0x7c ./Drivers/BSP/STM32L562E-DK/stm32l562e_discovery_sd.o
                0x0000000030000094                hsd_sdmmc
 .bss.uwTick    0x0000000030000110        0x4 ./Drivers/STM32L5xx_HAL_Driver/stm32l5xx_hal.o
                0x0000000030000110                uwTick
 .bss.SDFatFs   0x0000000030000114      0x234 ./Example/FATFS/App/app_fatfs.o
                0x0000000030000114                SDFatFs
 .bss.SDFile    0x0000000030000348      0x230 ./Example/FATFS/App/app_fatfs.o
                0x0000000030000348                SDFile
 .bss.SDPath    0x0000000030000578        0x4 ./Example/FATFS/App/app_fatfs.o
                0x0000000030000578                SDPath
 .bss.Appli_state
                0x000000003000057c        0x1 ./Example/FATFS/App/app_fatfs.o
                0x000000003000057c                Appli_state
 *fill*         0x000000003000057d        0x3 
 .bss.workBuffer
                0x0000000030000580      0x200 ./Example/FATFS/App/app_fatfs.o
                0x0000000030000580                workBuffer
 .bss.htim17    0x0000000030000780       0x4c ./Example/User/main.o
                0x0000000030000780                htim17
 .bss.flag_s    0x00000000300007cc        0x4 ./Example/User/main.o
                0x00000000300007cc                flag_s
 .bss.arr       0x00000000300007d0        0x4 ./Example/User/main.o
                0x00000000300007d0                arr
 .bss.pSecureFaultCallback
                0x00000000300007d4        0x4 ./Example/User/secure_nsc.o
                0x00000000300007d4                pSecureFaultCallback
 .bss.pSecureErrorCallback
                0x00000000300007d8        0x4 ./Example/User/secure_nsc.o
                0x00000000300007d8                pSecureErrorCallback
 .bss.pTask1Callback
                0x00000000300007dc        0x4 ./Example/User/secure_nsc.o
                0x00000000300007dc                pTask1Callback
 .bss.__sbrk_heap_end
                0x00000000300007e0        0x4 ./Example/User/sysmem.o
 .bss.FatFs     0x00000000300007e4        0x4 ./Middlewares/FatFs/Core/ff.o
 .bss.Fsid      0x00000000300007e8        0x2 ./Middlewares/FatFs/Core/ff.o
 *fill*         0x00000000300007ea        0x2 
 .bss.Files     0x00000000300007ec       0x20 ./Middlewares/FatFs/Core/ff.o
 .bss.disk      0x000000003000080c        0xc ./Middlewares/FatFs/Core/ff_gen_drv.o
                0x000000003000080c                disk
 .bss.__malloc_free_list
                0x0000000030000818        0x4 /home/cspl/st/stm32cubeide_1.12.0/plugins/com.st.stm32cube.ide.mcu.externaltools.gnu-tools-for-stm32.10.3-2021.10.linux64_1.0.200.202301161003/tools/bin/../lib/gcc/arm-none-eabi/10.3.1/../../../../arm-none-eabi/lib/thumb/v8-m.main+fp/hard/libc_nano.a(lib_a-nano-mallocr.o)
                0x0000000030000818                __malloc_free_list
 .bss.__malloc_sbrk_start
                0x000000003000081c        0x4 /home/cspl/st/stm32cubeide_1.12.0/plugins/com.st.stm32cube.ide.mcu.externaltools.gnu-tools-for-stm32.10.3-2021.10.linux64_1.0.200.202301161003/tools/bin/../lib/gcc/arm-none-eabi/10.3.1/../../../../arm-none-eabi/lib/thumb/v8-m.main+fp/hard/libc_nano.a(lib_a-nano-mallocr.o)
                0x000000003000081c                __malloc_sbrk_start
 .bss.errno     0x0000000030000820        0x4 /home/cspl/st/stm32cubeide_1.12.0/plugins/com.st.stm32cube.ide.mcu.externaltools.gnu-tools-for-stm32.10.3-2021.10.linux64_1.0.200.202301161003/tools/bin/../lib/gcc/arm-none-eabi/10.3.1/../../../../arm-none-eabi/lib/thumb/v8-m.main+fp/hard/libc_nano.a(lib_a-reent.o)
                0x0000000030000820                errno
 .bss.__lock___malloc_recursive_mutex
                0x0000000030000824        0x1 /home/cspl/st/stm32cubeide_1.12.0/plugins/com.st.stm32cube.ide.mcu.externaltools.gnu-tools-for-stm32.10.3-2021.10.linux64_1.0.200.202301161003/tools/bin/../lib/gcc/arm-none-eabi/10.3.1/../../../../arm-none-eabi/lib/thumb/v8-m.main+fp/hard/libc_nano.a(lib_a-lock.o)
                0x0000000030000824                __lock___malloc_recursive_mutex
 *(COMMON)
                0x0000000030000828                . = ALIGN (0x8)
 *fill*         0x0000000030000825        0x3 
                0x0000000030000828                _ebss = .
                0x0000000030000828                __bss_end__ = _ebss

._user_heap_stack
                0x0000000030000828     0x3000
                0x0000000030000828                . = ALIGN (0x8)
                [!provide]                        PROVIDE (end = .)
                0x0000000030000828                PROVIDE (_end = .)
                0x0000000030001828                . = (. + _Min_Heap_Size)
 *fill*         0x0000000030000828     0x1000 
                0x0000000030003828                . = (. + _Min_Stack_Size)
 *fill*         0x0000000030001828     0x2000 
                0x0000000030003828                . = ALIGN (0x8)

/DISCARD/
 libc.a(*)
 libm.a(*)
 libgcc.a(*)

.ARM.attributes
                0x0000000000000000       0x36
 *(.ARM.attributes)
 .ARM.attributes
                0x0000000000000000       0x22 /home/cspl/st/stm32cubeide_1.12.0/plugins/com.st.stm32cube.ide.mcu.externaltools.gnu-tools-for-stm32.10.3-2021.10.linux64_1.0.200.202301161003/tools/bin/../lib/gcc/arm-none-eabi/10.3.1/thumb/v8-m.main+fp/hard/crti.o
 .ARM.attributes
                0x0000000000000022       0x38 /home/cspl/st/stm32cubeide_1.12.0/plugins/com.st.stm32cube.ide.mcu.externaltools.gnu-tools-for-stm32.10.3-2021.10.linux64_1.0.200.202301161003/tools/bin/../lib/gcc/arm-none-eabi/10.3.1/thumb/v8-m.main+fp/hard/crtbegin.o
 .ARM.attributes
                0x000000000000005a       0x3a ./Drivers/BSP/STM32L562E-DK/stm32l562e_discovery_sd.o
 .ARM.attributes
                0x0000000000000094       0x3a ./Drivers/CMSIS/system_stm32l5xx_s.o
 .ARM.attributes
                0x00000000000000ce       0x3a ./Drivers/STM32L5xx_HAL_Driver/stm32l5xx_hal.o
 .ARM.attributes
                0x0000000000000108       0x3a ./Drivers/STM32L5xx_HAL_Driver/stm32l5xx_hal_cortex.o
 .ARM.attributes
                0x0000000000000142       0x3a ./Drivers/STM32L5xx_HAL_Driver/stm32l5xx_hal_gpio.o
 .ARM.attributes
                0x000000000000017c       0x3a ./Drivers/STM32L5xx_HAL_Driver/stm32l5xx_hal_gtzc.o
 .ARM.attributes
                0x00000000000001b6       0x3a ./Drivers/STM32L5xx_HAL_Driver/stm32l5xx_hal_icache.o
 .ARM.attributes
                0x00000000000001f0       0x3a ./Drivers/STM32L5xx_HAL_Driver/stm32l5xx_hal_pwr_ex.o
 .ARM.attributes
                0x000000000000022a       0x3a ./Drivers/STM32L5xx_HAL_Driver/stm32l5xx_hal_rcc.o
 .ARM.attributes
                0x0000000000000264       0x3a ./Drivers/STM32L5xx_HAL_Driver/stm32l5xx_hal_rcc_ex.o
 .ARM.attributes
                0x000000000000029e       0x3a ./Drivers/STM32L5xx_HAL_Driver/stm32l5xx_hal_sd.o
 .ARM.attributes
                0x00000000000002d8       0x3a ./Drivers/STM32L5xx_HAL_Driver/stm32l5xx_hal_tim.o
 .ARM.attributes
                0x0000000000000312       0x3a ./Drivers/STM32L5xx_HAL_Driver/stm32l5xx_hal_tim_ex.o
 .ARM.attributes
                0x000000000000034c       0x3a ./Drivers/STM32L5xx_HAL_Driver/stm32l5xx_ll_sdmmc.o
 .ARM.attributes
                0x0000000000000386       0x3a ./Example/FATFS/App/app_fatfs.o
 .ARM.attributes
                0x00000000000003c0       0x3a ./Example/FATFS/Target/sd_diskio.o
 .ARM.attributes
                0x00000000000003fa       0x24 ./Example/Startup/startup_stm32l562qeixq.o
 .ARM.attributes
                0x000000000000041e       0x3a ./Example/User/main.o
 .ARM.attributes
                0x0000000000000458       0x3a ./Example/User/secure_nsc.o
 .ARM.attributes
                0x0000000000000492       0x3a ./Example/User/stm32l5xx_hal_msp.o
 .ARM.attributes
                0x00000000000004cc       0x3a ./Example/User/stm32l5xx_it.o
 .ARM.attributes
                0x0000000000000506       0x3a ./Example/User/sysmem.o
 .ARM.attributes
                0x0000000000000540       0x3a ./Middlewares/FatFs/Core/diskio.o
 .ARM.attributes
                0x000000000000057a       0x3a ./Middlewares/FatFs/Core/ff.o
 .ARM.attributes
                0x00000000000005b4       0x3a ./Middlewares/FatFs/Core/ff_gen_drv.o
 .ARM.attributes
                0x00000000000005ee       0x3a ./Middlewares/FatFs/Options/syscall.o
 .ARM.attributes
                0x0000000000000628       0x3a ./Middlewares/FatFs/Options/unicode.o
 .ARM.attributes
                0x0000000000000662       0x38 /home/cspl/st/stm32cubeide_1.12.0/plugins/com.st.stm32cube.ide.mcu.externaltools.gnu-tools-for-stm32.10.3-2021.10.linux64_1.0.200.202301161003/tools/bin/../lib/gcc/arm-none-eabi/10.3.1/../../../../arm-none-eabi/lib/thumb/v8-m.main+fp/hard/libc_nano.a(lib_a-errno.o)
 .ARM.attributes
                0x000000000000069a       0x38 /home/cspl/st/stm32cubeide_1.12.0/plugins/com.st.stm32cube.ide.mcu.externaltools.gnu-tools-for-stm32.10.3-2021.10.linux64_1.0.200.202301161003/tools/bin/../lib/gcc/arm-none-eabi/10.3.1/../../../../arm-none-eabi/lib/thumb/v8-m.main+fp/hard/libc_nano.a(lib_a-impure.o)
 .ARM.attributes
                0x00000000000006d2       0x38 /home/cspl/st/stm32cubeide_1.12.0/plugins/com.st.stm32cube.ide.mcu.externaltools.gnu-tools-for-stm32.10.3-2021.10.linux64_1.0.200.202301161003/tools/bin/../lib/gcc/arm-none-eabi/10.3.1/../../../../arm-none-eabi/lib/thumb/v8-m.main+fp/hard/libc_nano.a(lib_a-init.o)
 .ARM.attributes
                0x000000000000070a       0x38 /home/cspl/st/stm32cubeide_1.12.0/plugins/com.st.stm32cube.ide.mcu.externaltools.gnu-tools-for-stm32.10.3-2021.10.linux64_1.0.200.202301161003/tools/bin/../lib/gcc/arm-none-eabi/10.3.1/../../../../arm-none-eabi/lib/thumb/v8-m.main+fp/hard/libc_nano.a(lib_a-malloc.o)
 .ARM.attributes
                0x0000000000000742       0x38 /home/cspl/st/stm32cubeide_1.12.0/plugins/com.st.stm32cube.ide.mcu.externaltools.gnu-tools-for-stm32.10.3-2021.10.linux64_1.0.200.202301161003/tools/bin/../lib/gcc/arm-none-eabi/10.3.1/../../../../arm-none-eabi/lib/thumb/v8-m.main+fp/hard/libc_nano.a(lib_a-memcpy-stub.o)
 .ARM.attributes
                0x000000000000077a       0x38 /home/cspl/st/stm32cubeide_1.12.0/plugins/com.st.stm32cube.ide.mcu.externaltools.gnu-tools-for-stm32.10.3-2021.10.linux64_1.0.200.202301161003/tools/bin/../lib/gcc/arm-none-eabi/10.3.1/../../../../arm-none-eabi/lib/thumb/v8-m.main+fp/hard/libc_nano.a(lib_a-memset.o)
 .ARM.attributes
                0x00000000000007b2       0x38 /home/cspl/st/stm32cubeide_1.12.0/plugins/com.st.stm32cube.ide.mcu.externaltools.gnu-tools-for-stm32.10.3-2021.10.linux64_1.0.200.202301161003/tools/bin/../lib/gcc/arm-none-eabi/10.3.1/../../../../arm-none-eabi/lib/thumb/v8-m.main+fp/hard/libc_nano.a(lib_a-nano-freer.o)
 .ARM.attributes
                0x00000000000007ea       0x38 /home/cspl/st/stm32cubeide_1.12.0/plugins/com.st.stm32cube.ide.mcu.externaltools.gnu-tools-for-stm32.10.3-2021.10.linux64_1.0.200.202301161003/tools/bin/../lib/gcc/arm-none-eabi/10.3.1/../../../../arm-none-eabi/lib/thumb/v8-m.main+fp/hard/libc_nano.a(lib_a-nano-mallocr.o)
 .ARM.attributes
                0x0000000000000822       0x38 /home/cspl/st/stm32cubeide_1.12.0/plugins/com.st.stm32cube.ide.mcu.externaltools.gnu-tools-for-stm32.10.3-2021.10.linux64_1.0.200.202301161003/tools/bin/../lib/gcc/arm-none-eabi/10.3.1/../../../../arm-none-eabi/lib/thumb/v8-m.main+fp/hard/libc_nano.a(lib_a-sbrkr.o)
 .ARM.attributes
                0x000000000000085a       0x38 /home/cspl/st/stm32cubeide_1.12.0/plugins/com.st.stm32cube.ide.mcu.externaltools.gnu-tools-for-stm32.10.3-2021.10.linux64_1.0.200.202301161003/tools/bin/../lib/gcc/arm-none-eabi/10.3.1/../../../../arm-none-eabi/lib/thumb/v8-m.main+fp/hard/libc_nano.a(lib_a-mlock.o)
 .ARM.attributes
                0x0000000000000892       0x38 /home/cspl/st/stm32cubeide_1.12.0/plugins/com.st.stm32cube.ide.mcu.externaltools.gnu-tools-for-stm32.10.3-2021.10.linux64_1.0.200.202301161003/tools/bin/../lib/gcc/arm-none-eabi/10.3.1/../../../../arm-none-eabi/lib/thumb/v8-m.main+fp/hard/libc_nano.a(lib_a-reent.o)
 .ARM.attributes
                0x00000000000008ca       0x38 /home/cspl/st/stm32cubeide_1.12.0/plugins/com.st.stm32cube.ide.mcu.externaltools.gnu-tools-for-stm32.10.3-2021.10.linux64_1.0.200.202301161003/tools/bin/../lib/gcc/arm-none-eabi/10.3.1/../../../../arm-none-eabi/lib/thumb/v8-m.main+fp/hard/libc_nano.a(lib_a-lock.o)
 .ARM.attributes
                0x0000000000000902       0x24 /home/cspl/st/stm32cubeide_1.12.0/plugins/com.st.stm32cube.ide.mcu.externaltools.gnu-tools-for-stm32.10.3-2021.10.linux64_1.0.200.202301161003/tools/bin/../lib/gcc/arm-none-eabi/10.3.1/thumb/v8-m.main+fp/hard/libgcc.a(cmse_nonsecure_call.o)
 .ARM.attributes
                0x0000000000000926       0x22 /home/cspl/st/stm32cubeide_1.12.0/plugins/com.st.stm32cube.ide.mcu.externaltools.gnu-tools-for-stm32.10.3-2021.10.linux64_1.0.200.202301161003/tools/bin/../lib/gcc/arm-none-eabi/10.3.1/thumb/v8-m.main+fp/hard/crtn.o
OUTPUT(FatFs_uSD_TrustZone_Secure.elf elf32-littlearm)
LOAD linker stubs
LOAD /home/cspl/st/stm32cubeide_1.12.0/plugins/com.st.stm32cube.ide.mcu.externaltools.gnu-tools-for-stm32.10.3-2021.10.linux64_1.0.200.202301161003/tools/bin/../lib/gcc/arm-none-eabi/10.3.1/../../../../arm-none-eabi/lib/thumb/v8-m.main+fp/hard/libc.a
LOAD /home/cspl/st/stm32cubeide_1.12.0/plugins/com.st.stm32cube.ide.mcu.externaltools.gnu-tools-for-stm32.10.3-2021.10.linux64_1.0.200.202301161003/tools/bin/../lib/gcc/arm-none-eabi/10.3.1/../../../../arm-none-eabi/lib/thumb/v8-m.main+fp/hard/libm.a
LOAD /home/cspl/st/stm32cubeide_1.12.0/plugins/com.st.stm32cube.ide.mcu.externaltools.gnu-tools-for-stm32.10.3-2021.10.linux64_1.0.200.202301161003/tools/bin/../lib/gcc/arm-none-eabi/10.3.1/thumb/v8-m.main+fp/hard/libgcc.a

.debug_info     0x0000000000000000    0x17b33
 .debug_info    0x0000000000000000     0x1bb4 ./Drivers/BSP/STM32L562E-DK/stm32l562e_discovery_sd.o
 .debug_info    0x0000000000001bb4      0xa4e ./Drivers/CMSIS/system_stm32l5xx_s.o
 .debug_info    0x0000000000002602      0xdd9 ./Drivers/STM32L5xx_HAL_Driver/stm32l5xx_hal.o
 .debug_info    0x00000000000033db     0x124c ./Drivers/STM32L5xx_HAL_Driver/stm32l5xx_hal_cortex.o
 .debug_info    0x0000000000004627      0x73f ./Drivers/STM32L5xx_HAL_Driver/stm32l5xx_hal_gpio.o
 .debug_info    0x0000000000004d66      0xc4b ./Drivers/STM32L5xx_HAL_Driver/stm32l5xx_hal_gtzc.o
 .debug_info    0x00000000000059b1      0x522 ./Drivers/STM32L5xx_HAL_Driver/stm32l5xx_hal_icache.o
 .debug_info    0x0000000000005ed3      0xdf9 ./Drivers/STM32L5xx_HAL_Driver/stm32l5xx_hal_pwr_ex.o
 .debug_info    0x0000000000006ccc     0x1083 ./Drivers/STM32L5xx_HAL_Driver/stm32l5xx_hal_rcc.o
 .debug_info    0x0000000000007d4f     0x121a ./Drivers/STM32L5xx_HAL_Driver/stm32l5xx_hal_rcc_ex.o
 .debug_info    0x0000000000008f69     0x1b5b ./Drivers/STM32L5xx_HAL_Driver/stm32l5xx_hal_sd.o
 .debug_info    0x000000000000aac4     0x2e46 ./Drivers/STM32L5xx_HAL_Driver/stm32l5xx_hal_tim.o
 .debug_info    0x000000000000d90a     0x1a0e ./Drivers/STM32L5xx_HAL_Driver/stm32l5xx_hal_tim_ex.o
 .debug_info    0x000000000000f318     0x131d ./Drivers/STM32L5xx_HAL_Driver/stm32l5xx_ll_sdmmc.o
 .debug_info    0x0000000000010635      0x8bd ./Example/FATFS/App/app_fatfs.o
 .debug_info    0x0000000000010ef2      0x4fd ./Example/FATFS/Target/sd_diskio.o
 .debug_info    0x00000000000113ef       0x22 ./Example/Startup/startup_stm32l562qeixq.o
 .debug_info    0x0000000000011411     0x1a2e ./Example/User/main.o
 .debug_info    0x0000000000012e3f      0x3e7 ./Example/User/secure_nsc.o
 .debug_info    0x0000000000013226      0xeb5 ./Example/User/stm32l5xx_hal_msp.o
 .debug_info    0x00000000000140db      0x932 ./Example/User/stm32l5xx_it.o
 .debug_info    0x0000000000014a0d      0x171 ./Example/User/sysmem.o
 .debug_info    0x0000000000014b7e      0x412 ./Middlewares/FatFs/Core/diskio.o
 .debug_info    0x0000000000014f90     0x2528 ./Middlewares/FatFs/Core/ff.o
 .debug_info    0x00000000000174b8      0x3a9 ./Middlewares/FatFs/Core/ff_gen_drv.o
 .debug_info    0x0000000000017861      0x10c ./Middlewares/FatFs/Options/syscall.o
 .debug_info    0x000000000001796d      0x1c6 ./Middlewares/FatFs/Options/unicode.o

.debug_abbrev   0x0000000000000000     0x354c
 .debug_abbrev  0x0000000000000000      0x2fb ./Drivers/BSP/STM32L562E-DK/stm32l562e_discovery_sd.o
 .debug_abbrev  0x00000000000002fb      0x184 ./Drivers/CMSIS/system_stm32l5xx_s.o
 .debug_abbrev  0x000000000000047f      0x2d4 ./Drivers/STM32L5xx_HAL_Driver/stm32l5xx_hal.o
 .debug_abbrev  0x0000000000000753      0x31d ./Drivers/STM32L5xx_HAL_Driver/stm32l5xx_hal_cortex.o
 .debug_abbrev  0x0000000000000a70      0x1b2 ./Drivers/STM32L5xx_HAL_Driver/stm32l5xx_hal_gpio.o
 .debug_abbrev  0x0000000000000c22      0x1c8 ./Drivers/STM32L5xx_HAL_Driver/stm32l5xx_hal_gtzc.o
 .debug_abbrev  0x0000000000000dea      0x21e ./Drivers/STM32L5xx_HAL_Driver/stm32l5xx_hal_icache.o
 .debug_abbrev  0x0000000000001008      0x283 ./Drivers/STM32L5xx_HAL_Driver/stm32l5xx_hal_pwr_ex.o
 .debug_abbrev  0x000000000000128b      0x2ee ./Drivers/STM32L5xx_HAL_Driver/stm32l5xx_hal_rcc.o
 .debug_abbrev  0x0000000000001579      0x2b9 ./Drivers/STM32L5xx_HAL_Driver/stm32l5xx_hal_rcc_ex.o
 .debug_abbrev  0x0000000000001832      0x25e ./Drivers/STM32L5xx_HAL_Driver/stm32l5xx_hal_sd.o
 .debug_abbrev  0x0000000000001a90      0x264 ./Drivers/STM32L5xx_HAL_Driver/stm32l5xx_hal_tim.o
 .debug_abbrev  0x0000000000001cf4      0x281 ./Drivers/STM32L5xx_HAL_Driver/stm32l5xx_hal_tim_ex.o
 .debug_abbrev  0x0000000000001f75      0x1fd ./Drivers/STM32L5xx_HAL_Driver/stm32l5xx_ll_sdmmc.o
 .debug_abbrev  0x0000000000002172      0x25f ./Example/FATFS/App/app_fatfs.o
 .debug_abbrev  0x00000000000023d1      0x15d ./Example/FATFS/Target/sd_diskio.o
 .debug_abbrev  0x000000000000252e       0x12 ./Example/Startup/startup_stm32l562qeixq.o
 .debug_abbrev  0x0000000000002540      0x3ae ./Example/User/main.o
 .debug_abbrev  0x00000000000028ee      0x102 ./Example/User/secure_nsc.o
 .debug_abbrev  0x00000000000029f0      0x1ec ./Example/User/stm32l5xx_hal_msp.o
 .debug_abbrev  0x0000000000002bdc      0x1b8 ./Example/User/stm32l5xx_it.o
 .debug_abbrev  0x0000000000002d94       0xbb ./Example/User/sysmem.o
 .debug_abbrev  0x0000000000002e4f      0x178 ./Middlewares/FatFs/Core/diskio.o
 .debug_abbrev  0x0000000000002fc7      0x254 ./Middlewares/FatFs/Core/ff.o
 .debug_abbrev  0x000000000000321b      0x196 ./Middlewares/FatFs/Core/ff_gen_drv.o
 .debug_abbrev  0x00000000000033b1       0xbf ./Middlewares/FatFs/Options/syscall.o
 .debug_abbrev  0x0000000000003470       0xdc ./Middlewares/FatFs/Options/unicode.o

.debug_aranges  0x0000000000000000     0x1688
 .debug_aranges
                0x0000000000000000       0xe8 ./Drivers/BSP/STM32L562E-DK/stm32l562e_discovery_sd.o
 .debug_aranges
                0x00000000000000e8       0x38 ./Drivers/CMSIS/system_stm32l5xx_s.o
 .debug_aranges
                0x0000000000000120      0x140 ./Drivers/STM32L5xx_HAL_Driver/stm32l5xx_hal.o
 .debug_aranges
                0x0000000000000260      0x150 ./Drivers/STM32L5xx_HAL_Driver/stm32l5xx_hal_cortex.o
 .debug_aranges
                0x00000000000003b0       0x70 ./Drivers/STM32L5xx_HAL_Driver/stm32l5xx_hal_gpio.o
 .debug_aranges
                0x0000000000000420       0xb8 ./Drivers/STM32L5xx_HAL_Driver/stm32l5xx_hal_gtzc.o
 .debug_aranges
                0x00000000000004d8       0xa8 ./Drivers/STM32L5xx_HAL_Driver/stm32l5xx_hal_icache.o
 .debug_aranges
                0x0000000000000580      0x1b8 ./Drivers/STM32L5xx_HAL_Driver/stm32l5xx_hal_pwr_ex.o
 .debug_aranges
                0x0000000000000738       0xa8 ./Drivers/STM32L5xx_HAL_Driver/stm32l5xx_hal_rcc.o
 .debug_aranges
                0x00000000000007e0      0x118 ./Drivers/STM32L5xx_HAL_Driver/stm32l5xx_hal_rcc_ex.o
 .debug_aranges
                0x00000000000008f8      0x170 ./Drivers/STM32L5xx_HAL_Driver/stm32l5xx_hal_sd.o
 .debug_aranges
                0x0000000000000a68      0x3e0 ./Drivers/STM32L5xx_HAL_Driver/stm32l5xx_hal_tim.o
 .debug_aranges
                0x0000000000000e48      0x190 ./Drivers/STM32L5xx_HAL_Driver/stm32l5xx_hal_tim_ex.o
 .debug_aranges
                0x0000000000000fd8      0x1a0 ./Drivers/STM32L5xx_HAL_Driver/stm32l5xx_ll_sdmmc.o
 .debug_aranges
                0x0000000000001178       0x48 ./Example/FATFS/App/app_fatfs.o
 .debug_aranges
                0x00000000000011c0       0x48 ./Example/FATFS/Target/sd_diskio.o
 .debug_aranges
                0x0000000000001208       0x28 ./Example/Startup/startup_stm32l562qeixq.o
 .debug_aranges
                0x0000000000001230       0x68 ./Example/User/main.o
 .debug_aranges
                0x0000000000001298       0x50 ./Example/User/secure_nsc.o
 .debug_aranges
                0x00000000000012e8       0x38 ./Example/User/stm32l5xx_hal_msp.o
 .debug_aranges
                0x0000000000001320       0x78 ./Example/User/stm32l5xx_it.o
 .debug_aranges
                0x0000000000001398       0x20 ./Example/User/sysmem.o
 .debug_aranges
                0x00000000000013b8       0x48 ./Middlewares/FatFs/Core/diskio.o
 .debug_aranges
                0x0000000000001400      0x1f8 ./Middlewares/FatFs/Core/ff.o
 .debug_aranges
                0x00000000000015f8       0x40 ./Middlewares/FatFs/Core/ff_gen_drv.o
 .debug_aranges
                0x0000000000001638       0x28 ./Middlewares/FatFs/Options/syscall.o
 .debug_aranges
                0x0000000000001660       0x28 ./Middlewares/FatFs/Options/unicode.o

.debug_ranges   0x0000000000000000     0x1518
 .debug_ranges  0x0000000000000000       0xd8 ./Drivers/BSP/STM32L562E-DK/stm32l562e_discovery_sd.o
 .debug_ranges  0x00000000000000d8       0x28 ./Drivers/CMSIS/system_stm32l5xx_s.o
 .debug_ranges  0x0000000000000100      0x130 ./Drivers/STM32L5xx_HAL_Driver/stm32l5xx_hal.o
 .debug_ranges  0x0000000000000230      0x140 ./Drivers/STM32L5xx_HAL_Driver/stm32l5xx_hal_cortex.o
 .debug_ranges  0x0000000000000370       0x60 ./Drivers/STM32L5xx_HAL_Driver/stm32l5xx_hal_gpio.o
 .debug_ranges  0x00000000000003d0       0xa8 ./Drivers/STM32L5xx_HAL_Driver/stm32l5xx_hal_gtzc.o
 .debug_ranges  0x0000000000000478       0x98 ./Drivers/STM32L5xx_HAL_Driver/stm32l5xx_hal_icache.o
 .debug_ranges  0x0000000000000510      0x1a8 ./Drivers/STM32L5xx_HAL_Driver/stm32l5xx_hal_pwr_ex.o
 .debug_ranges  0x00000000000006b8       0x98 ./Drivers/STM32L5xx_HAL_Driver/stm32l5xx_hal_rcc.o
 .debug_ranges  0x0000000000000750      0x108 ./Drivers/STM32L5xx_HAL_Driver/stm32l5xx_hal_rcc_ex.o
 .debug_ranges  0x0000000000000858      0x160 ./Drivers/STM32L5xx_HAL_Driver/stm32l5xx_hal_sd.o
 .debug_ranges  0x00000000000009b8      0x3d0 ./Drivers/STM32L5xx_HAL_Driver/stm32l5xx_hal_tim.o
 .debug_ranges  0x0000000000000d88      0x180 ./Drivers/STM32L5xx_HAL_Driver/stm32l5xx_hal_tim_ex.o
 .debug_ranges  0x0000000000000f08      0x190 ./Drivers/STM32L5xx_HAL_Driver/stm32l5xx_ll_sdmmc.o
 .debug_ranges  0x0000000000001098       0x70 ./Example/FATFS/App/app_fatfs.o
 .debug_ranges  0x0000000000001108       0x38 ./Example/FATFS/Target/sd_diskio.o
 .debug_ranges  0x0000000000001140       0x20 ./Example/Startup/startup_stm32l562qeixq.o
 .debug_ranges  0x0000000000001160       0x58 ./Example/User/main.o
 .debug_ranges  0x00000000000011b8       0x40 ./Example/User/secure_nsc.o
 .debug_ranges  0x00000000000011f8       0x28 ./Example/User/stm32l5xx_hal_msp.o
 .debug_ranges  0x0000000000001220       0x68 ./Example/User/stm32l5xx_it.o
 .debug_ranges  0x0000000000001288       0x10 ./Example/User/sysmem.o
 .debug_ranges  0x0000000000001298       0x38 ./Middlewares/FatFs/Core/diskio.o
 .debug_ranges  0x00000000000012d0      0x1e8 ./Middlewares/FatFs/Core/ff.o
 .debug_ranges  0x00000000000014b8       0x30 ./Middlewares/FatFs/Core/ff_gen_drv.o
 .debug_ranges  0x00000000000014e8       0x18 ./Middlewares/FatFs/Options/syscall.o
 .debug_ranges  0x0000000000001500       0x18 ./Middlewares/FatFs/Options/unicode.o

.debug_macro    0x0000000000000000     0x594e
 .debug_macro   0x0000000000000000      0x272 ./Drivers/BSP/STM32L562E-DK/stm32l562e_discovery_sd.o
 .debug_macro   0x0000000000000272       0x6a ./Drivers/BSP/STM32L562E-DK/stm32l562e_discovery_sd.o
 .debug_macro   0x00000000000002dc      0x264 ./Drivers/CMSIS/system_stm32l5xx_s.o
 .debug_macro   0x0000000000000540      0x17e ./Drivers/CMSIS/system_stm32l5xx_s.o
 .debug_macro   0x00000000000006be      0x27b ./Drivers/STM32L5xx_HAL_Driver/stm32l5xx_hal.o
 .debug_macro   0x0000000000000939      0x24b ./Drivers/STM32L5xx_HAL_Driver/stm32l5xx_hal_cortex.o
 .debug_macro   0x0000000000000b84      0x251 ./Drivers/STM32L5xx_HAL_Driver/stm32l5xx_hal_gpio.o
 .debug_macro   0x0000000000000dd5      0x2bd ./Drivers/STM32L5xx_HAL_Driver/stm32l5xx_hal_gtzc.o
 .debug_macro   0x0000000000001092      0x27b ./Drivers/STM32L5xx_HAL_Driver/stm32l5xx_hal_icache.o
 .debug_macro   0x000000000000130d      0x27b ./Drivers/STM32L5xx_HAL_Driver/stm32l5xx_hal_pwr_ex.o
 .debug_macro   0x0000000000001588      0x275 ./Drivers/STM32L5xx_HAL_Driver/stm32l5xx_hal_rcc.o
 .debug_macro   0x00000000000017fd      0x2b1 ./Drivers/STM32L5xx_HAL_Driver/stm32l5xx_hal_rcc_ex.o
 .debug_macro   0x0000000000001aae      0x261 ./Drivers/STM32L5xx_HAL_Driver/stm32l5xx_hal_sd.o
 .debug_macro   0x0000000000001d0f      0x24c ./Drivers/STM32L5xx_HAL_Driver/stm32l5xx_hal_tim.o
 .debug_macro   0x0000000000001f5b      0x251 ./Drivers/STM32L5xx_HAL_Driver/stm32l5xx_hal_tim_ex.o
 .debug_macro   0x00000000000021ac      0x24c ./Drivers/STM32L5xx_HAL_Driver/stm32l5xx_ll_sdmmc.o
 .debug_macro   0x00000000000023f8      0x3a9 ./Example/FATFS/App/app_fatfs.o
 .debug_macro   0x00000000000027a1       0xeb ./Example/FATFS/App/app_fatfs.o
 .debug_macro   0x000000000000288c       0x1e ./Example/FATFS/App/app_fatfs.o
 .debug_macro   0x00000000000028aa       0x4c ./Example/FATFS/App/app_fatfs.o
 .debug_macro   0x00000000000028f6       0x94 ./Example/FATFS/App/app_fatfs.o
 .debug_macro   0x000000000000298a       0x3c ./Example/FATFS/App/app_fatfs.o
 .debug_macro   0x00000000000029c6       0x34 ./Example/FATFS/App/app_fatfs.o
 .debug_macro   0x00000000000029fa       0x16 ./Example/FATFS/App/app_fatfs.o
 .debug_macro   0x0000000000002a10      0x10e ./Example/FATFS/App/app_fatfs.o
 .debug_macro   0x0000000000002b1e       0x8d ./Example/FATFS/App/app_fatfs.o
 .debug_macro   0x0000000000002bab       0x16 ./Example/FATFS/App/app_fatfs.o
 .debug_macro   0x0000000000002bc1       0x43 ./Example/FATFS/App/app_fatfs.o
 .debug_macro   0x0000000000002c04       0x57 ./Example/FATFS/App/app_fatfs.o
 .debug_macro   0x0000000000002c5b       0x34 ./Example/FATFS/App/app_fatfs.o
 .debug_macro   0x0000000000002c8f       0x10 ./Example/FATFS/App/app_fatfs.o
 .debug_macro   0x0000000000002c9f       0x58 ./Example/FATFS/App/app_fatfs.o
 .debug_macro   0x0000000000002cf7       0x71 ./Example/FATFS/App/app_fatfs.o
 .debug_macro   0x0000000000002d68       0x1c ./Example/FATFS/App/app_fatfs.o
 .debug_macro   0x0000000000002d84      0x12a ./Example/FATFS/App/app_fatfs.o
 .debug_macro   0x0000000000002eae      0x341 ./Example/FATFS/App/app_fatfs.o
 .debug_macro   0x00000000000031ef       0x16 ./Example/FATFS/App/app_fatfs.o
 .debug_macro   0x0000000000003205       0x29 ./Example/FATFS/App/app_fatfs.o
 .debug_macro   0x000000000000322e       0x12 ./Example/FATFS/App/app_fatfs.o
 .debug_macro   0x0000000000003240       0xe2 ./Example/FATFS/App/app_fatfs.o
 .debug_macro   0x0000000000003322       0x8e ./Example/FATFS/App/app_fatfs.o
 .debug_macro   0x00000000000033b0       0x56 ./Example/FATFS/App/app_fatfs.o
 .debug_macro   0x0000000000003406      0x18a ./Example/FATFS/App/app_fatfs.o
 .debug_macro   0x0000000000003590       0x34 ./Example/FATFS/App/app_fatfs.o
 .debug_macro   0x00000000000035c4      0x39e ./Example/FATFS/Target/sd_diskio.o
 .debug_macro   0x0000000000003962       0x16 ./Example/FATFS/Target/sd_diskio.o
 .debug_macro   0x0000000000003978       0x7c ./Example/FATFS/Target/sd_diskio.o
 .debug_macro   0x00000000000039f4      0x3e6 ./Example/User/main.o
 .debug_macro   0x0000000000003dda       0x4c ./Example/User/main.o
 .debug_macro   0x0000000000003e26       0x52 ./Example/User/main.o
 .debug_macro   0x0000000000003e78       0x16 ./Example/User/main.o