/home/cspl/STM32CubeIDE/workspace_tinyml/FatFs_uSD_TrustZone/NonSecure/Core/Src/main.c:80:5:main	8	static
/home/cspl/STM32CubeIDE/workspace_tinyml/FatFs_uSD_TrustZone/NonSecure/Core/Src/main.c:168:6:Task1_Delay	8	static
/home/cspl/STM32CubeIDE/workspace_tinyml/FatFs_uSD_TrustZone/NonSecure/Core/Src/main.c:194:6:SecureFault_Callback	8	static
/home/cspl/STM32CubeIDE/workspace_tinyml/FatFs_uSD_TrustZone/NonSecure/Core/Src/main.c:209:6:SecureError_Callback	8	static
/home/cspl/STM32CubeIDE/workspace_tinyml/FatFs_uSD_TrustZone/NonSecure/Core/Src/main.c:236:13:SystemClock_Config	104	static
/home/cspl/STM32CubeIDE/workspace_tinyml/FatFs_uSD_TrustZone/NonSecure/Core/Src/main.c:313:13:Error_Handler	8	static
/home/cspl/STM32CubeIDE/workspace_tinyml/FatFs_uSD_TrustZone/NonSecure/Core/Src/main.c:326:13:MX_TIM16_Init	8	static
/home/cspl/STM32CubeIDE/workspace_tinyml/FatFs_uSD_TrustZone/NonSecure/Core/Src/main.c:355:6:HAL_TIM_PeriodElapsedCallback	16	static
