/home/cspl/STM32CubeIDE/workspace_tinyml/FatFs_uSD_TrustZone/NonSecure/Core/Src/stm32l5xx_it.c:50:6:NMI_Handler	4	static
/home/cspl/STM32CubeIDE/workspace_tinyml/FatFs_uSD_TrustZone/NonSecure/Core/Src/stm32l5xx_it.c:58:6:HardFault_Handler	4	static
/home/cspl/STM32CubeIDE/workspace_tinyml/FatFs_uSD_TrustZone/NonSecure/Core/Src/stm32l5xx_it.c:70:6:MemManage_Handler	4	static
/home/cspl/STM32CubeIDE/workspace_tinyml/FatFs_uSD_TrustZone/NonSecure/Core/Src/stm32l5xx_it.c:82:6:BusFault_Handler	4	static
/home/cspl/STM32CubeIDE/workspace_tinyml/FatFs_uSD_TrustZone/NonSecure/Core/Src/stm32l5xx_it.c:94:6:UsageFault_Handler	4	static
/home/cspl/STM32CubeIDE/workspace_tinyml/FatFs_uSD_TrustZone/NonSecure/Core/Src/stm32l5xx_it.c:106:6:SVC_Handler	4	static
/home/cspl/STM32CubeIDE/workspace_tinyml/FatFs_uSD_TrustZone/NonSecure/Core/Src/stm32l5xx_it.c:114:6:DebugMon_Handler	4	static
/home/cspl/STM32CubeIDE/workspace_tinyml/FatFs_uSD_TrustZone/NonSecure/Core/Src/stm32l5xx_it.c:125:6:PendSV_Handler	4	static
/home/cspl/STM32CubeIDE/workspace_tinyml/FatFs_uSD_TrustZone/NonSecure/Core/Src/stm32l5xx_it.c:136:6:SysTick_Handler	8	static
/home/cspl/STM32CubeIDE/workspace_tinyml/FatFs_uSD_TrustZone/NonSecure/Core/Src/stm32l5xx_it.c:144:6:TIM16_IRQHandler	8	static
