Archive member included to satisfy reference by file (symbol)

/home/cspl/st/stm32cubeide_1.12.0/plugins/com.st.stm32cube.ide.mcu.externaltools.gnu-tools-for-stm32.10.3-2021.10.linux64_1.0.200.202301161003/tools/bin/../lib/gcc/arm-none-eabi/10.3.1/../../../../arm-none-eabi/lib/thumb/v8-m.main+fp/hard/libc_nano.a(lib_a-errno.o)
                              ./Example/User/Core/syscalls.o (__errno)
/home/cspl/st/stm32cubeide_1.12.0/plugins/com.st.stm32cube.ide.mcu.externaltools.gnu-tools-for-stm32.10.3-2021.10.linux64_1.0.200.202301161003/tools/bin/../lib/gcc/arm-none-eabi/10.3.1/../../../../arm-none-eabi/lib/thumb/v8-m.main+fp/hard/libc_nano.a(lib_a-exit.o)
                              /home/cspl/st/stm32cubeide_1.12.0/plugins/com.st.stm32cube.ide.mcu.externaltools.gnu-tools-for-stm32.10.3-2021.10.linux64_1.0.200.202301161003/tools/bin/../lib/gcc/arm-none-eabi/10.3.1/../../../../arm-none-eabi/lib/thumb/v8-m.main+fp/hard/crt0.o (exit)
/home/cspl/st/stm32cubeide_1.12.0/plugins/com.st.stm32cube.ide.mcu.externaltools.gnu-tools-for-stm32.10.3-2021.10.linux64_1.0.200.202301161003/tools/bin/../lib/gcc/arm-none-eabi/10.3.1/../../../../arm-none-eabi/lib/thumb/v8-m.main+fp/hard/libc_nano.a(lib_a-impure.o)
                              /home/cspl/st/stm32cubeide_1.12.0/plugins/com.st.stm32cube.ide.mcu.externaltools.gnu-tools-for-stm32.10.3-2021.10.linux64_1.0.200.202301161003/tools/bin/../lib/gcc/arm-none-eabi/10.3.1/../../../../arm-none-eabi/lib/thumb/v8-m.main+fp/hard/libc_nano.a(lib_a-exit.o) (_global_impure_ptr)
/home/cspl/st/stm32cubeide_1.12.0/plugins/com.st.stm32cube.ide.mcu.externaltools.gnu-tools-for-stm32.10.3-2021.10.linux64_1.0.200.202301161003/tools/bin/../lib/gcc/arm-none-eabi/10.3.1/../../../../arm-none-eabi/lib/thumb/v8-m.main+fp/hard/libc_nano.a(lib_a-init.o)
                              /home/cspl/st/stm32cubeide_1.12.0/plugins/com.st.stm32cube.ide.mcu.externaltools.gnu-tools-for-stm32.10.3-2021.10.linux64_1.0.200.202301161003/tools/bin/../lib/gcc/arm-none-eabi/10.3.1/../../../../arm-none-eabi/lib/thumb/v8-m.main+fp/hard/crt0.o (__libc_init_array)
/home/cspl/st/stm32cubeide_1.12.0/plugins/com.st.stm32cube.ide.mcu.externaltools.gnu-tools-for-stm32.10.3-2021.10.linux64_1.0.200.202301161003/tools/bin/../lib/gcc/arm-none-eabi/10.3.1/../../../../arm-none-eabi/lib/thumb/v8-m.main+fp/hard/libc_nano.a(lib_a-malloc.o)
                              ./Middlewares/FatFs/Options/syscall.o (malloc)
/home/cspl/st/stm32cubeide_1.12.0/plugins/com.st.stm32cube.ide.mcu.externaltools.gnu-tools-for-stm32.10.3-2021.10.linux64_1.0.200.202301161003/tools/bin/../lib/gcc/arm-none-eabi/10.3.1/../../../../arm-none-eabi/lib/thumb/v8-m.main+fp/hard/libc_nano.a(lib_a-memcpy-stub.o)
                              ./Example/User/FATFS/App/app_fatfs.o (memcpy)
/home/cspl/st/stm32cubeide_1.12.0/plugins/com.st.stm32cube.ide.mcu.externaltools.gnu-tools-for-stm32.10.3-2021.10.linux64_1.0.200.202301161003/tools/bin/../lib/gcc/arm-none-eabi/10.3.1/../../../../arm-none-eabi/lib/thumb/v8-m.main+fp/hard/libc_nano.a(lib_a-memset.o)
                              /home/cspl/st/stm32cubeide_1.12.0/plugins/com.st.stm32cube.ide.mcu.externaltools.gnu-tools-for-stm32.10.3-2021.10.linux64_1.0.200.202301161003/tools/bin/../lib/gcc/arm-none-eabi/10.3.1/../../../../arm-none-eabi/lib/thumb/v8-m.main+fp/hard/crt0.o (memset)
/home/cspl/st/stm32cubeide_1.12.0/plugins/com.st.stm32cube.ide.mcu.externaltools.gnu-tools-for-stm32.10.3-2021.10.linux64_1.0.200.202301161003/tools/bin/../lib/gcc/arm-none-eabi/10.3.1/../../../../arm-none-eabi/lib/thumb/v8-m.main+fp/hard/libc_nano.a(lib_a-nano-freer.o)
                              /home/cspl/st/stm32cubeide_1.12.0/plugins/com.st.stm32cube.ide.mcu.externaltools.gnu-tools-for-stm32.10.3-2021.10.linux64_1.0.200.202301161003/tools/bin/../lib/gcc/arm-none-eabi/10.3.1/../../../../arm-none-eabi/lib/thumb/v8-m.main+fp/hard/libc_nano.a(lib_a-malloc.o) (_free_r)
/home/cspl/st/stm32cubeide_1.12.0/plugins/com.st.stm32cube.ide.mcu.externaltools.gnu-tools-for-stm32.10.3-2021.10.linux64_1.0.200.202301161003/tools/bin/../lib/gcc/arm-none-eabi/10.3.1/../../../../arm-none-eabi/lib/thumb/v8-m.main+fp/hard/libc_nano.a(lib_a-nano-mallocr.o)
                              /home/cspl/st/stm32cubeide_1.12.0/plugins/com.st.stm32cube.ide.mcu.externaltools.gnu-tools-for-stm32.10.3-2021.10.linux64_1.0.200.202301161003/tools/bin/../lib/gcc/arm-none-eabi/10.3.1/../../../../arm-none-eabi/lib/thumb/v8-m.main+fp/hard/libc_nano.a(lib_a-malloc.o) (_malloc_r)
/home/cspl/st/stm32cubeide_1.12.0/plugins/com.st.stm32cube.ide.mcu.externaltools.gnu-tools-for-stm32.10.3-2021.10.linux64_1.0.200.202301161003/tools/bin/../lib/gcc/arm-none-eabi/10.3.1/../../../../arm-none-eabi/lib/thumb/v8-m.main+fp/hard/libc_nano.a(lib_a-sbrkr.o)
[...]
Memory Configuration

Name             Origin             Length             Attributes
RAM              0x0000000020018000 0x0000000000018000 xrw
ROM              0x0000000008040000 0x0000000000040000 xr
*default*        0x0000000000000000 0xffffffffffffffff

Linker script and memory map

LOAD /home/cspl/st/stm32cubeide_1.12.0/plugins/com.st.stm32cube.ide.mcu.externaltools.gnu-tools-for-stm32.10.3-2021.10.linux64_1.0.200.202301161003/tools/bin/../lib/gcc/arm-none-eabi/10.3.1/thumb/v8-m.main+fp/hard/crti.o
LOAD /home/cspl/st/stm32cubeide_1.12.0/plugins/com.st.stm32cube.ide.mcu.externaltools.gnu-tools-for-stm32.10.3-2021.10.linux64_1.0.200.202301161003/tools/bin/../lib/gcc/arm-none-eabi/10.3.1/thumb/v8-m.main+fp/hard/crtbegin.o
LOAD /home/cspl/st/stm32cubeide_1.12.0/plugins/com.st.stm32cube.ide.mcu.externaltools.gnu-tools-for-stm32.10.3-2021.10.linux64_1.0.200.202301161003/tools/bin/../lib/gcc/arm-none-eabi/10.3.1/../../../../arm-none-eabi/lib/thumb/v8-m.main+fp/hard/crt0.o
LOAD ./Drivers/BSP/Components/mfxstm32l152.o
LOAD ./Drivers/BSP/Components/mfxstm32l152_reg.o
LOAD ./Drivers/BSP/STM32L562E-DK/stm32l562e_discovery.o
LOAD ./Drivers/BSP/STM32L562E-DK/stm32l562e_discovery_bus.o
LOAD ./Drivers/CMSIS/system_stm32l5xx_ns.o
LOAD ./Drivers/STM32L5xx_HAL_Driver/stm32l5xx_hal.o
LOAD ./Drivers/STM32L5xx_HAL_Driver/stm32l5xx_hal_cortex.o
LOAD ./Drivers/STM32L5xx_HAL_Driver/stm32l5xx_hal_dma.o
LOAD ./Drivers/STM32L5xx_HAL_Driver/stm32l5xx_hal_dma_ex.o
LOAD ./Drivers/STM32L5xx_HAL_Driver/stm32l5xx_hal_exti.o
LOAD ./Drivers/STM32L5xx_HAL_Driver/stm32l5xx_hal_gpio.o
LOAD ./Drivers/STM32L5xx_HAL_Driver/stm32l5xx_hal_gtzc.o
LOAD ./Drivers/STM32L5xx_HAL_Driver/stm32l5xx_hal_i2c.o
LOAD ./Drivers/STM32L5xx_HAL_Driver/stm32l5xx_hal_i2c_ex.o
LOAD ./Drivers/STM32L5xx_HAL_Driver/stm32l5xx_hal_pwr.o
LOAD ./Drivers/STM32L5xx_HAL_Driver/stm32l5xx_hal_pwr_ex.o
LOAD ./Drivers/STM32L5xx_HAL_Driver/stm32l5xx_hal_rcc.o
LOAD ./Drivers/STM32L5xx_HAL_Driver/stm32l5xx_hal_rcc_ex.o
LOAD ./Drivers/STM32L5xx_HAL_Driver/stm32l5xx_hal_tim.o
LOAD ./Drivers/STM32L5xx_HAL_Driver/stm32l5xx_hal_tim_ex.o
LOAD ./Drivers/STM32L5xx_HAL_Driver/stm32l5xx_hal_uart.o
LOAD ./Drivers/STM32L5xx_HAL_Driver/stm32l5xx_hal_uart_ex.o
LOAD ./Example/User/Core/main.o
LOAD ./Example/User/Core/stm32l5xx_hal_msp.o
LOAD ./Example/User/Core/stm32l5xx_it.o
LOAD ./Example/User/Core/syscalls.o
LOAD ./Example/User/Core/sysmem.o
LOAD ./Example/User/FATFS/App/app_fatfs.o
LOAD ./Example/User/FATFS/Target/sd_diskio.o
LOAD ./Example/User/Startup/startup_stm32l562qeixq.o
LOAD ./Middlewares/FatFs/Core/diskio.o
LOAD ./Middlewares/FatFs/Core/ff.o
LOAD ./Middlewares/FatFs/Core/ff_gen_drv.o
LOAD ./Middlewares/FatFs/Options/syscall.o
LOAD ./Middlewares/FatFs/Options/unicode.o
LOAD /home/cspl/STM32CubeIDE/workspace_tinyml/FatFs_uSD_TrustZone/STM32CubeIDE/Secure/Debug/secure_nsclib.o
START GROUP
LOAD /home/cspl/st/stm32cubeide_1.12.0/plugins/com.st.stm32cube.ide.mcu.externaltools.gnu-tools-for-stm32.10.3-2021.10.linux64_1.0.200.202301161003/tools/bin/../lib/gcc/arm-none-eabi/10.3.1/../../../../arm-none-eabi/lib/thumb/v8-m.main+fp/hard/libc_nano.a
LOAD /home/cspl/st/stm32cubeide_1.12.0/plugins/com.st.stm32cube.ide.mcu.externaltools.gnu-tools-for-stm32.10.3-2021.10.linux64_1.0.200.202301161003/tools/bin/../lib/gcc/arm-none-eabi/10.3.1/../../../../arm-none-eabi/lib/thumb/v8-m.main+fp/hard/libm.a
END GROUP
START GROUP
LOAD /home/cspl/st/stm32cubeide_1.12.0/plugins/com.st.stm32cube.ide.mcu.externaltools.gnu-tools-for-stm32.10.3-2021.10.linux64_1.0.200.202301161003/tools/bin/../lib/gcc/arm-none-eabi/10.3.1/thumb/v8-m.main+fp/hard/libgcc.a
LOAD /home/cspl/st/stm32cubeide_1.12.0/plugins/com.st.stm32cube.ide.mcu.externaltools.gnu-tools-for-stm32.10.3-2021.10.linux64_1.0.200.202301161003/tools/bin/../lib/gcc/arm-none-eabi/10.3.1/../../../../arm-none-eabi/lib/thumb/v8-m.main+fp/hard/libc_nano.a
END GROUP
START GROUP
LOAD /home/cspl/st/stm32cubeide_1.12.0/plugins/com.st.stm32cube.ide.mcu.externaltools.gnu-tools-for-stm32.10.3-2021.10.linux64_1.0.200.202301161003/tools/bin/../lib/gcc/arm-none-eabi/10.3.1/thumb/v8-m.main+fp/hard/libgcc.a
LOAD /home/cspl/st/stm32cubeide_1.12.0/plugins/com.st.stm32cube.ide.mcu.externaltools.gnu-tools-for-stm32.10.3-2021.10.linux64_1.0.200.202301161003/tools/bin/../lib/gcc/arm-none-eabi/10.3.1/../../../../arm-none-eabi/lib/thumb/v8-m.main+fp/hard/libc_nano.a
LOAD /home/cspl/st/stm32cubeide_1.12.0/plugins/com.st.stm32cube.ide.mcu.externaltools.gnu-tools-for-stm32.10.3-2021.10.linux64_1.0.200.202301161003/tools/bin/../lib/gcc/arm-none-eabi/10.3.1/../../../../arm-none-eabi/lib/thumb/v8-m.main+fp/hard/libnosys.a
END GROUP
START GROUP
LOAD /home/cspl/st/stm32cubeide_1.12.0/plugins/com.st.stm32cube.ide.mcu.externaltools.gnu-tools-for-stm32.10.3-2021.10.linux64_1.0.200.202301161003/tools/bin/../lib/gcc/arm-none-eabi/10.3.1/thumb/v8-m.main+fp/hard/libgcc.a
LOAD /home/cspl/st/stm32cubeide_1.12.0/plugins/com.st.stm32cube.ide.mcu.externaltools.gnu-tools-for-stm32.10.3-2021.10.linux64_1.0.200.202301161003/tools/bin/../lib/gcc/arm-none-eabi/10.3.1/../../../../arm-none-eabi/lib/thumb/v8-m.main+fp/hard/libc_nano.a
LOAD /home/cspl/st/stm32cubeide_1.12.0/plugins/com.st.stm32cube.ide.mcu.externaltools.gnu-tools-for-stm32.10.3-2021.10.linux64_1.0.200.202301161003/tools/bin/../lib/gcc/arm-none-eabi/10.3.1/../../../../arm-none-eabi/lib/thumb/v8-m.main+fp/hard/libnosys.a
END GROUP
LOAD /home/cspl/st/stm32cubeide_1.12.0/plugins/com.st.stm32cube.ide.mcu.externaltools.gnu-tools-for-stm32.10.3-2021.10.linux64_1.0.200.202301161003/tools/bin/../lib/gcc/arm-none-eabi/10.3.1/thumb/v8-m.main+fp/hard/crtend.o
LOAD /home/cspl/st/stm32cubeide_1.12.0/plugins/com.st.stm32cube.ide.mcu.externaltools.gnu-tools-for-stm32.10.3-2021.10.linux64_1.0.200.202301161003/tools/bin/../lib/gcc/arm-none-eabi/10.3.1/thumb/v8-m.main+fp/hard/crtn.o
                0x0000000020030000                _estack = (ORIGIN (RAM) + LENGTH (RAM))
                0x0000000000001000                _Min_Heap_Size = 0x1000
                0x0000000000002000                _Min_Stack_Size = 0x2000

.isr_vector     0x0000000008040000      0x1f8
                0x0000000008040000                . = ALIGN (0x8)
 *(.isr_vector)
 .isr_vector    0x0000000008040000      0x1f4 ./Example/User/Startup/startup_stm32l562qeixq.o
                0x0000000008040000                g_pfnVectors
                0x00000000080401f8                . = ALIGN (0x8)
 *fill*         0x00000000080401f4        0x4 

.text           0x00000000080401f8     0x2118
                0x00000000080401f8                . = ALIGN (0x8)
 *(.text)
 .text          0x00000000080401f8       0x40 /home/cspl/st/stm32cubeide_1.12.0/plugins/com.st.stm32cube.ide.mcu.externaltools.gnu-tools-for-stm32.10.3-2021.10.linux64_1.0.200.202301161003/tools/bin/../lib/gcc/arm-none-eabi/10.3.1/thumb/v8-m.main+fp/hard/crtbegin.o
 *(.text*)
 .text.BSP_LED_Init
                0x0000000008040238       0xbc ./Drivers/BSP/STM32L562E-DK/stm32l562e_discovery.o
                0x0000000008040238                BSP_LED_Init
 .text.BSP_LED_On
                0x00000000080402f4       0x38 ./Drivers/BSP/STM32L562E-DK/stm32l562e_discovery.o
                0x00000000080402f4                BSP_LED_On
 .text.SystemInit
                0x000000000804032c        0xe ./Drivers/CMSIS/system_stm32l5xx_ns.o
                0x000000000804032c                SystemInit
 *fill*         0x000000000804033a        0x2 
 .text.SystemCoreClockUpdate
                0x000000000804033c       0x18 ./Drivers/CMSIS/system_stm32l5xx_ns.o
                0x000000000804033c                SystemCoreClockUpdate
 .text.HAL_Init
                0x0000000008040354       0x34 ./Drivers/STM32L5xx_HAL_Driver/stm32l5xx_hal.o
                0x0000000008040354                HAL_Init
 .text.HAL_MspInit
                0x0000000008040388        0xe ./Drivers/STM32L5xx_HAL_Driver/stm32l5xx_hal.o
                0x0000000008040388                HAL_MspInit
 *fill*         0x0000000008040396        0x2 
 .text.HAL_InitTick
                0x0000000008040398       0x78 ./Drivers/STM32L5xx_HAL_Driver/stm32l5xx_hal.o
                0x0000000008040398                HAL_InitTick
 .text.HAL_IncTick
                0x0000000008040410       0x28 ./Drivers/STM32L5xx_HAL_Driver/stm32l5xx_hal.o
                0x0000000008040410                HAL_IncTick
 .text.HAL_GetTick
                0x0000000008040438       0x18 ./Drivers/STM32L5xx_HAL_Driver/stm32l5xx_hal.o
                0x0000000008040438                HAL_GetTick
 .text.__NVIC_SetPriorityGrouping
                0x0000000008040450       0x48 ./Drivers/STM32L5xx_HAL_Driver/stm32l5xx_hal_cortex.o
 .text.__NVIC_GetPriorityGrouping
                0x0000000008040498       0x1c ./Drivers/STM32L5xx_HAL_Driver/stm32l5xx_hal_cortex.o
 .text.__NVIC_EnableIRQ
                0x00000000080404b4       0x3c ./Drivers/STM32L5xx_HAL_Driver/stm32l5xx_hal_cortex.o
 .text.__NVIC_SetPriority
                0x00000000080404f0       0x54 ./Drivers/STM32L5xx_HAL_Driver/stm32l5xx_hal_cortex.o
 .text.NVIC_EncodePriority
                0x0000000008040544       0x66 ./Drivers/STM32L5xx_HAL_Driver/stm32l5xx_hal_cortex.o
 *fill*         0x00000000080405aa        0x2 
 .text.SysTick_Config
                0x00000000080405ac       0x44 ./Drivers/STM32L5xx_HAL_Driver/stm32l5xx_hal_cortex.o
 .text.HAL_NVIC_SetPriorityGrouping
                0x00000000080405f0       0x16 ./Drivers/STM32L5xx_HAL_Driver/stm32l5xx_hal_cortex.o
                0x00000000080405f0                HAL_NVIC_SetPriorityGrouping
 .text.HAL_NVIC_SetPriority
                0x0000000008040606       0x34 ./Drivers/STM32L5xx_HAL_Driver/stm32l5xx_hal_cortex.o
                0x0000000008040606                HAL_NVIC_SetPriority
 .text.HAL_NVIC_EnableIRQ
                0x000000000804063a       0x1c ./Drivers/STM32L5xx_HAL_Driver/stm32l5xx_hal_cortex.o
                0x000000000804063a                HAL_NVIC_EnableIRQ
 .text.HAL_SYSTICK_Config
                0x0000000008040656       0x18 ./Drivers/STM32L5xx_HAL_Driver/stm32l5xx_hal_cortex.o
                0x0000000008040656                HAL_SYSTICK_Config
 *fill*         0x000000000804066e        0x2 
 .text.HAL_GPIO_Init
                0x0000000008040670      0x300 ./Drivers/STM32L5xx_HAL_Driver/stm32l5xx_hal_gpio.o
                0x0000000008040670                HAL_GPIO_Init
 .text.HAL_GPIO_WritePin
                0x0000000008040970       0x30 ./Drivers/STM32L5xx_HAL_Driver/stm32l5xx_hal_gpio.o
                0x0000000008040970                HAL_GPIO_WritePin
 .text.HAL_GPIO_TogglePin
                0x00000000080409a0       0x34 ./Drivers/STM32L5xx_HAL_Driver/stm32l5xx_hal_gpio.o
                0x00000000080409a0                HAL_GPIO_TogglePin
 .text.HAL_PWREx_GetVoltageRange
                0x00000000080409d4       0x1c ./Drivers/STM32L5xx_HAL_Driver/stm32l5xx_hal_pwr_ex.o
                0x00000000080409d4                HAL_PWREx_GetVoltageRange
 .text.HAL_PWREx_ControlVoltageScaling
                0x00000000080409f0       0xb8 ./Drivers/STM32L5xx_HAL_Driver/stm32l5xx_hal_pwr_ex.o
                0x00000000080409f0                HAL_PWREx_ControlVoltageScaling
 .text.HAL_PWREx_EnableVddIO2
                0x0000000008040aa8       0x20 ./Drivers/STM32L5xx_HAL_Driver/stm32l5xx_hal_pwr_ex.o
                0x0000000008040aa8                HAL_PWREx_EnableVddIO2
 .text.HAL_PWREx_SMPS_GetEffectiveMode
                0x0000000008040ac8       0x48 ./Drivers/STM32L5xx_HAL_Driver/stm32l5xx_hal_pwr_ex.o
                0x0000000008040ac8                HAL_PWREx_SMPS_GetEffectiveMode
 .text.HAL_RCC_OscConfig
                0x0000000008040b10      0x9ac ./Drivers/STM32L5xx_HAL_Driver/stm32l5xx_hal_rcc.o
                0x0000000008040b10                HAL_RCC_OscConfig
 .text.HAL_RCC_ClockConfig
                0x00000000080414bc      0x270 ./Drivers/STM32L5xx_HAL_Driver/stm32l5xx_hal_rcc.o
                0x00000000080414bc                HAL_RCC_ClockConfig
 .text.HAL_RCC_GetSysClockFreq
                0x000000000804172c      0x138 ./Drivers/STM32L5xx_HAL_Driver/stm32l5xx_hal_rcc.o
                0x000000000804172c                HAL_RCC_GetSysClockFreq
 .text.HAL_RCC_GetHCLKFreq
                0x0000000008041864       0x28 ./Drivers/STM32L5xx_HAL_Driver/stm32l5xx_hal_rcc.o
                0x0000000008041864                HAL_RCC_GetHCLKFreq
 .text.RCC_SetFlashLatencyFromMSIRange
                0x000000000804188c       0xc8 ./Drivers/STM32L5xx_HAL_Driver/stm32l5xx_hal_rcc.o
 .text.RCC_GetSysClockFreqFromPLLSource
                0x0000000008041954       0xd8 ./Drivers/STM32L5xx_HAL_Driver/stm32l5xx_hal_rcc.o
 .text.HAL_TIM_Base_Init
                0x0000000008041a2c       0xae ./Drivers/STM32L5xx_HAL_Driver/stm32l5xx_hal_tim.o
                0x0000000008041a2c                HAL_TIM_Base_Init
 .text.HAL_TIM_IRQHandler
                0x0000000008041ada      0x23e ./Drivers/STM32L5xx_HAL_Driver/stm32l5xx_hal_tim.o
                0x0000000008041ada                HAL_TIM_IRQHandler
 .text.HAL_TIM_OC_DelayElapsedCallback
                0x0000000008041d18       0x14 ./Drivers/STM32L5xx_HAL_Driver/stm32l5xx_hal_tim.o
                0x0000000008041d18                HAL_TIM_OC_DelayElapsedCallback
 .text.HAL_TIM_IC_CaptureCallback
                0x0000000008041d2c       0x14 ./Drivers/STM32L5xx_HAL_Driver/stm32l5xx_hal_tim.o
                0x0000000008041d2c                HAL_TIM_IC_CaptureCallback
 .text.HAL_TIM_PWM_PulseFinishedCallback
                0x0000000008041d40       0x14 ./Drivers/STM32L5xx_HAL_Driver/stm32l5xx_hal_tim.o
                0x0000000008041d40                HAL_TIM_PWM_PulseFinishedCallback
 .text.HAL_TIM_TriggerCallback
                0x0000000008041d54       0x14 ./Drivers/STM32L5xx_HAL_Driver/stm32l5xx_hal_tim.o
                0x0000000008041d54                HAL_TIM_TriggerCallback
 .text.TIM_Base_SetConfig
                0x0000000008041d68      0x134 ./Drivers/STM32L5xx_HAL_Driver/stm32l5xx_hal_tim.o
                0x0000000008041d68                TIM_Base_SetConfig
 .text.HAL_TIMEx_CommutCallback
                0x0000000008041e9c       0x14 ./Drivers/STM32L5xx_HAL_Driver/stm32l5xx_hal_tim_ex.o
                0x0000000008041e9c                HAL_TIMEx_CommutCallback
 .text.HAL_TIMEx_BreakCallback
                0x0000000008041eb0       0x14 ./Drivers/STM32L5xx_HAL_Driver/stm32l5xx_hal_tim_ex.o
                0x0000000008041eb0                HAL_TIMEx_BreakCallback
 .text.HAL_TIMEx_Break2Callback
                0x0000000008041ec4       0x14 ./Drivers/STM32L5xx_HAL_Driver/stm32l5xx_hal_tim_ex.o
                0x0000000008041ec4                HAL_TIMEx_Break2Callback
 .text.main     0x0000000008041ed8       0x60 ./Example/User/Core/main.o
                0x0000000008041ed8                main
 .text.Task1_Delay
                0x0000000008041f38       0x2c ./Example/User/Core/main.o
                0x0000000008041f38                Task1_Delay
 .text.SecureFault_Callback
                0x0000000008041f64        0xc ./Example/User/Core/main.o
                0x0000000008041f64                SecureFault_Callback
 .text.SecureError_Callback
                0x0000000008041f70        0xc ./Example/User/Core/main.o
                0x0000000008041f70                SecureError_Callback
 .text.SystemClock_Config
                0x0000000008041f7c      0x128 ./Example/User/Core/main.o
 .text.Error_Handler
                0x00000000080420a4        0xc ./Example/User/Core/main.o
 .text.MX_TIM16_Init
                0x00000000080420b0       0x50 ./Example/User/Core/main.o
 .text.HAL_TIM_PeriodElapsedCallback
                0x0000000008042100       0x34 ./Example/User/Core/main.o
                0x0000000008042100                HAL_TIM_PeriodElapsedCallback
 .text.HAL_TIM_Base_MspInit
                0x0000000008042134       0x84 ./Example/User/Core/stm32l5xx_hal_msp.o
                0x0000000008042134                HAL_TIM_Base_MspInit
 .text.NMI_Handler
                0x00000000080421b8        0xe ./Example/User/Core/stm32l5xx_it.o
                0x00000000080421b8                NMI_Handler
 .text.HardFault_Handler
                0x00000000080421c6        0x6 ./Example/User/Core/stm32l5xx_it.o
                0x00000000080421c6                HardFault_Handler
 .text.MemManage_Handler
                0x00000000080421cc        0x6 ./Example/User/Core/stm32l5xx_it.o
                0x00000000080421cc                MemManage_Handler
 .text.BusFault_Handler
                0x00000000080421d2        0x6 ./Example/User/Core/stm32l5xx_it.o
                0x00000000080421d2                BusFault_Handler
 .text.UsageFault_Handler
                0x00000000080421d8        0x6 ./Example/User/Core/stm32l5xx_it.o
                0x00000000080421d8                UsageFault_Handler
 .text.SVC_Handler
                0x00000000080421de        0xe ./Example/User/Core/stm32l5xx_it.o
                0x00000000080421de                SVC_Handler
 .text.DebugMon_Handler
                0x00000000080421ec        0x6 ./Example/User/Core/stm32l5xx_it.o
                0x00000000080421ec                DebugMon_Handler
 .text.PendSV_Handler
                0x00000000080421f2        0x6 ./Example/User/Core/stm32l5xx_it.o
                0x00000000080421f2                PendSV_Handler
 .text.SysTick_Handler
                0x00000000080421f8        0xc ./Example/User/Core/stm32l5xx_it.o
                0x00000000080421f8                SysTick_Handler
 .text.TIM16_IRQHandler
                0x0000000008042204       0x14 ./Example/User/Core/stm32l5xx_it.o
                0x0000000008042204                TIM16_IRQHandler
 .text.Reset_Handler
                0x0000000008042218       0x50 ./Example/User/Startup/startup_stm32l562qeixq.o
                0x0000000008042218                Reset_Handler
 .text.Default_Handler
                0x0000000008042268        0x2 ./Example/User/Startup/startup_stm32l562qeixq.o
                0x0000000008042268                EXTI2_IRQHandler
                0x0000000008042268                TIM8_TRG_COM_IRQHandler
                0x0000000008042268                TIM8_CC_IRQHandler
                0x0000000008042268                EXTI5_IRQHandler
                0x0000000008042268                FLASH_S_IRQHandler
                0x0000000008042268                EXTI13_IRQHandler
                0x0000000008042268                TIM1_CC_IRQHandler
                0x0000000008042268                TSC_IRQHandler
                0x0000000008042268                TAMP_IRQHandler
                0x0000000008042268                TIM6_IRQHandler
                0x0000000008042268                EXTI12_IRQHandler
                0x0000000008042268                DMA2_Channel8_IRQHandler
                0x0000000008042268                EXTI3_IRQHandler
                0x0000000008042268                EXTI8_IRQHandler
                0x0000000008042268                LPTIM2_IRQHandler
                0x0000000008042268                DFSDM1_FLT1_IRQHandler
                0x0000000008042268                USB_FS_IRQHandler
                0x0000000008042268                I2C3_ER_IRQHandler
                0x0000000008042268                DFSDM1_FLT2_IRQHandler
                0x0000000008042268                DMAMUX1_IRQHandler
                0x0000000008042268                LPTIM3_IRQHandler
                0x0000000008042268                EXTI0_IRQHandler
                0x0000000008042268                I2C2_EV_IRQHandler
                0x0000000008042268                FPU_IRQHandler
                0x0000000008042268                FDCAN1_IT1_IRQHandler
                0x0000000008042268                ADC1_2_IRQHandler
                0x0000000008042268                SPI1_IRQHandler
                0x0000000008042268                OCTOSPI1_IRQHandler
                0x0000000008042268                TIM8_UP_IRQHandler
                0x0000000008042268                RCC_S_IRQHandler
                0x0000000008042268                DMA2_Channel2_IRQHandler
                0x0000000008042268                DMA1_Channel4_IRQHandler
                0x0000000008042268                SAI2_IRQHandler
                0x0000000008042268                DFSDM1_FLT3_IRQHandler
                0x0000000008042268                PKA_IRQHandler
                0x0000000008042268                EXTI15_IRQHandler
                0x0000000008042268                TIM17_IRQHandler
                0x0000000008042268                USART3_IRQHandler
                0x0000000008042268                RTC_IRQHandler
                0x0000000008042268                EXTI9_IRQHandler
                0x0000000008042268                DMA1_Channel7_IRQHandler
                0x0000000008042268                UART5_IRQHandler
                0x0000000008042268                TIM4_IRQHandler
                0x0000000008042268                DMA2_Channel1_IRQHandler
                0x0000000008042268                I2C1_EV_IRQHandler
                0x0000000008042268                DMA1_Channel6_IRQHandler
                0x0000000008042268                UART4_IRQHandler
                0x0000000008042268                DMA2_Channel4_IRQHandler
                0x0000000008042268                SecureFault_Handler
                0x0000000008042268                TIM3_IRQHandler
                0x0000000008042268                RCC_IRQHandler
                0x0000000008042268                TIM1_TRG_COM_IRQHandler
                0x0000000008042268                DMA1_Channel1_IRQHandler
                0x0000000008042268                Default_Handler
                0x0000000008042268                DMA2_Channel7_IRQHandler
                0x0000000008042268                OTFDEC1_IRQHandler
                0x0000000008042268                DMA1_Channel8_IRQHandler
                0x0000000008042268                TIM7_IRQHandler
                0x0000000008042268                SDMMC1_IRQHandler
                0x0000000008042268                TIM5_IRQHandler
                0x0000000008042268                UCPD1_IRQHandler
                0x0000000008042268                TIM15_IRQHandler
                0x0000000008042268                I2C3_EV_IRQHandler
                0x0000000008042268                PVD_PVM_IRQHandler
                0x0000000008042268                SPI2_IRQHandler
                0x0000000008042268                EXTI14_IRQHandler
                0x0000000008042268                EXTI11_IRQHandler
                0x0000000008042268                DMA2_Channel5_IRQHandler
                0x0000000008042268                CRS_IRQHandler
                0x0000000008042268                DMA1_Channel5_IRQHandler
                0x0000000008042268                EXTI4_IRQHandler
                0x0000000008042268                RTC_S_IRQHandler
                0x0000000008042268                RNG_IRQHandler
                0x0000000008042268                DMAMUX1_S_IRQHandler
                0x0000000008042268                DMA1_Channel3_IRQHandler
                0x0000000008042268                COMP_IRQHandler
                0x0000000008042268                TIM1_UP_IRQHandler
                0x0000000008042268                WWDG_IRQHandler
                0x0000000008042268                I2C4_EV_IRQHandler
                0x0000000008042268                LPUART1_IRQHandler
                0x0000000008042268                DMA2_Channel6_IRQHandler
                0x0000000008042268                FDCAN1_IT0_IRQHandler
                0x0000000008042268                TIM2_IRQHandler
                0x0000000008042268                TAMP_S_IRQHandler
                0x0000000008042268                EXTI7_IRQHandler
                0x0000000008042268                TIM1_BRK_IRQHandler
                0x0000000008042268                DAC_IRQHandler
                0x0000000008042268                EXTI1_IRQHandler
                0x0000000008042268                AES_IRQHandler
                0x0000000008042268                GTZC_IRQHandler
                0x0000000008042268                USART2_IRQHandler
                0x0000000008042268                DFSDM1_FLT0_IRQHandler
                0x0000000008042268                I2C2_ER_IRQHandler
                0x0000000008042268                DMA1_Channel2_IRQHandler
                0x0000000008042268                TIM8_BRK_IRQHandler
                0x0000000008042268                FLASH_IRQHandler
                0x0000000008042268                USART1_IRQHandler
                0x0000000008042268                EXTI10_IRQHandler
                0x0000000008042268                SPI3_IRQHandler
                0x0000000008042268                I2C1_ER_IRQHandler
                0x0000000008042268                FMC_IRQHandler
                0x0000000008042268                EXTI6_IRQHandler
                0x0000000008042268                LPTIM1_IRQHandler
                0x0000000008042268                I2C4_ER_IRQHandler
                0x0000000008042268                ICACHE_IRQHandler
                0x0000000008042268                SAI1_IRQHandler
                0x0000000008042268                HASH_IRQHandler
                0x0000000008042268                DMA2_Channel3_IRQHandler
 *fill*         0x000000000804226a        0x2 
 .text.__libc_init_array
                0x000000000804226c       0x48 /home/cspl/st/stm32cubeide_1.12.0/plugins/com.st.stm32cube.ide.mcu.externaltools.gnu-tools-for-stm32.10.3-2021.10.linux64_1.0.200.202301161003/tools/bin/../lib/gcc/arm-none-eabi/10.3.1/../../../../arm-none-eabi/lib/thumb/v8-m.main+fp/hard/libc_nano.a(lib_a-init.o)
                0x000000000804226c                __libc_init_array
 .text.memset   0x00000000080422b4       0x10 /home/cspl/st/stm32cubeide_1.12.0/plugins/com.st.stm32cube.ide.mcu.externaltools.gnu-tools-for-stm32.10.3-2021.10.linux64_1.0.200.202301161003/tools/bin/../lib/gcc/arm-none-eabi/10.3.1/../../../../arm-none-eabi/lib/thumb/v8-m.main+fp/hard/libc_nano.a(lib_a-memset.o)
                0x00000000080422b4                memset
 *(.glue_7)
 .glue_7        0x00000000080422c4        0x0 linker stubs
 *(.glue_7t)
 .glue_7t       0x00000000080422c4        0x0 linker stubs
 *(.eh_frame)
 .eh_frame      0x00000000080422c4        0x0 /home/cspl/st/stm32cubeide_1.12.0/plugins/com.st.stm32cube.ide.mcu.externaltools.gnu-tools-for-stm32.10.3-2021.10.linux64_1.0.200.202301161003/tools/bin/../lib/gcc/arm-none-eabi/10.3.1/thumb/v8-m.main+fp/hard/crtbegin.o
 *(.init)
 .init          0x00000000080422c4        0x4 /home/cspl/st/stm32cubeide_1.12.0/plugins/com.st.stm32cube.ide.mcu.externaltools.gnu-tools-for-stm32.10.3-2021.10.linux64_1.0.200.202301161003/tools/bin/../lib/gcc/arm-none-eabi/10.3.1/thumb/v8-m.main+fp/hard/crti.o
                0x00000000080422c4                _init
 .init          0x00000000080422c8        0x8 /home/cspl/st/stm32cubeide_1.12.0/plugins/com.st.stm32cube.ide.mcu.externaltools.gnu-tools-for-stm32.10.3-2021.10.linux64_1.0.200.202301161003/tools/bin/../lib/gcc/arm-none-eabi/10.3.1/thumb/v8-m.main+fp/hard/crtn.o
 *(.fini)
 .fini          0x00000000080422d0        0x4 /home/cspl/st/stm32cubeide_1.12.0/plugins/com.st.stm32cube.ide.mcu.externaltools.gnu-tools-for-stm32.10.3-2021.10.linux64_1.0.200.202301161003/tools/bin/../lib/gcc/arm-none-eabi/10.3.1/thumb/v8-m.main+fp/hard/crti.o
                0x00000000080422d0                _fini
 .fini          0x00000000080422d4        0x8 /home/cspl/st/stm32cubeide_1.12.0/plugins/com.st.stm32cube.ide.mcu.externaltools.gnu-tools-for-stm32.10.3-2021.10.linux64_1.0.200.202301161003/tools/bin/../lib/gcc/arm-none-eabi/10.3.1/thumb/v8-m.main+fp/hard/crtn.o
 *fill*         0x00000000080422dc        0x4 
 .fini.__stub   0x00000000080422e0       0x30 linker stubs
                0x0000000008042310                . = ALIGN (0x8)
 *fill*         0x0000000008042310        0x0 
                0x0000000008042310                _etext = .

.vfp11_veneer   0x0000000008042310        0x0
 .vfp11_veneer  0x0000000008042310        0x0 linker stubs

.v4_bx          0x0000000008042310        0x0
 .v4_bx         0x0000000008042310        0x0 linker stubs

.iplt           0x0000000008042310        0x0
 .iplt          0x0000000008042310        0x0 /home/cspl/st/stm32cubeide_1.12.0/plugins/com.st.stm32cube.ide.mcu.externaltools.gnu-tools-for-stm32.10.3-2021.10.linux64_1.0.200.202301161003/tools/bin/../lib/gcc/arm-none-eabi/10.3.1/thumb/v8-m.main+fp/hard/crtbegin.o

.rodata         0x0000000008042310       0x50
                0x0000000008042310                . = ALIGN (0x8)
 *(.rodata)
 *(.rodata*)
 .rodata.AHBPrescTable
                0x0000000008042310       0x10 ./Drivers/CMSIS/system_stm32l5xx_ns.o
                0x0000000008042310                AHBPrescTable
 .rodata.MSIRangeTable
                0x0000000008042320       0x40 ./Drivers/CMSIS/system_stm32l5xx_ns.o
                0x0000000008042320                MSIRangeTable
                0x0000000008042360                . = ALIGN (0x8)

.rel.dyn        0x0000000008042360        0x0
 .rel.iplt      0x0000000008042360        0x0 /home/cspl/st/stm32cubeide_1.12.0/plugins/com.st.stm32cube.ide.mcu.externaltools.gnu-tools-for-stm32.10.3-2021.10.linux64_1.0.200.202301161003/tools/bin/../lib/gcc/arm-none-eabi/10.3.1/thumb/v8-m.main+fp/hard/crtbegin.o

.ARM.extab      0x0000000008042360        0x0
                0x0000000008042360                . = ALIGN (0x8)
 *(.ARM.extab* .gnu.linkonce.armextab.*)
                0x0000000008042360                . = ALIGN (0x8)

.ARM            0x0000000008042360        0x0
                0x0000000008042360                . = ALIGN (0x8)
                0x0000000008042360                __exidx_start = .
 *(.ARM.exidx*)
                0x0000000008042360                __exidx_end = .
                0x0000000008042360                . = ALIGN (0x8)

.preinit_array  0x0000000008042360        0x0
                0x0000000008042360                . = ALIGN (0x8)
                0x0000000008042360                PROVIDE (__preinit_array_start = .)
 *(.preinit_array*)
                0x0000000008042360                PROVIDE (__preinit_array_end = .)
                0x0000000008042360                . = ALIGN (0x8)

.init_array     0x0000000008042360        0x8
                0x0000000008042360                . = ALIGN (0x8)
                0x0000000008042360                PROVIDE (__init_array_start = .)
 *(SORT_BY_NAME(.init_array.*))
 *(.init_array*)
 .init_array    0x0000000008042360        0x4 /home/cspl/st/stm32cubeide_1.12.0/plugins/com.st.stm32cube.ide.mcu.externaltools.gnu-tools-for-stm32.10.3-2021.10.linux64_1.0.200.202301161003/tools/bin/../lib/gcc/arm-none-eabi/10.3.1/thumb/v8-m.main+fp/hard/crtbegin.o
                0x0000000008042364                PROVIDE (__init_array_end = .)
                0x0000000008042368                . = ALIGN (0x8)
 *fill*         0x0000000008042364        0x4 

.fini_array     0x0000000008042368        0x8
                0x0000000008042368                . = ALIGN (0x8)
                [!provide]                        PROVIDE (__fini_array_start = .)
 *(SORT_BY_NAME(.fini_array.*))
 *(.fini_array*)
 .fini_array    0x0000000008042368        0x4 /home/cspl/st/stm32cubeide_1.12.0/plugins/com.st.stm32cube.ide.mcu.externaltools.gnu-tools-for-stm32.10.3-2021.10.linux64_1.0.200.202301161003/tools/bin/../lib/gcc/arm-none-eabi/10.3.1/thumb/v8-m.main+fp/hard/crtbegin.o
                [!provide]                        PROVIDE (__fini_array_end = .)
                0x0000000008042370                . = ALIGN (0x8)
 *fill*         0x000000000804236c        0x4 
                0x0000000008042370                _sidata = LOADADDR (.data)

.data           0x0000000020018000       0x18 load address 0x0000000008042370
                0x0000000020018000                . = ALIGN (0x8)
                0x0000000020018000                _sdata = .
 *(.data)
 *(.data*)
 .data.LED_PIN  0x0000000020018000        0x4 ./Drivers/BSP/STM32L562E-DK/stm32l562e_discovery.o
 .data.LED_PORT
                0x0000000020018004        0x8 ./Drivers/BSP/STM32L562E-DK/stm32l562e_discovery.o
 .data.SystemCoreClock
                0x000000002001800c        0x4 ./Drivers/CMSIS/system_stm32l5xx_ns.o
                0x000000002001800c                SystemCoreClock
 .data.uwTickPrio
                0x0000000020018010        0x4 ./Drivers/STM32L5xx_HAL_Driver/stm32l5xx_hal.o
                0x0000000020018010                uwTickPrio
 .data.uwTickFreq
                0x0000000020018014        0x1 ./Drivers/STM32L5xx_HAL_Driver/stm32l5xx_hal.o
                0x0000000020018014                uwTickFreq
                0x0000000020018018                . = ALIGN (0x8)
 *fill*         0x0000000020018015        0x3 
                0x0000000020018018                _edata = .

.igot.plt       0x0000000020018018        0x0 load address 0x0000000008042388
 .igot.plt      0x0000000020018018        0x0 /home/cspl/st/stm32cubeide_1.12.0/plugins/com.st.stm32cube.ide.mcu.externaltools.gnu-tools-for-stm32.10.3-2021.10.linux64_1.0.200.202301161003/tools/bin/../lib/gcc/arm-none-eabi/10.3.1/thumb/v8-m.main+fp/hard/crtbegin.o
                0x0000000020018018                . = ALIGN (0x8)

.bss            0x0000000020018018       0x70 load address 0x0000000008042388
                0x0000000020018018                _sbss = .
                0x0000000020018018                __bss_start__ = _sbss
 *(.bss)
 .bss           0x0000000020018018       0x1c /home/cspl/st/stm32cubeide_1.12.0/plugins/com.st.stm32cube.ide.mcu.externaltools.gnu-tools-for-stm32.10.3-2021.10.linux64_1.0.200.202301161003/tools/bin/../lib/gcc/arm-none-eabi/10.3.1/thumb/v8-m.main+fp/hard/crtbegin.o
 *(.bss*)
 .bss.uwTick    0x0000000020018034        0x4 ./Drivers/STM32L5xx_HAL_Driver/stm32l5xx_hal.o
                0x0000000020018034                uwTick
 .bss.htim16    0x0000000020018038       0x4c ./Example/User/Core/main.o
                0x0000000020018038                htim16
 .bss.jump_ns   0x0000000020018084        0x4 ./Example/User/Core/main.o
                0x0000000020018084                jump_ns
 *(COMMON)
                0x0000000020018088                . = ALIGN (0x8)
                0x0000000020018088                _ebss = .
                0x0000000020018088                __bss_end__ = _ebss

._user_heap_stack
                0x0000000020018088     0x3000 load address 0x0000000008042388
                0x0000000020018088                . = ALIGN (0x8)
                [!provide]                        PROVIDE (end = .)
                0x0000000020018088                PROVIDE (_end = .)
                0x0000000020019088                . = (. + _Min_Heap_Size)
 *fill*         0x0000000020018088     0x1000 
                0x000000002001b088                . = (. + _Min_Stack_Size)
 *fill*         0x0000000020019088     0x2000 
                0x000000002001b088                . = ALIGN (0x8)

/DISCARD/
 libc.a(*)
 libm.a(*)
 libgcc.a(*)

.ARM.attributes
                0x0000000000000000       0x36
 *(.ARM.attributes)
 .ARM.attributes
                0x0000000000000000       0x22 /home/cspl/st/stm32cubeide_1.12.0/plugins/com.st.stm32cube.ide.mcu.externaltools.gnu-tools-for-stm32.10.3-2021.10.linux64_1.0.200.202301161003/tools/bin/../lib/gcc/arm-none-eabi/10.3.1/thumb/v8-m.main+fp/hard/crti.o
 .ARM.attributes
                0x0000000000000022       0x38 /home/cspl/st/stm32cubeide_1.12.0/plugins/com.st.stm32cube.ide.mcu.externaltools.gnu-tools-for-stm32.10.3-2021.10.linux64_1.0.200.202301161003/tools/bin/../lib/gcc/arm-none-eabi/10.3.1/thumb/v8-m.main+fp/hard/crtbegin.o
 .ARM.attributes
                0x000000000000005a       0x3a ./Drivers/BSP/STM32L562E-DK/stm32l562e_discovery.o
 .ARM.attributes
                0x0000000000000094       0x3a ./Drivers/CMSIS/system_stm32l5xx_ns.o
 .ARM.attributes
                0x00000000000000ce       0x3a ./Drivers/STM32L5xx_HAL_Driver/stm32l5xx_hal.o
 .ARM.attributes
                0x0000000000000108       0x3a ./Drivers/STM32L5xx_HAL_Driver/stm32l5xx_hal_cortex.o
 .ARM.attributes
                0x0000000000000142       0x3a ./Drivers/STM32L5xx_HAL_Driver/stm32l5xx_hal_gpio.o
 .ARM.attributes
                0x000000000000017c       0x3a ./Drivers/STM32L5xx_HAL_Driver/stm32l5xx_hal_pwr_ex.o
 .ARM.attributes
                0x00000000000001b6       0x3a ./Drivers/STM32L5xx_HAL_Driver/stm32l5xx_hal_rcc.o
 .ARM.attributes
                0x00000000000001f0       0x3a ./Drivers/STM32L5xx_HAL_Driver/stm32l5xx_hal_tim.o
 .ARM.attributes
                0x000000000000022a       0x3a ./Drivers/STM32L5xx_HAL_Driver/stm32l5xx_hal_tim_ex.o
 .ARM.attributes
                0x0000000000000264       0x3a ./Example/User/Core/main.o
 .ARM.attributes
                0x000000000000029e       0x3a ./Example/User/Core/stm32l5xx_hal_msp.o
 .ARM.attributes
                0x00000000000002d8       0x3a ./Example/User/Core/stm32l5xx_it.o
 .ARM.attributes
                0x0000000000000312       0x24 ./Example/User/Startup/startup_stm32l562qeixq.o
 .ARM.attributes
                0x0000000000000336       0x38 /home/cspl/st/stm32cubeide_1.12.0/plugins/com.st.stm32cube.ide.mcu.externaltools.gnu-tools-for-stm32.10.3-2021.10.linux64_1.0.200.202301161003/tools/bin/../lib/gcc/arm-none-eabi/10.3.1/../../../../arm-none-eabi/lib/thumb/v8-m.main+fp/hard/libc_nano.a(lib_a-init.o)
 .ARM.attributes
                0x000000000000036e       0x38 /home/cspl/st/stm32cubeide_1.12.0/plugins/com.st.stm32cube.ide.mcu.externaltools.gnu-tools-for-stm32.10.3-2021.10.linux64_1.0.200.202301161003/tools/bin/../lib/gcc/arm-none-eabi/10.3.1/../../../../arm-none-eabi/lib/thumb/v8-m.main+fp/hard/libc_nano.a(lib_a-memset.o)
 .ARM.attributes
                0x00000000000003a6       0x22 /home/cspl/st/stm32cubeide_1.12.0/plugins/com.st.stm32cube.ide.mcu.externaltools.gnu-tools-for-stm32.10.3-2021.10.linux64_1.0.200.202301161003/tools/bin/../lib/gcc/arm-none-eabi/10.3.1/thumb/v8-m.main+fp/hard/crtn.o
OUTPUT(FatFs_uSD_TrustZone_NonSecure.elf elf32-littlearm)
LOAD linker stubs
LOAD /home/cspl/st/stm32cubeide_1.12.0/plugins/com.st.stm32cube.ide.mcu.externaltools.gnu-tools-for-stm32.10.3-2021.10.linux64_1.0.200.202301161003/tools/bin/../lib/gcc/arm-none-eabi/10.3.1/../../../../arm-none-eabi/lib/thumb/v8-m.main+fp/hard/libc.a
LOAD /home/cspl/st/stm32cubeide_1.12.0/plugins/com.st.stm32cube.ide.mcu.externaltools.gnu-tools-for-stm32.10.3-2021.10.linux64_1.0.200.202301161003/tools/bin/../lib/gcc/arm-none-eabi/10.3.1/../../../../arm-none-eabi/lib/thumb/v8-m.main+fp/hard/libm.a
LOAD /home/cspl/st/stm32cubeide_1.12.0/plugins/com.st.stm32cube.ide.mcu.externaltools.gnu-tools-for-stm32.10.3-2021.10.linux64_1.0.200.202301161003/tools/bin/../lib/gcc/arm-none-eabi/10.3.1/thumb/v8-m.main+fp/hard/libgcc.a

.debug_info     0x0000000000000000     0xd05a
 .debug_info    0x0000000000000000     0x1b65 ./Drivers/BSP/STM32L562E-DK/stm32l562e_discovery.o
 .debug_info    0x0000000000001b65      0x188 ./Drivers/CMSIS/system_stm32l5xx_ns.o
 .debug_info    0x0000000000001ced      0xd55 ./Drivers/STM32L5xx_HAL_Driver/stm32l5xx_hal.o
 .debug_info    0x0000000000002a42     0x1189 ./Drivers/STM32L5xx_HAL_Driver/stm32l5xx_hal_cortex.o
 .debug_info    0x0000000000003bcb      0x655 ./Drivers/STM32L5xx_HAL_Driver/stm32l5xx_hal_gpio.o
 .debug_info    0x0000000000004220      0xdf9 ./Drivers/STM32L5xx_HAL_Driver/stm32l5xx_hal_pwr_ex.o
 .debug_info    0x0000000000005019     0x1083 ./Drivers/STM32L5xx_HAL_Driver/stm32l5xx_hal_rcc.o
 .debug_info    0x000000000000609c     0x2e46 ./Drivers/STM32L5xx_HAL_Driver/stm32l5xx_hal_tim.o
 .debug_info    0x0000000000008ee2     0x1a0e ./Drivers/STM32L5xx_HAL_Driver/stm32l5xx_hal_tim_ex.o
 .debug_info    0x000000000000a8f0     0x1031 ./Example/User/Core/main.o
 .debug_info    0x000000000000b921      0xe6a ./Example/User/Core/stm32l5xx_hal_msp.o
 .debug_info    0x000000000000c78b      0x8ad ./Example/User/Core/stm32l5xx_it.o
 .debug_info    0x000000000000d038       0x22 ./Example/User/Startup/startup_stm32l562qeixq.o

.debug_abbrev   0x0000000000000000     0x1bda
 .debug_abbrev  0x0000000000000000      0x30e ./Drivers/BSP/STM32L562E-DK/stm32l562e_discovery.o
 .debug_abbrev  0x000000000000030e       0xc0 ./Drivers/CMSIS/system_stm32l5xx_ns.o
 .debug_abbrev  0x00000000000003ce      0x2c3 ./Drivers/STM32L5xx_HAL_Driver/stm32l5xx_hal.o
 .debug_abbrev  0x0000000000000691      0x31d ./Drivers/STM32L5xx_HAL_Driver/stm32l5xx_hal_cortex.o
 .debug_abbrev  0x00000000000009ae      0x1b2 ./Drivers/STM32L5xx_HAL_Driver/stm32l5xx_hal_gpio.o
 .debug_abbrev  0x0000000000000b60      0x283 ./Drivers/STM32L5xx_HAL_Driver/stm32l5xx_hal_pwr_ex.o
 .debug_abbrev  0x0000000000000de3      0x2ee ./Drivers/STM32L5xx_HAL_Driver/stm32l5xx_hal_rcc.o
 .debug_abbrev  0x00000000000010d1      0x264 ./Drivers/STM32L5xx_HAL_Driver/stm32l5xx_hal_tim.o
 .debug_abbrev  0x0000000000001335      0x281 ./Drivers/STM32L5xx_HAL_Driver/stm32l5xx_hal_tim_ex.o
 .debug_abbrev  0x00000000000015b6      0x2cf ./Example/User/Core/main.o
 .debug_abbrev  0x0000000000001885      0x1bf ./Example/User/Core/stm32l5xx_hal_msp.o
 .debug_abbrev  0x0000000000001a44      0x184 ./Example/User/Core/stm32l5xx_it.o
 .debug_abbrev  0x0000000000001bc8       0x12 ./Example/User/Startup/startup_stm32l562qeixq.o

.debug_aranges  0x0000000000000000      0xc90
 .debug_aranges
                0x0000000000000000       0xc8 ./Drivers/BSP/STM32L562E-DK/stm32l562e_discovery.o
 .debug_aranges
                0x00000000000000c8       0x28 ./Drivers/CMSIS/system_stm32l5xx_ns.o
 .debug_aranges
                0x00000000000000f0      0x130 ./Drivers/STM32L5xx_HAL_Driver/stm32l5xx_hal.o
 .debug_aranges
                0x0000000000000220      0x130 ./Drivers/STM32L5xx_HAL_Driver/stm32l5xx_hal_cortex.o
 .debug_aranges
                0x0000000000000350       0x60 ./Drivers/STM32L5xx_HAL_Driver/stm32l5xx_hal_gpio.o
 .debug_aranges
                0x00000000000003b0      0x1b8 ./Drivers/STM32L5xx_HAL_Driver/stm32l5xx_hal_pwr_ex.o
 .debug_aranges
                0x0000000000000568       0xa8 ./Drivers/STM32L5xx_HAL_Driver/stm32l5xx_hal_rcc.o
 .debug_aranges
                0x0000000000000610      0x3e0 ./Drivers/STM32L5xx_HAL_Driver/stm32l5xx_hal_tim.o
 .debug_aranges
                0x00000000000009f0      0x190 ./Drivers/STM32L5xx_HAL_Driver/stm32l5xx_hal_tim_ex.o
 .debug_aranges
                0x0000000000000b80       0x58 ./Example/User/Core/main.o
 .debug_aranges
                0x0000000000000bd8       0x28 ./Example/User/Core/stm32l5xx_hal_msp.o
 .debug_aranges
                0x0000000000000c00       0x68 ./Example/User/Core/stm32l5xx_it.o
 .debug_aranges
                0x0000000000000c68       0x28 ./Example/User/Startup/startup_stm32l562qeixq.o

.debug_ranges   0x0000000000000000      0xbc8
 .debug_ranges  0x0000000000000000       0xb8 ./Drivers/BSP/STM32L562E-DK/stm32l562e_discovery.o
 .debug_ranges  0x00000000000000b8       0x18 ./Drivers/CMSIS/system_stm32l5xx_ns.o
 .debug_ranges  0x00000000000000d0      0x120 ./Drivers/STM32L5xx_HAL_Driver/stm32l5xx_hal.o
 .debug_ranges  0x00000000000001f0      0x120 ./Drivers/STM32L5xx_HAL_Driver/stm32l5xx_hal_cortex.o
 .debug_ranges  0x0000000000000310       0x50 ./Drivers/STM32L5xx_HAL_Driver/stm32l5xx_hal_gpio.o
 .debug_ranges  0x0000000000000360      0x1a8 ./Drivers/STM32L5xx_HAL_Driver/stm32l5xx_hal_pwr_ex.o
 .debug_ranges  0x0000000000000508       0x98 ./Drivers/STM32L5xx_HAL_Driver/stm32l5xx_hal_rcc.o
 .debug_ranges  0x00000000000005a0      0x3d0 ./Drivers/STM32L5xx_HAL_Driver/stm32l5xx_hal_tim.o
 .debug_ranges  0x0000000000000970      0x180 ./Drivers/STM32L5xx_HAL_Driver/stm32l5xx_hal_tim_ex.o
 .debug_ranges  0x0000000000000af0       0x48 ./Example/User/Core/main.o
 .debug_ranges  0x0000000000000b38       0x18 ./Example/User/Core/stm32l5xx_hal_msp.o
 .debug_ranges  0x0000000000000b50       0x58 ./Example/User/Core/stm32l5xx_it.o
 .debug_ranges  0x0000000000000ba8       0x20 ./Example/User/Startup/startup_stm32l562qeixq.o

.debug_macro    0x0000000000000000    0x2b8fa
 .debug_macro   0x0000000000000000      0x282 ./Drivers/BSP/STM32L562E-DK/stm32l562e_discovery.o
 .debug_macro   0x0000000000000282      0x1ad ./Drivers/BSP/STM32L562E-DK/stm32l562e_discovery.o
 .debug_macro   0x000000000000042f       0x2e ./Drivers/BSP/STM32L562E-DK/stm32l562e_discovery.o
 .debug_macro   0x000000000000045d       0x42 ./Drivers/BSP/STM32L562E-DK/stm32l562e_discovery.o
 .debug_macro   0x000000000000049f       0x1c ./Drivers/BSP/STM32L562E-DK/stm32l562e_discovery.o
 .debug_macro   0x00000000000004bb       0x29 ./Drivers/BSP/STM32L562E-DK/stm32l562e_discovery.o
 .debug_macro   0x00000000000004e4       0xfb ./Drivers/BSP/STM32L562E-DK/stm32l562e_discovery.o
 .debug_macro   0x00000000000005df     0x1336 ./Drivers/BSP/STM32L562E-DK/stm32l562e_discovery.o
 .debug_macro   0x0000000000001915       0x5e ./Drivers/BSP/STM32L562E-DK/stm32l562e_discovery.o
 .debug_macro   0x0000000000001973    0x1bca6 ./Drivers/BSP/STM32L562E-DK/stm32l562e_discovery.o
 .debug_macro   0x000000000001d619       0x6c ./Drivers/BSP/STM32L562E-DK/stm32l562e_discovery.o
 .debug_macro   0x000000000001d685     0x3535 ./Drivers/BSP/STM32L562E-DK/stm32l562e_discovery.o
 .debug_macro   0x0000000000020bba       0x5c ./Drivers/BSP/STM32L562E-DK/stm32l562e_discovery.o
 .debug_macro   0x0000000000020c16     0x19cd ./Drivers/BSP/STM32L562E-DK/stm32l562e_discovery.o
 .debug_macro   0x00000000000225e3      0xa52 ./Drivers/BSP/STM32L562E-DK/stm32l562e_discovery.o
 .debug_macro   0x0000000000023035      0x1cf ./Drivers/BSP/STM32L562E-DK/stm32l562e_discovery.o
 .debug_macro   0x0000000000023204      0x1d8 ./Drivers/BSP/STM32L562E-DK/stm32l562e_discovery.o
 .debug_macro   0x00000000000233dc      0x4e1 ./Drivers/BSP/STM32L562E-DK/stm32l562e_discovery.o
 .debug_macro   0x00000000000238bd      0x1ab ./Drivers/BSP/STM32L562E-DK/stm32l562e_discovery.o
 .debug_macro   0x0000000000023a68       0x4a ./Drivers/BSP/STM32L562E-DK/stm32l562e_discovery.o
 .debug_macro   0x0000000000023ab2      0x1b9 ./Drivers/BSP/STM32L562E-DK/stm32l562e_discovery.o
 .debug_macro   0x0000000000023c6b      0xecd ./Drivers/BSP/STM32L562E-DK/stm32l562e_discovery.o
 .debug_macro   0x0000000000024b38      0x608 ./Drivers/BSP/STM32L562E-DK/stm32l562e_discovery.o
 .debug_macro   0x0000000000025140      0x2e9 ./Drivers/BSP/STM32L562E-DK/stm32l562e_discovery.o
 .debug_macro   0x0000000000025429      0x230 ./Drivers/BSP/STM32L562E-DK/stm32l562e_discovery.o
 .debug_macro   0x0000000000025659      0x3bb ./Drivers/BSP/STM32L562E-DK/stm32l562e_discovery.o
 .debug_macro   0x0000000000025a14       0x36 ./Drivers/BSP/STM32L562E-DK/stm32l562e_discovery.o
 .debug_macro   0x0000000000025a4a      0x11c ./Drivers/BSP/STM32L562E-DK/stm32l562e_discovery.o
 .debug_macro   0x0000000000025b66      0x325 ./Drivers/BSP/STM32L562E-DK/stm32l562e_discovery.o
 .debug_macro   0x0000000000025e8b      0x22c ./Drivers/BSP/STM32L562E-DK/stm32l562e_discovery.o
 .debug_macro   0x00000000000260b7       0x5b ./Drivers/BSP/STM32L562E-DK/stm32l562e_discovery.o
 .debug_macro   0x0000000000026112       0xa5 ./Drivers/BSP/STM32L562E-DK/stm32l562e_discovery.o
 .debug_macro   0x00000000000261b7       0xc8 ./Drivers/BSP/STM32L562E-DK/stm32l562e_discovery.o
 .debug_macro   0x000000000002627f      0x199 ./Drivers/BSP/STM32L562E-DK/stm32l562e_discovery.o
 .debug_macro   0x0000000000026418      0x487 ./Drivers/BSP/STM32L562E-DK/stm32l562e_discovery.o
 .debug_macro   0x000000000002689f      0x81b ./Drivers/BSP/STM32L562E-DK/stm32l562e_discovery.o
 .debug_macro   0x00000000000270ba      0x1ce ./Drivers/BSP/STM32L562E-DK/stm32l562e_discovery.o
 .debug_macro   0x0000000000027288      0x332 ./Drivers/BSP/STM32L562E-DK/stm32l562e_discovery.o
 .debug_macro   0x00000000000275ba      0xab4 ./Drivers/BSP/STM32L562E-DK/stm32l562e_discovery.o
 .debug_macro   0x000000000002806e      0x184 ./Drivers/BSP/STM32L562E-DK/stm32l562e_discovery.o
 .debug_macro   0x00000000000281f2      0x693 ./Drivers/BSP/STM32L562E-DK/stm32l562e_discovery.o
 .debug_macro   0x0000000000028885       0xa6 ./Drivers/BSP/STM32L562E-DK/stm32l562e_discovery.o
 .debug_macro   0x000000000002892b      0x3f1 ./Drivers/BSP/STM32L562E-DK/stm32l562e_discovery.o
 .debug_macro   0x0000000000028d1c       0x46 ./Drivers/BSP/STM32L562E-DK/stm32l562e_discovery.o
 .debug_macro   0x0000000000028d62       0x94 ./Drivers/BSP/STM32L562E-DK/stm32l562e_discovery.o
 .debug_macro   0x0000000000028df6      0x184 ./Drivers/BSP/STM32L562E-DK/stm32l562e_discovery.o
 .debug_macro   0x0000000000028f7a      0x25b ./Drivers/CMSIS/system_stm32l5xx_ns.o
 .debug_macro   0x00000000000291d5      0x28b ./Drivers/STM32L5xx_HAL_Driver/stm32l5xx_hal.o
 .debug_macro   0x0000000000029460      0x25b ./Drivers/STM32L5xx_HAL_Driver/stm32l5xx_hal_cortex.o
 .debug_macro   0x00000000000296bb      0x261 ./Drivers/STM32L5xx_HAL_Driver/stm32l5xx_hal_gpio.o
 .debug_macro   0x000000000002991c      0x28b ./Drivers/STM32L5xx_HAL_Driver/stm32l5xx_hal_pwr_ex.o
 .debug_macro   0x0000000000029ba7      0x285 ./Drivers/STM32L5xx_HAL_Driver/stm32l5xx_hal_rcc.o
 .debug_macro   0x0000000000029e2c      0x25c ./Drivers/STM32L5xx_HAL_Driver/stm32l5xx_hal_tim.o
 .debug_macro   0x000000000002a088      0x261 ./Drivers/STM32L5xx_HAL_Driver/stm32l5xx_hal_tim_ex.o
 .debug_macro   0x000000000002a2e9      0x3c8 ./Example/User/Core/main.o
 .debug_macro   0x000000000002a6b1       0x4c ./Example/User/Core/main.o
 .debug_macro   0x000000000002a6fd       0x6a ./Example/User/Core/main.o
 .debug_macro   0x000000000002a767       0x16 ./Example/User/Core/main.o
 .debug_macro   0x000000000002a77d       0x7c ./Example/User/Core/main.o
 .debug_macro   0x000000000002a7f9       0xeb ./Example/User/Core/main.o
 .debug_macro   0x000000000002a8e4       0x1e ./Example/User/Core/main.o
 .debug_macro   0x000000000002a902       0x52 ./Example/User/Core/main.o
 .debug_macro   0x000000000002a954       0x3c ./Example/User/Core/main.o
 .debug_macro   0x000000000002a990       0x34 ./Example/User/Core/main.o
 .debug_macro   0x000000000002a9c4       0x16 ./Example/User/Core/main.o
 .debug_macro   0x000000000002a9da       0x35 ./Example/User/Core/main.o
 .debug_macro   0x000000000002aa0f       0x16 ./Example/User/Core/main.o
 .debug_macro   0x000000000002aa25       0x43 ./Example/User/Core/main.o
 .debug_macro   0x000000000002aa68       0x34 ./Example/User/Core/main.o
 .debug_macro   0x000000000002aa9c       0x10 ./Example/User/Core/main.o
 .debug_macro   0x000000000002aaac       0x58 ./Example/User/Core/main.o
 .debug_macro   0x000000000002ab04       0x71 ./Example/User/Core/main.o
 .debug_macro   0x000000000002ab75       0x1c ./Example/User/Core/main.o
 .debug_macro   0x000000000002ab91      0x12a ./Example/User/Core/main.o
 .debug_macro   0x000000000002acbb      0x341 ./Example/User/Core/main.o
 .debug_macro   0x000000000002affc       0x16 ./Example/User/Core/main.o
 .debug_macro   0x000000000002b012       0x29 ./Example/User/Core/main.o
 .debug_macro   0x000000000002b03b       0x12 ./Example/User/Core/main.o
 .debug_macro   0x000000000002b04d       0xe2 ./Example/User/Core/main.o
 .debug_macro   0x000000000002b12f      0x18a ./Example/User/Core/main.o
 .debug_macro   0x000000000002b2b9       0x28 ./Example/User/Core/main.o
 .debug_macro   0x000000000002b2e1      0x25b ./Example/User/Core/stm32l5xx_hal_msp.o
 .debug_macro   0x000000000002b53c      0x3be ./Example/User/Core/stm32l5xx_it.o

.debug_line     0x0000000000000000     0xdec4
 .debug_line    0x0000000000000000      0xccb ./Drivers/BSP/STM32L562E-DK/stm32l562e_discovery.o
 .debug_line    0x0000000000000ccb      0x86e ./Drivers/CMSIS/system_stm32l5xx_ns.o
 .debug_line    0x0000000000001539      0xc5f ./Drivers/STM32L5xx_HAL_Driver/stm32l5xx_hal.o
 .debug_line    0x0000000000002198      0xe57 ./Drivers/STM32L5xx_HAL_Driver/stm32l5xx_hal_cortex.o
 .debug_line    0x0000000000002fef      0xca4 ./Drivers/STM32L5xx_HAL_Driver/stm32l5xx_hal_gpio.o
 .debug_line    0x0000000000003c93     0x1013 ./Drivers/STM32L5xx_HAL_Driver/stm32l5xx_hal_pwr_ex.o
 .debug_line    0x0000000000004ca6     0x139f ./Drivers/STM32L5xx_HAL_Driver/stm32l5xx_hal_rcc.o
 .debug_line    0x0000000000006045     0x3eae ./Drivers/STM32L5xx_HAL_Driver/stm32l5xx_hal_tim.o
 .debug_line    0x0000000000009ef3     0x1e52 ./Drivers/STM32L5xx_HAL_Driver/stm32l5xx_hal_tim_ex.o
 .debug_line    0x000000000000bd45      0xc73 ./Example/User/Core/main.o
 .debug_line    0x000000000000c9b8      0x89a ./Example/User/Core/stm32l5xx_hal_msp.o
 .debug_line    0x000000000000d252      0xbe2 ./Example/User/Core/stm32l5xx_it.o
 .debug_line    0x000000000000de34       0x90 ./Example/User/Startup/startup_stm32l562qeixq.o

.debug_str      0x0000000000000000   0x127164
 .debug_str     0x0000000000000000   0x1203af ./Drivers/BSP/STM32L562E-DK/stm32l562e_discovery.o
                                     0x120983 (size before relaxing)
 .debug_str     0x00000000001203af       0xc8 ./Drivers/CMSIS/system_stm32l5xx_ns.o
                                     0x11e9ab (size before relaxing)
 .debug_str     0x0000000000120477      0x60a ./Drivers/STM32L5xx_HAL_Driver/stm32l5xx_hal.o
                                     0x11f7e6 (size before relaxing)
 .debug_str     0x0000000000120a81      0x4a6 ./Drivers/STM32L5xx_HAL_Driver/stm32l5xx_hal_cortex.o
                                     0x11f5ed (size before relaxing)
 .debug_str     0x0000000000120f27      0x1ab ./Drivers/STM32L5xx_HAL_Driver/stm32l5xx_hal_gpio.o
                                     0x11ebd9 (size before relaxing)
 .debug_str     0x00000000001210d2      0x788 ./Drivers/STM32L5xx_HAL_Driver/stm32l5xx_hal_pwr_ex.o
                                     0x11f3b5 (size before relaxing)
 .debug_str     0x000000000012185a      0x5cf ./Drivers/STM32L5xx_HAL_Driver/stm32l5xx_hal_rcc.o
                                     0x11f26a (size before relaxing)
 .debug_str     0x0000000000121e29     0x121c ./Drivers/STM32L5xx_HAL_Driver/stm32l5xx_hal_tim.o
                                     0x11ff9e (size before relaxing)
 .debug_str     0x0000000000123045      0x711 ./Drivers/STM32L5xx_HAL_Driver/stm32l5xx_hal_tim_ex.o
                                     0x11f947 (size before relaxing)
 .debug_str     0x0000000000123756     0x3851 ./Example/User/Core/main.o
                                     0x123833 (size before relaxing)
 .debug_str     0x0000000000126fa7       0x6e ./Example/User/Core/stm32l5xx_hal_msp.o
                                     0x11f79d (size before relaxing)
 .debug_str     0x0000000000127015      0x110 ./Example/User/Core/stm32l5xx_it.o
                                     0x12335b (size before relaxing)
 .debug_str     0x0000000000127125       0x3f ./Example/User/Startup/startup_stm32l562qeixq.o
                                         0x99 (size before relaxing)

.comment        0x0000000000000000       0x50
 .comment       0x0000000000000000       0x50 ./Drivers/BSP/STM32L562E-DK/stm32l562e_discovery.o
                                         0x51 (size before relaxing)
 .comment       0x0000000000000050       0x51 ./Drivers/CMSIS/system_stm32l5xx_ns.o
 .comment       0x0000000000000050       0x51 ./Drivers/STM32L5xx_HAL_Driver/stm32l5xx_hal.o
 .comment       0x0000000000000050       0x51 ./Drivers/STM32L5xx_HAL_Driver/stm32l5xx_hal_cortex.o
 .comment       0x0000000000000050       0x51 ./Drivers/STM32L5xx_HAL_Driver/stm32l5xx_hal_gpio.o
 .comment       0x0000000000000050       0x51 ./Drivers/STM32L5xx_HAL_Driver/stm32l5xx_hal_pwr_ex.o
 .comment       0x0000000000000050       0x51 ./Drivers/STM32L5xx_HAL_Driver/stm32l5xx_hal_rcc.o
 .comment       0x0000000000000050       0x51 ./Drivers/STM32L5xx_HAL_Driver/stm32l5xx_hal_tim.o
 .comment       0x0000000000000050       0x51 ./Drivers/STM32L5xx_HAL_Driver/stm32l5xx_hal_tim_ex.o
 .comment       0x0000000000000050       0x51 ./Example/User/Core/main.o
 .comment       0x0000000000000050       0x51 ./Example/User/Core/stm32l5xx_hal_msp.o
 .comment       0x0000000000000050       0x51 ./Example/User/Core/stm32l5xx_it.o

.debug_frame    0x0000000000000000     0x33f0
 .debug_frame   0x0000000000000000      0x31c ./Drivers/BSP/STM32L562E-DK/stm32l562e_discovery.o
 .debug_frame   0x000000000000031c       0x4c ./Drivers/CMSIS/system_stm32l5xx_ns.o
 .debug_frame   0x0000000000000368      0x4a4 ./Drivers/STM32L5xx_HAL_Driver/stm32l5xx_hal.o
 .debug_frame   0x000000000000080c      0x508 ./Drivers/STM32L5xx_HAL_Driver/stm32l5xx_hal_cortex.o
 .debug_frame   0x0000000000000d14      0x174 ./Drivers/STM32L5xx_HAL_Driver/stm32l5xx_hal_gpio.o
 .debug_frame   0x0000000000000e88      0x6fc ./Drivers/STM32L5xx_HAL_Driver/stm32l5xx_hal_pwr_ex.o
 .debug_frame   0x0000000000001584      0x298 ./Drivers/STM32L5xx_HAL_Driver/stm32l5xx_hal_rcc.o
 .debug_frame   0x000000000000181c     0x121c ./Drivers/STM32L5xx_HAL_Driver/stm32l5xx_hal_tim.o
 .debug_frame   0x0000000000002a38      0x6fc ./Drivers/STM32L5xx_HAL_Driver/stm32l5xx_hal_tim_ex.o
 .debug_frame   0x0000000000003134      0x100 ./Example/User/Core/main.o
 .debug_frame   0x0000000000003234       0x58 ./Example/User/Core/stm32l5xx_hal_msp.o
 .debug_frame   0x000000000000328c      0x118 ./Example/User/Core/stm32l5xx_it.o
 .debug_frame   0x00000000000033a4       0x2c /home/cspl/st/stm32cubeide_1.12.0/plugins/com.st.stm32cube.ide.mcu.externaltools.gnu-tools-for-stm32.10.3-2021.10.linux64_1.0.200.202301161003/tools/bin/../lib/gcc/arm-none-eabi/10.3.1/../../../../arm-none-eabi/lib/thumb/v8-m.main+fp/hard/libc_nano.a(lib_a-init.o)
 .debug_frame   0x00000000000033d0       0x20 /home/cspl/st/stm32cubeide_1.12.0/plugins/com.st.stm32cube.ide.mcu.externaltools.gnu-tools-for-stm32.10.3-2021.10.linux64_1.0.200.202301161003/tools/bin/../lib/gcc/arm-none-eabi/10.3.1/../../../../arm-none-eabi/lib/thumb/v8-m.main+fp/hard/libc_nano.a(lib_a-memset.o)
