/home/cspl/STM32CubeIDE/workspace_tinyml/FatFs_uSD_TrustZone/Secure/Src/main.c:73:20:jump_secure	16	static
/home/cspl/STM32CubeIDE/workspace_tinyml/FatFs_uSD_TrustZone/Secure/Src/main.c:81:5:main	40	static
/home/cspl/STM32CubeIDE/workspace_tinyml/FatFs_uSD_TrustZone/Secure/Src/main.c:252:17:Secure_task	24	static
/home/cspl/STM32CubeIDE/workspace_tinyml/FatFs_uSD_TrustZone/Secure/Src/main.c:263:6:HAL_TIM_PeriodElapsedCallback	16	static
/home/cspl/STM32CubeIDE/workspace_tinyml/FatFs_uSD_TrustZone/Secure/Src/main.c:276:13:MX_TIM17_Init	8	static
/home/cspl/STM32CubeIDE/workspace_tinyml/FatFs_uSD_TrustZone/Secure/Src/main.c:306:13:MX_GTZC_S_Init	120	static
/home/cspl/STM32CubeIDE/workspace_tinyml/FatFs_uSD_TrustZone/Secure/Src/main.c:370:44:Normal_entry	32	static
/home/cspl/STM32CubeIDE/workspace_tinyml/FatFs_uSD_TrustZone/Secure/Src/main.c:394:13:NonSecure_main	24	static,ignoring_inline_asm
/home/cspl/STM32CubeIDE/workspace_tinyml/FatFs_uSD_TrustZone/Secure/Src/main.c:416:13:SystemIsolation_Config	128	static
/home/cspl/STM32CubeIDE/workspace_tinyml/FatFs_uSD_TrustZone/Secure/Src/main.c:561:13:SystemClock_Config	104	static
