/home/cspl/STM32CubeIDE/workspace_tinyml/FatFs_uSD_TrustZone/Secure/Src/main.c:73:20:jump_secure	16	static
/home/cspl/STM32CubeIDE/workspace_tinyml/FatFs_uSD_TrustZone/Secure/Src/main.c:81:5:main	48	static
/home/cspl/STM32CubeIDE/workspace_tinyml/FatFs_uSD_TrustZone/Secure/Src/main.c:253:17:Secure_task	24	static
/home/cspl/STM32CubeIDE/workspace_tinyml/FatFs_uSD_TrustZone/Secure/Src/main.c:264:6:HAL_TIM_PeriodElapsedCallback	16	static
/home/cspl/STM32CubeIDE/workspace_tinyml/FatFs_uSD_TrustZone/Secure/Src/main.c:282:13:MX_TIM17_Init	8	static
/home/cspl/STM32CubeIDE/workspace_tinyml/FatFs_uSD_TrustZone/Secure/Src/main.c:313:13:MX_GTZC_S_Init	160	static
/home/cspl/STM32CubeIDE/workspace_tinyml/FatFs_uSD_TrustZone/Secure/Src/main.c:426:6:MX_GTZC_S_Init_test	120	static
/home/cspl/STM32CubeIDE/workspace_tinyml/FatFs_uSD_TrustZone/Secure/Src/main.c:490:44:Normal_entry	32	static
/home/cspl/STM32CubeIDE/workspace_tinyml/FatFs_uSD_TrustZone/Secure/Src/main.c:514:13:NonSecure_main	24	static,ignoring_inline_asm
/home/cspl/STM32CubeIDE/workspace_tinyml/FatFs_uSD_TrustZone/Secure/Src/main.c:536:13:SystemIsolation_Config	128	static
/home/cspl/STM32CubeIDE/workspace_tinyml/FatFs_uSD_TrustZone/Secure/Src/main.c:681:13:SystemClock_Config	104	static
