/home/cspl/STM32CubeIDE/workspace_tinyml/FatFs_uSD_TrustZone/Drivers/BSP/STM32L562E-DK/stm32l562e_discovery_sd.c:134:9:BSP_SD_Init	48	static
/home/cspl/STM32CubeIDE/workspace_tinyml/FatFs_uSD_TrustZone/Drivers/BSP/STM32L562E-DK/stm32l562e_discovery_sd.c:213:9:BSP_SD_DeInit	40	static
/home/cspl/STM32CubeIDE/workspace_tinyml/FatFs_uSD_TrustZone/Drivers/BSP/STM32L562E-DK/stm32l562e_discovery_sd.c:253:26:MX_SDMMC1_SD_Init	24	static
/home/cspl/STM32CubeIDE/workspace_tinyml/FatFs_uSD_TrustZone/Drivers/BSP/STM32L562E-DK/stm32l562e_discovery_sd.c:350:9:BSP_SD_DetectITConfig	56	static
/home/cspl/STM32CubeIDE/workspace_tinyml/FatFs_uSD_TrustZone/Drivers/BSP/STM32L562E-DK/stm32l562e_discovery_sd.c:402:13:BSP_SD_DetectCallback	16	static
/home/cspl/STM32CubeIDE/workspace_tinyml/FatFs_uSD_TrustZone/Drivers/BSP/STM32L562E-DK/stm32l562e_discovery_sd.c:417:9:BSP_SD_IsDetected	24	static
/home/cspl/STM32CubeIDE/workspace_tinyml/FatFs_uSD_TrustZone/Drivers/BSP/STM32L562E-DK/stm32l562e_discovery_sd.c:446:6:BSP_SD_DETECT_IRQHandler	16	static
/home/cspl/STM32CubeIDE/workspace_tinyml/FatFs_uSD_TrustZone/Drivers/BSP/STM32L562E-DK/stm32l562e_discovery_sd.c:456:6:BSP_SD_IRQHandler	16	static
/home/cspl/STM32CubeIDE/workspace_tinyml/FatFs_uSD_TrustZone/Drivers/BSP/STM32L562E-DK/stm32l562e_discovery_sd.c:469:9:BSP_SD_ReadBlocks	40	static
/home/cspl/STM32CubeIDE/workspace_tinyml/FatFs_uSD_TrustZone/Drivers/BSP/STM32L562E-DK/stm32l562e_discovery_sd.c:498:9:BSP_SD_WriteBlocks	40	static
/home/cspl/STM32CubeIDE/workspace_tinyml/FatFs_uSD_TrustZone/Drivers/BSP/STM32L562E-DK/stm32l562e_discovery_sd.c:527:9:BSP_SD_ReadBlocks_DMA	32	static
/home/cspl/STM32CubeIDE/workspace_tinyml/FatFs_uSD_TrustZone/Drivers/BSP/STM32L562E-DK/stm32l562e_discovery_sd.c:555:9:BSP_SD_WriteBlocks_DMA	32	static
/home/cspl/STM32CubeIDE/workspace_tinyml/FatFs_uSD_TrustZone/Drivers/BSP/STM32L562E-DK/stm32l562e_discovery_sd.c:583:9:BSP_SD_ReadBlocks_IT	32	static
/home/cspl/STM32CubeIDE/workspace_tinyml/FatFs_uSD_TrustZone/Drivers/BSP/STM32L562E-DK/stm32l562e_discovery_sd.c:611:9:BSP_SD_WriteBlocks_IT	32	static
/home/cspl/STM32CubeIDE/workspace_tinyml/FatFs_uSD_TrustZone/Drivers/BSP/STM32L562E-DK/stm32l562e_discovery_sd.c:638:9:BSP_SD_Erase	32	static
/home/cspl/STM32CubeIDE/workspace_tinyml/FatFs_uSD_TrustZone/Drivers/BSP/STM32L562E-DK/stm32l562e_discovery_sd.c:666:9:BSP_SD_GetCardState	24	static
/home/cspl/STM32CubeIDE/workspace_tinyml/FatFs_uSD_TrustZone/Drivers/BSP/STM32L562E-DK/stm32l562e_discovery_sd.c:688:9:BSP_SD_GetCardInfo	24	static
/home/cspl/STM32CubeIDE/workspace_tinyml/FatFs_uSD_TrustZone/Drivers/BSP/STM32L562E-DK/stm32l562e_discovery_sd.c:713:13:BSP_SD_AbortCallback	16	static
/home/cspl/STM32CubeIDE/workspace_tinyml/FatFs_uSD_TrustZone/Drivers/BSP/STM32L562E-DK/stm32l562e_discovery_sd.c:724:13:BSP_SD_WriteCpltCallback	16	static
/home/cspl/STM32CubeIDE/workspace_tinyml/FatFs_uSD_TrustZone/Drivers/BSP/STM32L562E-DK/stm32l562e_discovery_sd.c:735:13:BSP_SD_ReadCpltCallback	16	static
/home/cspl/STM32CubeIDE/workspace_tinyml/FatFs_uSD_TrustZone/Drivers/BSP/STM32L562E-DK/stm32l562e_discovery_sd.c:751:13:SDMMC1_DETECT_Callback	8	static
/home/cspl/STM32CubeIDE/workspace_tinyml/FatFs_uSD_TrustZone/Drivers/BSP/STM32L562E-DK/stm32l562e_discovery_sd.c:768:13:SD_MspInit	272	static
/home/cspl/STM32CubeIDE/workspace_tinyml/FatFs_uSD_TrustZone/Drivers/BSP/STM32L562E-DK/stm32l562e_discovery_sd.c:830:13:SD_MspDeInit	16	static
/home/cspl/STM32CubeIDE/workspace_tinyml/FatFs_uSD_TrustZone/Drivers/BSP/STM32L562E-DK/stm32l562e_discovery_sd.c:914:6:HAL_SD_AbortCallback	24	static
/home/cspl/STM32CubeIDE/workspace_tinyml/FatFs_uSD_TrustZone/Drivers/BSP/STM32L562E-DK/stm32l562e_discovery_sd.c:933:6:HAL_SD_TxCpltCallback	24	static
/home/cspl/STM32CubeIDE/workspace_tinyml/FatFs_uSD_TrustZone/Drivers/BSP/STM32L562E-DK/stm32l562e_discovery_sd.c:952:6:HAL_SD_RxCpltCallback	24	static
